#
# There is insufficient memory for the Java Runtime Environment to continue.
# Native memory allocation (malloc) failed to allocate 1048576 bytes. Error detail: AllocateHeap
# Possible reasons:
#   The system is out of physical RAM or swap space
#   This process is running with CompressedOops enabled, and the Java Heap may be blocking the growth of the native heap
# Possible solutions:
#   Reduce memory load on the system
#   Increase physical memory or swap space
#   Check if swap backing store is full
#   Decrease Java heap size (-Xmx/-Xms)
#   Decrease number of Java threads
#   Decrease Java thread stack sizes (-Xss)
#   Set larger code cache with -XX:ReservedCodeCacheSize=
#   JVM is running with Unscaled Compressed Oops mode in which the Java heap is
#     placed in the first 4GB address space. The Java Heap base address is the
#     maximum limit for the native heap growth. Please use -XX:HeapBaseMinAddress
#     to set the Java Heap base and to place the Java Heap above 4GB virtual address.
# This output file may be truncated or incomplete.
#
#  Out of Memory Error (allocation.cpp:44), pid=27448, tid=24856
#
# JRE version: OpenJDK Runtime Environment Temurin-21.0.11+10 (21.0.11+10) (build 21.0.11+10-LTS)
# Java VM: OpenJDK 64-Bit Server VM Temurin-21.0.11+10 (21.0.11+10-LTS, mixed mode, sharing, tiered, compressed oops, compressed class ptrs, parallel gc, windows-amd64)
# No core dump will be written. Minidumps are not enabled by default on client versions of Windows
#

---------------  S U M M A R Y ------------

Command Line: --add-modules=ALL-SYSTEM --add-opens=java.base/java.util=ALL-UNNAMED --add-opens=java.base/java.lang=ALL-UNNAMED --add-opens=java.base/sun.nio.fs=ALL-UNNAMED -Declipse.application=org.eclipse.jdt.ls.core.id1 -Dosgi.bundles.defaultStartLevel=4 -Declipse.product=org.eclipse.jdt.ls.core.product -Djava.import.generatesMetadataFilesAtProjectRoot=false -DDetectVMInstallationsJob.disabled=true -Dfile.encoding=utf8 -XX:+UseParallelGC -XX:GCTimeRatio=4 -XX:AdaptiveSizePolicyWeight=90 -Dsun.zip.disableMemoryMapping=true -Xmx2G -Xms100m -Xlog:disable -javaagent:c:\Users\jpten\.vscode\extensions\redhat.java-1.55.0-win32-x64\lombok\lombok-1.18.39-4050.jar -XX:+HeapDumpOnOutOfMemoryError -XX:HeapDumpPath=c:\Users\jpten\AppData\Roaming\Code\User\workspaceStorage\01e5187b9297d594cf14f8df353fd417\redhat.java -Daether.dependencyCollector.impl=bf c:\Users\jpten\.vscode\extensions\redhat.java-1.55.0-win32-x64\server\plugins\org.eclipse.equinox.launcher_1.7.200.v20260619-2039.jar -configuration c:\Users\jpten\AppData\Roaming\Code\User\globalStorage\redhat.java\1.55.0\config_win -data c:\Users\jpten\AppData\Roaming\Code\User\workspaceStorage\01e5187b9297d594cf14f8df353fd417\redhat.java\jdt_ws --pipe=\\.\pipe\lsp-c22894d3c5bbac8e98db300440873b1a-sock

Host: AMD Ryzen 5 6600H with Radeon Graphics         , 12 cores, 7G,  Windows 11 , 64 bit Build 26100 (10.0.26100.8875)
Time: Sun Jul 19 06:47:59 2026 Malay Peninsula Standard Time elapsed time: 33734.560420 seconds (0d 9h 22m 14s)

---------------  T H R E A D  ---------------

Current thread (0x000002145667a1e0):  JavaThread "Attach Listener" daemon [_thread_in_vm, id=24856, stack(0x0000003bd3e00000,0x0000003bd3f00000) (1024K)]

Stack: [0x0000003bd3e00000,0x0000003bd3f00000]
Native frames: (J=compiled Java code, j=interpreted, Vv=VM code, C=native code)
V  [jvm.dll+0x6d7e19]
V  [jvm.dll+0x8b5096]
V  [jvm.dll+0x8b764e]
V  [jvm.dll+0x8b7d33]
V  [jvm.dll+0x284596]
V  [jvm.dll+0xc13c7]
V  [jvm.dll+0x6d86c9]
V  [jvm.dll+0x133616]
V  [jvm.dll+0x3f868e]
V  [jvm.dll+0x85fb0d]
V  [jvm.dll+0x6d664d]
C  [ucrtbase.dll+0x2cd30]
C  [KERNEL32.DLL+0x2e957]
C  [ntdll.dll+0xaad6c]


---------------  P R O C E S S  ---------------

Threads class SMR info:
_java_thread_list=0x00000214484ea1e0, length=67, elements={
0x00000214565cdb00, 0x000002146d07e8b0, 0x0000021456673b60, 0x0000021456675d50,
0x000002145667a1e0, 0x000002145667c1a0, 0x0000021456680210, 0x000002145668ad50,
0x000002145668cbb0, 0x000002146e5e7990, 0x000002146e5e8020, 0x000002146e5eae10,
0x000002146e5e9a60, 0x000002146e5e86b0, 0x000002146e5e8d40, 0x000002146e5e93d0,
0x000002146e5ea0f0, 0x000002146e5ea780, 0x00000214741a4620, 0x00000214741a6060,
0x00000214741a3270, 0x00000214741a87c0, 0x00000214741a7410, 0x00000214741a6d80,
0x00000214741a7aa0, 0x00000214741a8130, 0x00000214741a8e50, 0x00000214741a94e0,
0x00000214741a9b70, 0x000002147578caf0, 0x000002147578d180, 0x000002147578e530,
0x000002147578f8e0, 0x0000021475790c90, 0x000002147578f250, 0x0000021475790600,
0x0000021477011440, 0x00000214770127f0, 0x0000021477012e80, 0x0000021477014f50,
0x0000021477013510, 0x0000021477011ad0, 0x0000021477014230, 0x00000214770155e0,
0x00000214770148c0, 0x0000021477012160, 0x00000214770183d0, 0x0000021477015c70,
0x0000021477016990, 0x0000021477017d40, 0x0000021477018a60, 0x00000214770176b0,
0x00000214774d01a0, 0x00000214774d0ec0, 0x00000214774d1550, 0x00000214774d3cb0,
0x00000214774d56f0, 0x00000214774d49d0, 0x00000214774d2270, 0x00000214774d2900,
0x00000214774d2f90, 0x00000214499b9960, 0x00000214499b6b70, 0x00000214499bdb00,
0x00000214499bd470, 0x00000214499bb3a0, 0x00000214499ba680
}

Java Threads: ( => current thread )
  0x00000214565cdb00 JavaThread "main"                              [_thread_blocked, id=26776, stack(0x0000003bd3700000,0x0000003bd3800000) (1024K)]
  0x000002146d07e8b0 JavaThread "Reference Handler"          daemon [_thread_blocked, id=8776, stack(0x0000003bd3b00000,0x0000003bd3c00000) (1024K)]
  0x0000021456673b60 JavaThread "Finalizer"                  daemon [_thread_blocked, id=18940, stack(0x0000003bd3c00000,0x0000003bd3d00000) (1024K)]
  0x0000021456675d50 JavaThread "Signal Dispatcher"          daemon [_thread_blocked, id=24924, stack(0x0000003bd3d00000,0x0000003bd3e00000) (1024K)]
=>0x000002145667a1e0 JavaThread "Attach Listener"            daemon [_thread_in_vm, id=24856, stack(0x0000003bd3e00000,0x0000003bd3f00000) (1024K)]
  0x000002145667c1a0 JavaThread "Service Thread"             daemon [_thread_blocked, id=26272, stack(0x0000003bd3f00000,0x0000003bd4000000) (1024K)]
  0x0000021456680210 JavaThread "Monitor Deflation Thread"   daemon [_thread_blocked, id=15028, stack(0x0000003bd4000000,0x0000003bd4100000) (1024K)]
  0x000002145668ad50 JavaThread "C2 CompilerThread0"         daemon [_thread_blocked, id=14296, stack(0x0000003bd4100000,0x0000003bd4200000) (1024K)]
  0x000002145668cbb0 JavaThread "C1 CompilerThread0"         daemon [_thread_blocked, id=3328, stack(0x0000003bd4200000,0x0000003bd4300000) (1024K)]
  0x000002146e5e7990 JavaThread "Common-Cleaner"             daemon [_thread_blocked, id=17488, stack(0x0000003bd4300000,0x0000003bd4400000) (1024K)]
  0x000002146e5e8020 JavaThread "Notification Thread"        daemon [_thread_blocked, id=14936, stack(0x0000003bd4400000,0x0000003bd4500000) (1024K)]
  0x000002146e5eae10 JavaThread "Active Thread: Equinox Container: 834b1a1d-bd24-47bd-9d62-49ba6607d063"        [_thread_blocked, id=21912, stack(0x0000003bd4b00000,0x0000003bd4c00000) (1024K)]
  0x000002146e5e9a60 JavaThread "Refresh Thread: Equinox Container: 834b1a1d-bd24-47bd-9d62-49ba6607d063" daemon [_thread_blocked, id=27232, stack(0x0000003bd4d00000,0x0000003bd4e00000) (1024K)]
  0x000002146e5e86b0 JavaThread "Framework Event Dispatcher: Equinox Container: 834b1a1d-bd24-47bd-9d62-49ba6607d063" daemon [_thread_blocked, id=26656, stack(0x0000003bd4e00000,0x0000003bd4f00000) (1024K)]
  0x000002146e5e8d40 JavaThread "Start Level: Equinox Container: 834b1a1d-bd24-47bd-9d62-49ba6607d063" daemon [_thread_blocked, id=9568, stack(0x0000003bd4f00000,0x0000003bd5000000) (1024K)]
  0x000002146e5e93d0 JavaThread "Bundle File Closer"         daemon [_thread_blocked, id=14704, stack(0x0000003bd5200000,0x0000003bd5300000) (1024K)]
  0x000002146e5ea0f0 JavaThread "SCR Component Actor"        daemon [_thread_blocked, id=27444, stack(0x0000003bd5300000,0x0000003bd5400000) (1024K)]
  0x000002146e5ea780 JavaThread "Worker-JM"                         [_thread_blocked, id=8400, stack(0x0000003bd5400000,0x0000003bd5500000) (1024K)]
  0x00000214741a4620 JavaThread "JNA Cleaner"                daemon [_thread_blocked, id=14316, stack(0x0000003bd5500000,0x0000003bd5600000) (1024K)]
  0x00000214741a6060 JavaThread "Java indexing"              daemon [_thread_blocked, id=17396, stack(0x0000003bd3500000,0x0000003bd3600000) (1024K)]
  0x00000214741a3270 JavaThread "Thread-1"                   daemon [_thread_in_native, id=22284, stack(0x0000003bd5f00000,0x0000003bd6000000) (1024K)]
  0x00000214741a87c0 JavaThread "Thread-2"                   daemon [_thread_in_native, id=28008, stack(0x0000003bd6000000,0x0000003bd6100000) (1024K)]
  0x00000214741a7410 JavaThread "Thread-3"                   daemon [_thread_in_native, id=25136, stack(0x0000003bd6100000,0x0000003bd6200000) (1024K)]
  0x00000214741a6d80 JavaThread "Thread-4"                   daemon [_thread_in_native, id=4120, stack(0x0000003bd6200000,0x0000003bd6300000) (1024K)]
  0x00000214741a7aa0 JavaThread "Thread-5"                   daemon [_thread_in_native, id=25896, stack(0x0000003bd6300000,0x0000003bd6400000) (1024K)]
  0x00000214741a8130 JavaThread "Thread-6"                   daemon [_thread_in_native, id=29464, stack(0x0000003bd6400000,0x0000003bd6500000) (1024K)]
  0x00000214741a8e50 JavaThread "Thread-7"                   daemon [_thread_in_native, id=972, stack(0x0000003bd6500000,0x0000003bd6600000) (1024K)]
  0x00000214741a94e0 JavaThread "Thread-8"                   daemon [_thread_in_native, id=29492, stack(0x0000003bd6600000,0x0000003bd6700000) (1024K)]
  0x00000214741a9b70 JavaThread "Thread-9"                   daemon [_thread_in_native, id=25488, stack(0x0000003bd6700000,0x0000003bd6800000) (1024K)]
  0x000002147578caf0 JavaThread "Thread-10"                  daemon [_thread_in_native, id=23140, stack(0x0000003bd6800000,0x0000003bd6900000) (1024K)]
  0x000002147578d180 JavaThread "Thread-11"                  daemon [_thread_in_native, id=27860, stack(0x0000003bd6900000,0x0000003bd6a00000) (1024K)]
  0x000002147578e530 JavaThread "Thread-12"                  daemon [_thread_in_native, id=25412, stack(0x0000003bd6a00000,0x0000003bd6b00000) (1024K)]
  0x000002147578f8e0 JavaThread "Thread-13"                  daemon [_thread_in_native, id=24620, stack(0x0000003bd6b00000,0x0000003bd6c00000) (1024K)]
  0x0000021475790c90 JavaThread "pool-2-thread-1"                   [_thread_blocked, id=25288, stack(0x0000003bd6c00000,0x0000003bd6d00000) (1024K)]
  0x000002147578f250 JavaThread "WorkspaceEventsHandler"            [_thread_blocked, id=328, stack(0x0000003bd6d00000,0x0000003bd6e00000) (1024K)]
  0x0000021475790600 JavaThread "pool-1-thread-1"                   [_thread_blocked, id=28348, stack(0x0000003bd6e00000,0x0000003bd6f00000) (1024K)]
  0x0000021477011440 JavaThread "Worker-14"                         [_thread_blocked, id=26020, stack(0x0000003bd3600000,0x0000003bd3700000) (1024K)]
  0x00000214770127f0 JavaThread "Worker-15"                         [_thread_blocked, id=35648, stack(0x0000003bd3400000,0x0000003bd3500000) (1024K)]
  0x0000021477012e80 JavaThread "Compiler Source File Reader" daemon [_thread_blocked, id=36104, stack(0x0000003bd5600000,0x0000003bd5700000) (1024K)]
  0x0000021477014f50 JavaThread "Compiler Source File Reader" daemon [_thread_blocked, id=31432, stack(0x0000003bd5900000,0x0000003bd5a00000) (1024K)]
  0x0000021477013510 JavaThread "Compiler Source File Reader" daemon [_thread_blocked, id=35664, stack(0x0000003bd5a00000,0x0000003bd5b00000) (1024K)]
  0x0000021477011ad0 JavaThread "Compiler Source File Reader" daemon [_thread_blocked, id=27216, stack(0x0000003bd5b00000,0x0000003bd5c00000) (1024K)]
  0x0000021477014230 JavaThread "Compiler Source File Reader" daemon [_thread_blocked, id=36100, stack(0x0000003bd5c00000,0x0000003bd5d00000) (1024K)]
  0x00000214770155e0 JavaThread "Compiler Source File Reader" daemon [_thread_blocked, id=27796, stack(0x0000003bd5d00000,0x0000003bd5e00000) (1024K)]
  0x00000214770148c0 JavaThread "Compiler Source File Reader" daemon [_thread_blocked, id=35752, stack(0x0000003bd5e00000,0x0000003bd5f00000) (1024K)]
  0x0000021477012160 JavaThread "Compiler Source File Reader" daemon [_thread_blocked, id=18232, stack(0x0000003bd6f00000,0x0000003bd7000000) (1024K)]
  0x00000214770183d0 JavaThread "Compiler Source File Reader" daemon [_thread_blocked, id=34864, stack(0x0000003bd7000000,0x0000003bd7100000) (1024K)]
  0x0000021477015c70 JavaThread "Compiler Source File Reader" daemon [_thread_blocked, id=36144, stack(0x0000003bd7100000,0x0000003bd7200000) (1024K)]
  0x0000021477016990 JavaThread "LocalFile Deleter"          daemon [_thread_blocked, id=32196, stack(0x0000003bd7300000,0x0000003bd7400000) (1024K)]
  0x0000021477017d40 JavaThread "LocalFile Deleter"          daemon [_thread_blocked, id=33060, stack(0x0000003bd7400000,0x0000003bd7500000) (1024K)]
  0x0000021477018a60 JavaThread "LocalFile Deleter"          daemon [_thread_blocked, id=34236, stack(0x0000003bd7500000,0x0000003bd7600000) (1024K)]
  0x00000214770176b0 JavaThread "LocalFile Deleter"          daemon [_thread_blocked, id=36508, stack(0x0000003bd7600000,0x0000003bd7700000) (1024K)]
  0x00000214774d01a0 JavaThread "LocalFile Deleter"          daemon [_thread_blocked, id=31684, stack(0x0000003bd7800000,0x0000003bd7900000) (1024K)]
  0x00000214774d0ec0 JavaThread "LocalFile Deleter"          daemon [_thread_blocked, id=2272, stack(0x0000003bd7900000,0x0000003bd7a00000) (1024K)]
  0x00000214774d1550 JavaThread "LocalFile Deleter"          daemon [_thread_blocked, id=36852, stack(0x0000003bd7a00000,0x0000003bd7b00000) (1024K)]
  0x00000214774d3cb0 JavaThread "LocalFile Deleter"          daemon [_thread_blocked, id=34452, stack(0x0000003bd7c00000,0x0000003bd7d00000) (1024K)]
  0x00000214774d56f0 JavaThread "LocalFile Deleter"          daemon [_thread_blocked, id=36480, stack(0x0000003bd7d00000,0x0000003bd7e00000) (1024K)]
  0x00000214774d49d0 JavaThread "Compiler Class File Writer" daemon [_thread_blocked, id=31156, stack(0x0000003bd7f00000,0x0000003bd8000000) (1024K)]
  0x00000214774d2270 JavaThread "Compiler Class File Writer" daemon [_thread_blocked, id=34984, stack(0x0000003bd8000000,0x0000003bd8100000) (1024K)]
  0x00000214774d2900 JavaThread "Compiler Class File Writer" daemon [_thread_blocked, id=33968, stack(0x0000003bd8100000,0x0000003bd8200000) (1024K)]
  0x00000214774d2f90 JavaThread "Compiler Class File Writer" daemon [_thread_blocked, id=36460, stack(0x0000003bd8200000,0x0000003bd8300000) (1024K)]
  0x00000214499b9960 JavaThread "Compiler Class File Writer" daemon [_thread_blocked, id=34996, stack(0x0000003bd8300000,0x0000003bd8400000) (1024K)]
  0x00000214499b6b70 JavaThread "Compiler Class File Writer" daemon [_thread_blocked, id=17928, stack(0x0000003bd8400000,0x0000003bd8500000) (1024K)]
  0x00000214499bdb00 JavaThread "Compiler Class File Writer" daemon [_thread_blocked, id=14700, stack(0x0000003bd8500000,0x0000003bd8600000) (1024K)]
  0x00000214499bd470 JavaThread "Compiler Class File Writer" daemon [_thread_blocked, id=33596, stack(0x0000003bd8600000,0x0000003bd8700000) (1024K)]
  0x00000214499bb3a0 JavaThread "Compiler Class File Writer" daemon [_thread_blocked, id=30800, stack(0x0000003bd8700000,0x0000003bd8800000) (1024K)]
  0x00000214499ba680 JavaThread "Compiler Class File Writer" daemon [_thread_blocked, id=34616, stack(0x0000003bd8800000,0x0000003bd8900000) (1024K)]
Total: 67

Other Threads:
  0x000002146d064210 VMThread "VM Thread"                           [id=24760, stack(0x0000003bd3a00000,0x0000003bd3b00000) (1024K)]
  0x000002146cf5ca00 WatcherThread "VM Periodic Task Thread"        [id=13532, stack(0x0000003bd3900000,0x0000003bd3a00000) (1024K)]
  0x00000214565ead60 WorkerThread "GC Thread#0"                     [id=22616, stack(0x0000003bd3800000,0x0000003bd3900000) (1024K)]
  0x000002146f4a8300 WorkerThread "GC Thread#1"                     [id=27432, stack(0x0000003bd4500000,0x0000003bd4600000) (1024K)]
  0x000002146f4bc6e0 WorkerThread "GC Thread#2"                     [id=27300, stack(0x0000003bd4600000,0x0000003bd4700000) (1024K)]
  0x000002146f7cc2c0 WorkerThread "GC Thread#3"                     [id=17848, stack(0x0000003bd4700000,0x0000003bd4800000) (1024K)]
  0x000002146f7cc670 WorkerThread "GC Thread#4"                     [id=27052, stack(0x0000003bd4800000,0x0000003bd4900000) (1024K)]
  0x000002146f7cca20 WorkerThread "GC Thread#5"                     [id=28200, stack(0x0000003bd4900000,0x0000003bd4a00000) (1024K)]
  0x000002146f7ccdd0 WorkerThread "GC Thread#6"                     [id=10304, stack(0x0000003bd4a00000,0x0000003bd4b00000) (1024K)]
  0x000002145668da40 WorkerThread "GC Thread#7"                     [id=28392, stack(0x0000003bd4c00000,0x0000003bd4d00000) (1024K)]
  0x0000021474272010 WorkerThread "GC Thread#8"                     [id=28508, stack(0x0000003bd5000000,0x0000003bd5100000) (1024K)]
  0x00000214742723c0 WorkerThread "GC Thread#9"                     [id=27244, stack(0x0000003bd5100000,0x0000003bd5200000) (1024K)]
Total: 12

Threads with active compile tasks:
Total: 0

VM state: not at safepoint (normal execution)

VM Mutex/Monitor currently owned by a thread: None

Heap address: 0x0000000080000000, size: 2048 MB, Compressed Oops mode: 32-bit

CDS archive(s) mapped at: [0x0000021400000000-0x0000021400ba0000-0x0000021400ba0000), size 12189696, SharedBaseAddress: 0x0000021400000000, ArchiveRelocationMode: 1.
Compressed class space mapped at: 0x0000021401000000-0x0000021441000000, reserved size: 1073741824
Narrow klass base: 0x0000021400000000, Narrow klass shift: 0, Narrow klass range: 0x100000000

GC Precious Log:
 CardTable entry size: 512
 CPUs: 12 total, 12 available
 Memory: 7484M
 Large Page Support: Disabled
 NUMA Support: Disabled
 Compressed Oops: Enabled (32-bit)
 Alignments: Space 512K, Generation 512K, Heap 2M
 Heap Min Capacity: 100M
 Heap Initial Capacity: 100M
 Heap Max Capacity: 2G
 Pre-touch: Disabled
 Parallel Workers: 10

Heap:
 PSYoungGen      total 6144K, used 3964K [0x00000000d5580000, 0x00000000d5d80000, 0x0000000100000000)
  eden space 5120K, 63% used [0x00000000d5580000,0x00000000d58b2380,0x00000000d5a80000)
  from space 1024K, 67% used [0x00000000d5c80000,0x00000000d5d2d010,0x00000000d5d80000)
  to   space 1536K, 0% used [0x00000000d5a80000,0x00000000d5a80000,0x00000000d5c00000)
 ParOldGen       total 1232896K, used 1232609K [0x0000000080000000, 0x00000000cb400000, 0x00000000d5580000)
  object space 1232896K, 99% used [0x0000000080000000,0x00000000cb3b8798,0x00000000cb400000)
 Metaspace       used 82474K, committed 84160K, reserved 1179648K
  class space    used 8882K, committed 9728K, reserved 1048576K

Card table byte_map: [0x0000021455fa0000,0x00000214563b0000] _byte_map_base: 0x0000021455ba0000

Marking Bits: (ParMarkBitMap*) 0x00007ffc02434460
 Begin Bits: [0x0000021468a80000, 0x000002146aa80000)
 End Bits:   [0x000002146aa80000, 0x000002146ca80000)

Polling page: 0x0000021455d90000

Metaspace:

Usage:
  Non-class:     71.87 MB used.
      Class:      8.67 MB used.
       Both:     80.54 MB used.

Virtual space:
  Non-class space:      128.00 MB reserved,      72.69 MB ( 57%) committed,  2 nodes.
      Class space:        1.00 GB reserved,       9.50 MB ( <1%) committed,  1 nodes.
             Both:        1.12 GB reserved,      82.19 MB (  7%) committed. 

Chunk freelists:
   Non-Class:  7.30 MB
       Class:  6.73 MB
        Both:  14.02 MB

MaxMetaspaceSize: unlimited
CompressedClassSpaceSize: 1.00 GB
Initial GC threshold: 21.00 MB
Current GC threshold: 136.25 MB
CDS: on
 - commit_granule_bytes: 65536.
 - commit_granule_words: 8192.
 - virtual_space_node_default_size: 8388608.
 - enlarge_chunks_in_place: 1.
 - use_allocation_guard: 0.


Internal statistics:

num_allocs_failed_limit: 11.
num_arena_births: 1614.
num_arena_deaths: 502.
num_vsnodes_births: 3.
num_vsnodes_deaths: 0.
num_space_committed: 1315.
num_space_uncommitted: 0.
num_chunks_returned_to_freelist: 562.
num_chunks_taken_from_freelist: 5503.
num_chunk_merges: 174.
num_chunk_splits: 3290.
num_chunks_enlarged: 1953.
num_inconsistent_stats: 0.

CodeHeap 'non-profiled nmethods': size=120000Kb used=24953Kb max_used=24953Kb free=95047Kb
 bounds [0x00000214612a0000, 0x0000021462b00000, 0x00000214687d0000]
CodeHeap 'profiled nmethods': size=120000Kb used=38942Kb max_used=47410Kb free=81057Kb
 bounds [0x00000214597d0000, 0x000002145c620000, 0x0000021460d00000]
CodeHeap 'non-nmethods': size=5760Kb used=1485Kb max_used=1584Kb free=4274Kb
 bounds [0x0000021460d00000, 0x0000021460f70000, 0x00000214612a0000]
CodeCache: size=245760Kb, used=65380Kb, max_used=73947Kb, free=180378Kb
 total_blobs=17569, nmethods=16770, adapters=703, full_count=0
Compilation: enabled, stopped_count=0, restarted_count=0

Compilation events (20 events):
Event: 33569.803 Thread 0x000002145668cbb0 21741       3       org.eclipse.core.internal.resources.Resource::isLocal (18 bytes)
Event: 33569.804 Thread 0x000002145668cbb0 nmethod 21741 0x0000021459bbcf10 code [0x0000021459bbd0e0, 0x0000021459bbd658]
Event: 33569.806 Thread 0x000002145668ad50 21742       4       org.eclipse.core.internal.dtree.NoDataDeltaNode::asBackwardDelta (96 bytes)
Event: 33569.816 Thread 0x000002145668ad50 nmethod 21742 0x0000021462af3810 code [0x0000021462af39e0, 0x0000021462af3e40]
Event: 33569.816 Thread 0x000002145668ad50 21743       4       org.eclipse.jdt.internal.core.builder.ClasspathJrt$$Lambda/0x0000021401647058::apply (12 bytes)
Event: 33569.821 Thread 0x000002145668cbb0 21745   !   3       org.eclipse.jdt.internal.core.builder.JavaBuilder::hasClasspathChanged (476 bytes)
Event: 33569.836 Thread 0x000002145668cbb0 nmethod 21745 0x000002145a937c10 code [0x000002145a938180, 0x000002145a93a860]
Event: 33569.843 Thread 0x000002145668ad50 nmethod 21743 0x0000021462af4190 code [0x0000021462af43c0, 0x0000021462af4bc0]
Event: 33569.843 Thread 0x000002145668ad50 21744   !   4       org.eclipse.jdt.internal.core.builder.ClasspathJar::lastModified (79 bytes)
Event: 33569.897 Thread 0x000002145668ad50 nmethod 21744 0x0000021462af5210 code [0x0000021462af54a0, 0x0000021462af5d70]
Event: 33569.897 Thread 0x000002145668ad50 21746       4       java.lang.StringConcatHelper::simpleConcat (94 bytes)
Event: 33569.911 Thread 0x000002145668ad50 nmethod 21746 0x0000021462af6710 code [0x0000021462af6900, 0x0000021462af7170]
Event: 33626.915 Thread 0x000002145668cbb0 21747       3       org.eclipse.lsp4j.jsonrpc.util.LimitedInputStream::read (56 bytes)
Event: 33626.938 Thread 0x000002145668cbb0 nmethod 21747 0x0000021459cf8390 code [0x0000021459cf8560, 0x0000021459cf88b0]
Event: 33627.123 Thread 0x000002145668cbb0 21748       1       java.io.InputStream::available (2 bytes)
Event: 33627.123 Thread 0x000002145668cbb0 nmethod 21748 0x0000021462af7690 code [0x0000021462af7820, 0x0000021462af78e8]
Event: 33627.137 Thread 0x000002145668cbb0 21749       1       org.eclipse.core.internal.events.InternalBuilder::setInterestingProjects (6 bytes)
Event: 33627.139 Thread 0x000002145668cbb0 nmethod 21749 0x0000021462af7990 code [0x0000021462af7b20, 0x0000021462af7c00]
Event: 33627.292 Thread 0x000002145668ad50 21750 % !   4       java.util.jar.Attributes::read @ 214 (494 bytes)
Event: 33627.761 Thread 0x000002145668ad50 nmethod 21750% 0x0000021462af7c90 code [0x0000021462af8120, 0x0000021462afbd00]

GC Heap History (20 events):
Event: 33627.211 GC heap before
{Heap before GC invocations=2878 (full 5):
 PSYoungGen      total 2048K, used 1663K [0x00000000d5580000, 0x00000000d5c80000, 0x0000000100000000)
  eden space 1024K, 99% used [0x00000000d5580000,0x00000000d567ffa0,0x00000000d5680000)
  from space 1024K, 62% used [0x00000000d5b80000,0x00000000d5c20000,0x00000000d5c80000)
  to   space 1536K, 0% used [0x00000000d5980000,0x00000000d5980000,0x00000000d5b00000)
 ParOldGen       total 1218048K, used 1217550K [0x0000000080000000, 0x00000000ca580000, 0x00000000d5580000)
  object space 1218048K, 99% used [0x0000000080000000,0x00000000ca503a80,0x00000000ca580000)
 Metaspace       used 82474K, committed 84160K, reserved 1179648K
  class space    used 8882K, committed 9728K, reserved 1048576K
}
Event: 33627.214 GC heap after
{Heap after GC invocations=2878 (full 5):
 PSYoungGen      total 3072K, used 1120K [0x00000000d5580000, 0x00000000d5c00000, 0x0000000100000000)
  eden space 1536K, 0% used [0x00000000d5580000,0x00000000d5580000,0x00000000d5700000)
  from space 1536K, 72% used [0x00000000d5980000,0x00000000d5a98000,0x00000000d5b00000)
  to   space 1024K, 0% used [0x00000000d5b00000,0x00000000d5b00000,0x00000000d5c00000)
 ParOldGen       total 1218560K, used 1218078K [0x0000000080000000, 0x00000000ca600000, 0x00000000d5580000)
  object space 1218560K, 99% used [0x0000000080000000,0x00000000ca587a80,0x00000000ca600000)
 Metaspace       used 82474K, committed 84160K, reserved 1179648K
  class space    used 8882K, committed 9728K, reserved 1048576K
}
Event: 33627.219 GC heap before
{Heap before GC invocations=2879 (full 5):
 PSYoungGen      total 3072K, used 2656K [0x00000000d5580000, 0x00000000d5c00000, 0x0000000100000000)
  eden space 1536K, 100% used [0x00000000d5580000,0x00000000d5700000,0x00000000d5700000)
  from space 1536K, 72% used [0x00000000d5980000,0x00000000d5a98000,0x00000000d5b00000)
  to   space 1024K, 0% used [0x00000000d5b00000,0x00000000d5b00000,0x00000000d5c00000)
 ParOldGen       total 1218560K, used 1218078K [0x0000000080000000, 0x00000000ca600000, 0x00000000d5580000)
  object space 1218560K, 99% used [0x0000000080000000,0x00000000ca587a80,0x00000000ca600000)
 Metaspace       used 82474K, committed 84160K, reserved 1179648K
  class space    used 8882K, committed 9728K, reserved 1048576K
}
Event: 33627.222 GC heap after
{Heap after GC invocations=2879 (full 5):
 PSYoungGen      total 3072K, used 1024K [0x00000000d5580000, 0x00000000d5d80000, 0x0000000100000000)
  eden space 2048K, 0% used [0x00000000d5580000,0x00000000d5580000,0x00000000d5780000)
  from space 1024K, 100% used [0x00000000d5b00000,0x00000000d5c00000,0x00000000d5c00000)
  to   space 3072K, 0% used [0x00000000d5780000,0x00000000d5780000,0x00000000d5a80000)
 ParOldGen       total 1220096K, used 1219606K [0x0000000080000000, 0x00000000ca780000, 0x00000000d5580000)
  object space 1220096K, 99% used [0x0000000080000000,0x00000000ca705a80,0x00000000ca780000)
 Metaspace       used 82474K, committed 84160K, reserved 1179648K
  class space    used 8882K, committed 9728K, reserved 1048576K
}
Event: 33627.249 GC heap before
{Heap before GC invocations=2880 (full 5):
 PSYoungGen      total 3072K, used 3048K [0x00000000d5580000, 0x00000000d5d80000, 0x0000000100000000)
  eden space 2048K, 98% used [0x00000000d5580000,0x00000000d577a0c8,0x00000000d5780000)
  from space 1024K, 100% used [0x00000000d5b00000,0x00000000d5c00000,0x00000000d5c00000)
  to   space 3072K, 0% used [0x00000000d5780000,0x00000000d5780000,0x00000000d5a80000)
 ParOldGen       total 1220096K, used 1219606K [0x0000000080000000, 0x00000000ca780000, 0x00000000d5580000)
  object space 1220096K, 99% used [0x0000000080000000,0x00000000ca705a80,0x00000000ca780000)
 Metaspace       used 82474K, committed 84160K, reserved 1179648K
  class space    used 8882K, committed 9728K, reserved 1048576K
}
Event: 33627.258 GC heap after
{Heap after GC invocations=2880 (full 5):
 PSYoungGen      total 4096K, used 1609K [0x00000000d5580000, 0x00000000d5c00000, 0x0000000100000000)
  eden space 2048K, 0% used [0x00000000d5580000,0x00000000d5580000,0x00000000d5780000)
  from space 2048K, 78% used [0x00000000d5780000,0x00000000d5912640,0x00000000d5980000)
  to   space 2048K, 0% used [0x00000000d5a00000,0x00000000d5a00000,0x00000000d5c00000)
 ParOldGen       total 1221120K, used 1220662K [0x0000000080000000, 0x00000000ca880000, 0x00000000d5580000)
  object space 1221120K, 99% used [0x0000000080000000,0x00000000ca80da80,0x00000000ca880000)
 Metaspace       used 82474K, committed 84160K, reserved 1179648K
  class space    used 8882K, committed 9728K, reserved 1048576K
}
Event: 33627.276 GC heap before
{Heap before GC invocations=2881 (full 5):
 PSYoungGen      total 4096K, used 3657K [0x00000000d5580000, 0x00000000d5c00000, 0x0000000100000000)
  eden space 2048K, 100% used [0x00000000d5580000,0x00000000d5780000,0x00000000d5780000)
  from space 2048K, 78% used [0x00000000d5780000,0x00000000d5912640,0x00000000d5980000)
  to   space 2048K, 0% used [0x00000000d5a00000,0x00000000d5a00000,0x00000000d5c00000)
 ParOldGen       total 1221120K, used 1220687K [0x0000000080000000, 0x00000000ca880000, 0x00000000d5580000)
  object space 1221120K, 99% used [0x0000000080000000,0x00000000ca813cb8,0x00000000ca880000)
 Metaspace       used 82474K, committed 84160K, reserved 1179648K
  class space    used 8882K, committed 9728K, reserved 1048576K
}
Event: 33627.286 GC heap after
{Heap after GC invocations=2881 (full 5):
 PSYoungGen      total 4096K, used 1992K [0x00000000d5580000, 0x00000000d5d00000, 0x0000000100000000)
  eden space 2048K, 0% used [0x00000000d5580000,0x00000000d5580000,0x00000000d5780000)
  from space 2048K, 97% used [0x00000000d5a00000,0x00000000d5bf2040,0x00000000d5c00000)
  to   space 2560K, 0% used [0x00000000d5780000,0x00000000d5780000,0x00000000d5a00000)
 ParOldGen       total 1222144K, used 1221687K [0x0000000080000000, 0x00000000ca980000, 0x00000000d5580000)
  object space 1222144K, 99% used [0x0000000080000000,0x00000000ca90dcb8,0x00000000ca980000)
 Metaspace       used 82474K, committed 84160K, reserved 1179648K
  class space    used 8882K, committed 9728K, reserved 1048576K
}
Event: 33627.356 GC heap before
{Heap before GC invocations=2882 (full 5):
 PSYoungGen      total 4096K, used 4040K [0x00000000d5580000, 0x00000000d5d00000, 0x0000000100000000)
  eden space 2048K, 100% used [0x00000000d5580000,0x00000000d5780000,0x00000000d5780000)
  from space 2048K, 97% used [0x00000000d5a00000,0x00000000d5bf2040,0x00000000d5c00000)
  to   space 2560K, 0% used [0x00000000d5780000,0x00000000d5780000,0x00000000d5a00000)
 ParOldGen       total 1223168K, used 1222684K [0x0000000080000000, 0x00000000caa80000, 0x00000000d5580000)
  object space 1223168K, 99% used [0x0000000080000000,0x00000000caa07038,0x00000000caa80000)
 Metaspace       used 82474K, committed 84160K, reserved 1179648K
  class space    used 8882K, committed 9728K, reserved 1048576K
}
Event: 33627.369 GC heap after
{Heap after GC invocations=2882 (full 5):
 PSYoungGen      total 4608K, used 1875K [0x00000000d5580000, 0x00000000d5c00000, 0x0000000100000000)
  eden space 2048K, 0% used [0x00000000d5580000,0x00000000d5580000,0x00000000d5780000)
  from space 2560K, 73% used [0x00000000d5780000,0x00000000d5954c80,0x00000000d5a00000)
  to   space 2048K, 0% used [0x00000000d5a00000,0x00000000d5a00000,0x00000000d5c00000)
 ParOldGen       total 1223680K, used 1223568K [0x0000000080000000, 0x00000000cab00000, 0x00000000d5580000)
  object space 1223680K, 99% used [0x0000000080000000,0x00000000caae4290,0x00000000cab00000)
 Metaspace       used 82474K, committed 84160K, reserved 1179648K
  class space    used 8882K, committed 9728K, reserved 1048576K
}
Event: 33627.376 GC heap before
{Heap before GC invocations=2883 (full 5):
 PSYoungGen      total 4608K, used 3923K [0x00000000d5580000, 0x00000000d5c00000, 0x0000000100000000)
  eden space 2048K, 99% used [0x00000000d5580000,0x00000000d577fff8,0x00000000d5780000)
  from space 2560K, 73% used [0x00000000d5780000,0x00000000d5954c80,0x00000000d5a00000)
  to   space 2048K, 0% used [0x00000000d5a00000,0x00000000d5a00000,0x00000000d5c00000)
 ParOldGen       total 1223680K, used 1223568K [0x0000000080000000, 0x00000000cab00000, 0x00000000d5580000)
  object space 1223680K, 99% used [0x0000000080000000,0x00000000caae4290,0x00000000cab00000)
 Metaspace       used 82474K, committed 84160K, reserved 1179648K
  class space    used 8882K, committed 9728K, reserved 1048576K
}
Event: 33627.383 GC heap after
{Heap after GC invocations=2883 (full 5):
 PSYoungGen      total 4608K, used 1979K [0x00000000d5580000, 0x00000000d5c00000, 0x0000000100000000)
  eden space 2560K, 0% used [0x00000000d5580000,0x00000000d5580000,0x00000000d5800000)
  from space 2048K, 96% used [0x00000000d5a00000,0x00000000d5beef40,0x00000000d5c00000)
  to   space 2048K, 0% used [0x00000000d5800000,0x00000000d5800000,0x00000000d5a00000)
 ParOldGen       total 1225728K, used 1225323K [0x0000000080000000, 0x00000000cad00000, 0x00000000d5580000)
  object space 1225728K, 99% used [0x0000000080000000,0x00000000cac9af10,0x00000000cad00000)
 Metaspace       used 82474K, committed 84160K, reserved 1179648K
  class space    used 8882K, committed 9728K, reserved 1048576K
}
Event: 33627.389 GC heap before
{Heap before GC invocations=2884 (full 5):
 PSYoungGen      total 4608K, used 4539K [0x00000000d5580000, 0x00000000d5c00000, 0x0000000100000000)
  eden space 2560K, 100% used [0x00000000d5580000,0x00000000d5800000,0x00000000d5800000)
  from space 2048K, 96% used [0x00000000d5a00000,0x00000000d5beef40,0x00000000d5c00000)
  to   space 2048K, 0% used [0x00000000d5800000,0x00000000d5800000,0x00000000d5a00000)
 ParOldGen       total 1225728K, used 1225323K [0x0000000080000000, 0x00000000cad00000, 0x00000000d5580000)
  object space 1225728K, 99% used [0x0000000080000000,0x00000000cac9af10,0x00000000cad00000)
 Metaspace       used 82474K, committed 84160K, reserved 1179648K
  class space    used 8882K, committed 9728K, reserved 1048576K
}
Event: 33627.395 GC heap after
{Heap after GC invocations=2884 (full 5):
 PSYoungGen      total 4608K, used 2048K [0x00000000d5580000, 0x00000000d6280000, 0x0000000100000000)
  eden space 2560K, 0% used [0x00000000d5580000,0x00000000d5580000,0x00000000d5800000)
  from space 2048K, 100% used [0x00000000d5800000,0x00000000d5a00000,0x00000000d5a00000)
  to   space 5120K, 0% used [0x00000000d5d80000,0x00000000d5d80000,0x00000000d6280000)
 ParOldGen       total 1227776K, used 1227615K [0x0000000080000000, 0x00000000caf00000, 0x00000000d5580000)
  object space 1227776K, 99% used [0x0000000080000000,0x00000000caed7e60,0x00000000caf00000)
 Metaspace       used 82474K, committed 84160K, reserved 1179648K
  class space    used 8882K, committed 9728K, reserved 1048576K
}
Event: 33627.413 GC heap before
{Heap before GC invocations=2885 (full 5):
 PSYoungGen      total 4608K, used 4608K [0x00000000d5580000, 0x00000000d6280000, 0x0000000100000000)
  eden space 2560K, 100% used [0x00000000d5580000,0x00000000d5800000,0x00000000d5800000)
  from space 2048K, 100% used [0x00000000d5800000,0x00000000d5a00000,0x00000000d5a00000)
  to   space 5120K, 0% used [0x00000000d5d80000,0x00000000d5d80000,0x00000000d6280000)
 ParOldGen       total 1227776K, used 1227615K [0x0000000080000000, 0x00000000caf00000, 0x00000000d5580000)
  object space 1227776K, 99% used [0x0000000080000000,0x00000000caed7e60,0x00000000caf00000)
 Metaspace       used 82474K, committed 84160K, reserved 1179648K
  class space    used 8882K, committed 9728K, reserved 1048576K
}
Event: 33627.418 GC heap after
{Heap after GC invocations=2885 (full 5):
 PSYoungGen      total 5632K, used 2196K [0x00000000d5580000, 0x00000000d6000000, 0x0000000100000000)
  eden space 3072K, 0% used [0x00000000d5580000,0x00000000d5580000,0x00000000d5880000)
  from space 2560K, 85% used [0x00000000d5d80000,0x00000000d5fa5200,0x00000000d6000000)
  to   space 3072K, 0% used [0x00000000d5a00000,0x00000000d5a00000,0x00000000d5d00000)
 ParOldGen       total 1229824K, used 1229727K [0x0000000080000000, 0x00000000cb100000, 0x00000000d5580000)
  object space 1229824K, 99% used [0x0000000080000000,0x00000000cb0e7e60,0x00000000cb100000)
 Metaspace       used 82474K, committed 84160K, reserved 1179648K
  class space    used 8882K, committed 9728K, reserved 1048576K
}
Event: 33627.493 GC heap before
{Heap before GC invocations=2886 (full 5):
 PSYoungGen      total 5632K, used 5268K [0x00000000d5580000, 0x00000000d6000000, 0x0000000100000000)
  eden space 3072K, 99% used [0x00000000d5580000,0x00000000d587ffe8,0x00000000d5880000)
  from space 2560K, 85% used [0x00000000d5d80000,0x00000000d5fa5200,0x00000000d6000000)
  to   space 3072K, 0% used [0x00000000d5a00000,0x00000000d5a00000,0x00000000d5d00000)
 ParOldGen       total 1229824K, used 1229727K [0x0000000080000000, 0x00000000cb100000, 0x00000000d5580000)
  object space 1229824K, 99% used [0x0000000080000000,0x00000000cb0e7e60,0x00000000cb100000)
 Metaspace       used 82474K, committed 84160K, reserved 1179648K
  class space    used 8882K, committed 9728K, reserved 1048576K
}
Event: 33627.499 GC heap after
{Heap after GC invocations=2886 (full 5):
 PSYoungGen      total 6656K, used 2139K [0x00000000d5580000, 0x00000000d5e80000, 0x0000000100000000)
  eden space 4096K, 0% used [0x00000000d5580000,0x00000000d5580000,0x00000000d5980000)
  from space 2560K, 83% used [0x00000000d5a00000,0x00000000d5c16d08,0x00000000d5c80000)
  to   space 2048K, 0% used [0x00000000d5c80000,0x00000000d5c80000,0x00000000d5e80000)
 ParOldGen       total 1231872K, used 1231812K [0x0000000080000000, 0x00000000cb300000, 0x00000000d5580000)
  object space 1231872K, 99% used [0x0000000080000000,0x00000000cb2f1060,0x00000000cb300000)
 Metaspace       used 82474K, committed 84160K, reserved 1179648K
  class space    used 8882K, committed 9728K, reserved 1048576K
}
Event: 33627.557 GC heap before
{Heap before GC invocations=2887 (full 5):
 PSYoungGen      total 6656K, used 6235K [0x00000000d5580000, 0x00000000d5e80000, 0x0000000100000000)
  eden space 4096K, 100% used [0x00000000d5580000,0x00000000d5980000,0x00000000d5980000)
  from space 2560K, 83% used [0x00000000d5a00000,0x00000000d5c16d08,0x00000000d5c80000)
  to   space 2048K, 0% used [0x00000000d5c80000,0x00000000d5c80000,0x00000000d5e80000)
 ParOldGen       total 1231872K, used 1231812K [0x0000000080000000, 0x00000000cb300000, 0x00000000d5580000)
  object space 1231872K, 99% used [0x0000000080000000,0x00000000cb2f1060,0x00000000cb300000)
 Metaspace       used 82474K, committed 84160K, reserved 1179648K
  class space    used 8882K, committed 9728K, reserved 1048576K
}
Event: 33627.563 GC heap after
{Heap after GC invocations=2887 (full 5):
 PSYoungGen      total 6144K, used 692K [0x00000000d5580000, 0x00000000d5d80000, 0x0000000100000000)
  eden space 5120K, 0% used [0x00000000d5580000,0x00000000d5580000,0x00000000d5a80000)
  from space 1024K, 67% used [0x00000000d5c80000,0x00000000d5d2d010,0x00000000d5d80000)
  to   space 1536K, 0% used [0x00000000d5a80000,0x00000000d5a80000,0x00000000d5c00000)
 ParOldGen       total 1232896K, used 1232609K [0x0000000080000000, 0x00000000cb400000, 0x00000000d5580000)
  object space 1232896K, 99% used [0x0000000080000000,0x00000000cb3b8798,0x00000000cb400000)
 Metaspace       used 82474K, committed 84160K, reserved 1179648K
  class space    used 8882K, committed 9728K, reserved 1048576K
}

Dll operation events (15 events):
Event: 0.022 Loaded shared library c:\Users\jpten\.vscode\extensions\redhat.java-1.55.0-win32-x64\jre\21.0.11-win32-x86_64\bin\java.dll
Event: 0.110 Loaded shared library c:\Users\jpten\.vscode\extensions\redhat.java-1.55.0-win32-x64\jre\21.0.11-win32-x86_64\bin\zip.dll
Event: 0.133 Loaded shared library C:\Users\jpten\.vscode\extensions\redhat.java-1.55.0-win32-x64\jre\21.0.11-win32-x86_64\bin\instrument.dll
Event: 0.143 Loaded shared library C:\Users\jpten\.vscode\extensions\redhat.java-1.55.0-win32-x64\jre\21.0.11-win32-x86_64\bin\net.dll
Event: 0.147 Loaded shared library C:\Users\jpten\.vscode\extensions\redhat.java-1.55.0-win32-x64\jre\21.0.11-win32-x86_64\bin\nio.dll
Event: 0.153 Loaded shared library C:\Users\jpten\.vscode\extensions\redhat.java-1.55.0-win32-x64\jre\21.0.11-win32-x86_64\bin\zip.dll
Event: 0.178 Loaded shared library C:\Users\jpten\.vscode\extensions\redhat.java-1.55.0-win32-x64\jre\21.0.11-win32-x86_64\bin\jimage.dll
Event: 0.350 Loaded shared library c:\Users\jpten\.vscode\extensions\redhat.java-1.55.0-win32-x64\jre\21.0.11-win32-x86_64\bin\verify.dll
Event: 10.509 Loaded shared library C:\Users\jpten\AppData\Roaming\Code\User\globalStorage\redhat.java\1.55.0\config_win\org.eclipse.equinox.launcher\org.eclipse.equinox.launcher.win32.win32.x86_64_1.3.100.v20260613-0559\eclipse_11924.dll
Event: 27.631 Loaded shared library C:\Users\jpten\AppData\Local\Temp\jna-101344535\jna7350556822807423081.dll
Event: 30.508 Loaded shared library C:\Users\jpten\.vscode\extensions\redhat.java-1.55.0-win32-x64\jre\21.0.11-win32-x86_64\bin\sunmscapi.dll
Event: 31.154 Loaded shared library C:\Users\jpten\.vscode\extensions\redhat.java-1.55.0-win32-x64\jre\21.0.11-win32-x86_64\bin\extnet.dll
Event: 45.887 Loaded shared library C:\Users\jpten\.gradle\native\660c5614fbf4a5f2a75b1949f50a0caf5cd603558e7d8a26e50b933a0cfb79d1\windows-amd64\native-platform.dll
Event: 47.122 Loaded shared library C:\Users\jpten\.vscode\extensions\redhat.java-1.55.0-win32-x64\jre\21.0.11-win32-x86_64\bin\management.dll
Event: 47.129 Loaded shared library C:\Users\jpten\.vscode\extensions\redhat.java-1.55.0-win32-x64\jre\21.0.11-win32-x86_64\bin\management_ext.dll

Deoptimization events (20 events):
Event: 33554.538 Thread 0x0000021477013ba0 Uncommon trap: trap_request=0xffffffd6 fr.pc=0x0000021462ae986c relative=0x000000000000154c
Event: 33554.538 Thread 0x0000021477013ba0 Uncommon trap: reason=array_check action=maybe_recompile pc=0x0000021462ae986c method=java.util.TimSort.mergeHi(IIII)V @ 419 c2
Event: 33554.538 Thread 0x0000021477013ba0 DEOPT PACKING pc=0x0000021462ae986c sp=0x0000003bd57fe380
Event: 33554.538 Thread 0x0000021477013ba0 DEOPT UNPACKING pc=0x0000021460d53aa2 sp=0x0000003bd57fe368 mode 2
Event: 33627.593 Thread 0x0000021477013ba0 Uncommon trap: trap_request=0xffffffbe fr.pc=0x0000021462af2638 relative=0x0000000000001618
Event: 33627.595 Thread 0x0000021477013ba0 Uncommon trap: reason=profile_predicate action=maybe_recompile pc=0x0000021462af2638 method=java.util.TimSort.mergeHi(IIII)V @ 308 c2
Event: 33627.595 Thread 0x0000021477013ba0 DEOPT PACKING pc=0x0000021462af2638 sp=0x0000003bd57fe660
Event: 33627.596 Thread 0x0000021477013ba0 DEOPT UNPACKING pc=0x0000021460d53aa2 sp=0x0000003bd57fe650 mode 2
Event: 33627.596 Thread 0x0000021477013ba0 Uncommon trap: trap_request=0xffffffbe fr.pc=0x0000021462af2638 relative=0x0000000000001618
Event: 33627.596 Thread 0x0000021477013ba0 Uncommon trap: reason=profile_predicate action=maybe_recompile pc=0x0000021462af2638 method=java.util.TimSort.mergeHi(IIII)V @ 308 c2
Event: 33627.596 Thread 0x0000021477013ba0 DEOPT PACKING pc=0x0000021462af2638 sp=0x0000003bd57fe660
Event: 33627.596 Thread 0x0000021477013ba0 DEOPT UNPACKING pc=0x0000021460d53aa2 sp=0x0000003bd57fe650 mode 2
Event: 33627.596 Thread 0x0000021477013ba0 Uncommon trap: trap_request=0xffffffbe fr.pc=0x0000021462af2638 relative=0x0000000000001618
Event: 33627.596 Thread 0x0000021477013ba0 Uncommon trap: reason=profile_predicate action=maybe_recompile pc=0x0000021462af2638 method=java.util.TimSort.mergeHi(IIII)V @ 308 c2
Event: 33627.596 Thread 0x0000021477013ba0 DEOPT PACKING pc=0x0000021462af2638 sp=0x0000003bd57fe660
Event: 33627.596 Thread 0x0000021477013ba0 DEOPT UNPACKING pc=0x0000021460d53aa2 sp=0x0000003bd57fe650 mode 2
Event: 33627.604 Thread 0x0000021477013ba0 Uncommon trap: trap_request=0xffffffbe fr.pc=0x0000021462af2638 relative=0x0000000000001618
Event: 33627.604 Thread 0x0000021477013ba0 Uncommon trap: reason=profile_predicate action=maybe_recompile pc=0x0000021462af2638 method=java.util.TimSort.mergeHi(IIII)V @ 308 c2
Event: 33627.604 Thread 0x0000021477013ba0 DEOPT PACKING pc=0x0000021462af2638 sp=0x0000003bd57fe630
Event: 33627.604 Thread 0x0000021477013ba0 DEOPT UNPACKING pc=0x0000021460d53aa2 sp=0x0000003bd57fe620 mode 2

Classes loaded (20 events):
Event: 334.440 Loading class java/util/stream/Nodes$ConcNode
Event: 334.440 Loading class java/util/stream/Nodes$AbstractConcNode
Event: 334.441 Loading class java/util/stream/Nodes$AbstractConcNode done
Event: 334.441 Loading class java/util/stream/Nodes$ConcNode done
Event: 334.475 Loading class java/util/stream/Nodes$ToArrayTask$OfRef
Event: 334.476 Loading class java/util/stream/Nodes$ToArrayTask
Event: 334.476 Loading class java/util/stream/Nodes$ToArrayTask done
Event: 334.476 Loading class java/util/stream/Nodes$ToArrayTask$OfRef done
Event: 334.486 Loading class java/io/ObjectOutputStream$BlockDataOutputStream
Event: 334.486 Loading class java/io/ObjectOutputStream$BlockDataOutputStream done
Event: 334.487 Loading class java/io/ObjectOutputStream$HandleTable
Event: 334.487 Loading class java/io/ObjectOutputStream$HandleTable done
Event: 334.487 Loading class java/io/ObjectOutputStream$ReplaceTable
Event: 334.487 Loading class java/io/ObjectOutputStream$ReplaceTable done
Event: 6660.670 Loading class java/io/SequenceInputStream
Event: 6660.673 Loading class java/io/SequenceInputStream done
Event: 6668.399 Loading class jdk/internal/math/FDBigInteger
Event: 6668.401 Loading class jdk/internal/math/FDBigInteger done
Event: 6876.286 Loading class java/util/DualPivotQuicksort$Sorter
Event: 6876.290 Loading class java/util/DualPivotQuicksort$Sorter done

Classes unloaded (20 events):
Event: 6748.047 Thread 0x000002146d064210 Unloading class 0x0000021401016400 'java/lang/invoke/LambdaForm$MH+0x0000021401016400'
Event: 6748.048 Thread 0x000002146d064210 Unloading class 0x000002140100d800 'java/lang/invoke/LambdaForm$MH+0x000002140100d800'
Event: 6748.048 Thread 0x000002146d064210 Unloading class 0x000002140100d400 'java/lang/invoke/LambdaForm$MH+0x000002140100d400'
Event: 6748.048 Thread 0x000002146d064210 Unloading class 0x000002140100d000 'java/lang/invoke/LambdaForm$MH+0x000002140100d000'
Event: 6748.048 Thread 0x000002146d064210 Unloading class 0x000002140100cc00 'java/lang/invoke/LambdaForm$MH+0x000002140100cc00'
Event: 6748.048 Thread 0x000002146d064210 Unloading class 0x000002140100c800 'java/lang/invoke/LambdaForm$BMH+0x000002140100c800'
Event: 6748.048 Thread 0x000002146d064210 Unloading class 0x000002140100c000 'java/lang/invoke/LambdaForm$DMH+0x000002140100c000'
Event: 6748.048 Thread 0x000002146d064210 Unloading class 0x0000021401008c00 'java/lang/invoke/LambdaForm$MH+0x0000021401008c00'
Event: 6748.048 Thread 0x000002146d064210 Unloading class 0x0000021401008800 'java/lang/invoke/LambdaForm$MH+0x0000021401008800'
Event: 6748.048 Thread 0x000002146d064210 Unloading class 0x0000021401008400 'java/lang/invoke/LambdaForm$MH+0x0000021401008400'
Event: 6748.048 Thread 0x000002146d064210 Unloading class 0x0000021401007000 'java/lang/invoke/LambdaForm$MH+0x0000021401007000'
Event: 6748.049 Thread 0x000002146d064210 Unloading class 0x0000021401006800 'java/lang/invoke/LambdaForm$MH+0x0000021401006800'
Event: 6748.049 Thread 0x000002146d064210 Unloading class 0x0000021401006400 'java/lang/invoke/LambdaForm$MH+0x0000021401006400'
Event: 6748.049 Thread 0x000002146d064210 Unloading class 0x0000021401006000 'java/lang/invoke/LambdaForm$MH+0x0000021401006000'
Event: 6748.049 Thread 0x000002146d064210 Unloading class 0x0000021401005c00 'java/lang/invoke/LambdaForm$BMH+0x0000021401005c00'
Event: 6748.049 Thread 0x000002146d064210 Unloading class 0x0000021401004800 'java/lang/invoke/LambdaForm$DMH+0x0000021401004800'
Event: 6748.049 Thread 0x000002146d064210 Unloading class 0x0000021401002400 'java/lang/invoke/LambdaForm$MH+0x0000021401002400'
Event: 6748.049 Thread 0x000002146d064210 Unloading class 0x0000021401002000 'java/lang/invoke/LambdaForm$MH+0x0000021401002000'
Event: 6748.049 Thread 0x000002146d064210 Unloading class 0x0000021401001800 'java/lang/invoke/LambdaForm$MH+0x0000021401001800'
Event: 6748.049 Thread 0x000002146d064210 Unloading class 0x0000021401000400 'java/lang/invoke/LambdaForm$MH+0x0000021401000400'

Classes redefined (0 events):
No events

Internal exceptions (20 events):
Event: 33543.136 Thread 0x00000214774ce760 Exception <a 'sun/nio/fs/WindowsException'{0x00000000d56b3830}> (0x00000000d56b3830) 
thrown [s\src\hotspot\share\prims\jni.cpp, line 520]
Event: 33543.141 Thread 0x00000214774ce760 Exception <a 'sun/nio/fs/WindowsException'{0x00000000d56b4970}> (0x00000000d56b4970) 
thrown [s\src\hotspot\share\prims\jni.cpp, line 520]
Event: 33551.201 Thread 0x00000214499b7890 Exception <a 'sun/nio/fs/WindowsException'{0x00000000d5581dd8}> (0x00000000d5581dd8) 
thrown [s\src\hotspot\share\prims\jni.cpp, line 520]
Event: 33551.203 Thread 0x00000214499b7890 Exception <a 'sun/nio/fs/WindowsException'{0x00000000d5582630}> (0x00000000d5582630) 
thrown [s\src\hotspot\share\prims\jni.cpp, line 520]
Event: 33551.207 Thread 0x00000214499b7890 Exception <a 'sun/nio/fs/WindowsException'{0x00000000d5583728}> (0x00000000d5583728) 
thrown [s\src\hotspot\share\prims\jni.cpp, line 520]
Event: 33551.207 Thread 0x00000214499b7890 Exception <a 'sun/nio/fs/WindowsException'{0x00000000d5583d60}> (0x00000000d5583d60) 
thrown [s\src\hotspot\share\prims\jni.cpp, line 520]
Event: 33551.209 Thread 0x00000214499b7890 Exception <a 'sun/nio/fs/WindowsException'{0x00000000d5584f00}> (0x00000000d5584f00) 
thrown [s\src\hotspot\share\prims\jni.cpp, line 520]
Event: 33551.209 Thread 0x00000214499b7890 Exception <a 'sun/nio/fs/WindowsException'{0x00000000d5585538}> (0x00000000d5585538) 
thrown [s\src\hotspot\share\prims\jni.cpp, line 520]
Event: 33551.210 Thread 0x00000214499b7890 Exception <a 'sun/nio/fs/WindowsException'{0x00000000d5585fb8}> (0x00000000d5585fb8) 
thrown [s\src\hotspot\share\prims\jni.cpp, line 520]
Event: 33551.210 Thread 0x00000214499b7890 Exception <a 'sun/nio/fs/WindowsException'{0x00000000d55865f0}> (0x00000000d55865f0) 
thrown [s\src\hotspot\share\prims\jni.cpp, line 520]
Event: 33552.114 Thread 0x00000214741a6060 Exception <a 'sun/nio/fs/WindowsException'{0x00000000d591d0f8}> (0x00000000d591d0f8) 
thrown [s\src\hotspot\share\prims\jni.cpp, line 520]
Event: 33552.862 Thread 0x00000214741a6060 Exception <a 'sun/nio/fs/WindowsException'{0x00000000d55d0560}> (0x00000000d55d0560) 
thrown [s\src\hotspot\share\prims\jni.cpp, line 520]
Event: 33554.991 Thread 0x0000021477011440 Implicit null exception at 0x000002145b3f627c to 0x000002145b3f7cf6
Event: 33554.991 Thread 0x0000021477011440 Exception <a 'java/lang/NullPointerException'{0x00000000d5864fa0}> (0x00000000d5864fa0) 
thrown [s\src\hotspot\share\runtime\sharedRuntime.cpp, line 625]
Event: 33555.012 Thread 0x0000021477011440 Implicit null exception at 0x000002145b3f627c to 0x000002145b3f7cf6
Event: 33555.012 Thread 0x0000021477011440 Exception <a 'java/lang/NullPointerException'{0x00000000d588d218}> (0x00000000d588d218) 
thrown [s\src\hotspot\share\runtime\sharedRuntime.cpp, line 625]
Event: 33569.254 Thread 0x00000214741a6060 Exception <a 'sun/nio/fs/WindowsException'{0x00000000d58c4538}> (0x00000000d58c4538) 
thrown [s\src\hotspot\share\prims\jni.cpp, line 520]
Event: 33569.687 Thread 0x00000214741a6060 Exception <a 'sun/nio/fs/WindowsException'{0x00000000d57a0d68}> (0x00000000d57a0d68) 
thrown [s\src\hotspot\share\prims\jni.cpp, line 520]
Event: 33627.117 Thread 0x00000214741a6060 Exception <a 'sun/nio/fs/WindowsException'{0x00000000d597c710}> (0x00000000d597c710) 
thrown [s\src\hotspot\share\prims\jni.cpp, line 520]
Event: 33627.458 Thread 0x00000214741a6060 Exception <a 'sun/nio/fs/WindowsException'{0x00000000d5598c00}> (0x00000000d5598c00) 
thrown [s\src\hotspot\share\prims\jni.cpp, line 520]

ZGC Phase Switch (0 events):
No events

VM Operations (20 events):
Event: 33627.274 Executing safepoint VM operation: ParallelGCFailedAllocation (Allocation Failure)
Event: 33627.275 Executing safepoint VM operation: ParallelGCFailedAllocation (Allocation Failure) done
Event: 33627.276 Executing safepoint VM operation: ParallelGCSystemGC (GCLocker Initiated GC)
Event: 33627.286 Executing safepoint VM operation: ParallelGCSystemGC (GCLocker Initiated GC) done
Event: 33627.354 Executing safepoint VM operation: ParallelGCFailedAllocation (Allocation Failure)
Event: 33627.369 Executing safepoint VM operation: ParallelGCFailedAllocation (Allocation Failure) done
Event: 33627.375 Executing safepoint VM operation: ParallelGCFailedAllocation (Allocation Failure)
Event: 33627.383 Executing safepoint VM operation: ParallelGCFailedAllocation (Allocation Failure) done
Event: 33627.389 Executing safepoint VM operation: ParallelGCFailedAllocation (Allocation Failure)
Event: 33627.395 Executing safepoint VM operation: ParallelGCFailedAllocation (Allocation Failure) done
Event: 33627.413 Executing safepoint VM operation: ParallelGCFailedAllocation (Allocation Failure)
Event: 33627.418 Executing safepoint VM operation: ParallelGCFailedAllocation (Allocation Failure) done
Event: 33627.493 Executing safepoint VM operation: ParallelGCFailedAllocation (Allocation Failure)
Event: 33627.499 Executing safepoint VM operation: ParallelGCFailedAllocation (Allocation Failure) done
Event: 33627.557 Executing safepoint VM operation: ParallelGCFailedAllocation (Allocation Failure)
Event: 33627.563 Executing safepoint VM operation: ParallelGCFailedAllocation (Allocation Failure) done
Event: 33674.794 Executing non-safepoint VM operation: HandshakeAllThreads (HandshakeForDeflation)
Event: 33674.802 Executing non-safepoint VM operation: HandshakeAllThreads (HandshakeForDeflation) done
Event: 33674.802 Executing non-safepoint VM operation: RendezvousGCThreads
Event: 33674.802 Executing non-safepoint VM operation: RendezvousGCThreads done

Memory protections (0 events):
No events

Nmethod flushes (20 events):
Event: 6927.261 Thread 0x000002146d064210 flushing  nmethod 0x000002145b8a4f10
Event: 6927.261 Thread 0x000002146d064210 flushing  nmethod 0x000002145b8dcd10
Event: 6927.261 Thread 0x000002146d064210 flushing  nmethod 0x000002145b8dd610
Event: 6927.261 Thread 0x000002146d064210 flushing  nmethod 0x000002145b8f5a10
Event: 6927.261 Thread 0x000002146d064210 flushing  nmethod 0x000002145b90f110
Event: 6927.261 Thread 0x000002146d064210 flushing  nmethod 0x000002145b98d390
Event: 6927.261 Thread 0x000002146d064210 flushing  nmethod 0x000002145b98df10
Event: 6927.261 Thread 0x000002146d064210 flushing  nmethod 0x000002145b995690
Event: 6927.261 Thread 0x000002146d064210 flushing  nmethod 0x000002145b99ad90
Event: 6927.261 Thread 0x000002146d064210 flushing  nmethod 0x000002145b99c990
Event: 6927.261 Thread 0x000002146d064210 flushing  nmethod 0x000002145b9bd510
Event: 6927.261 Thread 0x000002146d064210 flushing  nmethod 0x000002145b9be510
Event: 6927.261 Thread 0x000002146d064210 flushing  nmethod 0x000002145b9bfd90
Event: 6927.261 Thread 0x000002146d064210 flushing  nmethod 0x000002145b9cb110
Event: 6927.261 Thread 0x000002146d064210 flushing  nmethod 0x000002145ba2c710
Event: 6927.261 Thread 0x000002146d064210 flushing  nmethod 0x000002145ba41810
Event: 6927.261 Thread 0x000002146d064210 flushing  nmethod 0x000002145ba4f990
Event: 6927.261 Thread 0x000002146d064210 flushing  nmethod 0x000002145ba8ff90
Event: 6927.261 Thread 0x000002146d064210 flushing  nmethod 0x000002145baeec10
Event: 6927.261 Thread 0x000002146d064210 flushing  nmethod 0x000002145bb5a210

Events (20 events):
Event: 33527.153 Thread 0x00000214774d0ec0 Thread added: 0x00000214774d56f0
Event: 33528.580 Thread 0x00000214770127f0 Thread added: 0x00000214774d4340
Event: 33530.466 Thread 0x00000214499b7890 Thread added: 0x00000214774d49d0
Event: 33530.467 Thread 0x00000214499b7890 Thread added: 0x00000214774d2270
Event: 33530.467 Thread 0x00000214499b7890 Thread added: 0x00000214774d2900
Event: 33530.468 Thread 0x00000214499b7890 Thread added: 0x00000214774d2f90
Event: 33530.470 Thread 0x00000214499b7890 Thread added: 0x00000214499b9960
Event: 33530.493 Thread 0x00000214499b7890 Thread added: 0x00000214499b6b70
Event: 33530.493 Thread 0x00000214499b7890 Thread added: 0x00000214499bdb00
Event: 33530.495 Thread 0x00000214499b7890 Thread added: 0x00000214499bd470
Event: 33530.495 Thread 0x00000214499b7890 Thread added: 0x00000214499bb3a0
Event: 33530.498 Thread 0x00000214499b7890 Thread added: 0x00000214499ba680
Event: 33530.571 Thread 0x000002145668ad50 Thread added: 0x000002144102c4a0
Event: 33531.409 Thread 0x000002144102c4a0 Thread exited: 0x000002144102c4a0
Event: 33603.160 Thread 0x0000021477016300 Thread exited: 0x0000021477016300
Event: 33631.517 Thread 0x00000214774d4340 Thread exited: 0x00000214774d4340
Event: 33663.187 Thread 0x00000214774ce760 Thread exited: 0x00000214774ce760
Event: 33687.768 Thread 0x0000021477013ba0 Thread exited: 0x0000021477013ba0
Event: 33691.605 Thread 0x00000214499b7890 Thread exited: 0x00000214499b7890
Event: 33723.220 Thread 0x00000214774cedf0 Thread exited: 0x00000214774cedf0


Dynamic libraries:
0x00007ff7b62e0000 - 0x00007ff7b62ee000 	c:\Users\jpten\.vscode\extensions\redhat.java-1.55.0-win32-x64\jre\21.0.11-win32-x86_64\bin\java.exe
0x00007ffcfab40000 - 0x00007ffcfada6000 	C:\Windows\SYSTEM32\ntdll.dll
0x00007ffcf9ce0000 - 0x00007ffcf9da9000 	C:\Windows\System32\KERNEL32.DLL
0x00007ffcf8250000 - 0x00007ffcf864e000 	C:\Windows\System32\KERNELBASE.dll
0x00007ffcf8660000 - 0x00007ffcf87ac000 	C:\Windows\System32\ucrtbase.dll
0x00007ffca98b0000 - 0x00007ffca98c8000 	c:\Users\jpten\.vscode\extensions\redhat.java-1.55.0-win32-x64\jre\21.0.11-win32-x86_64\bin\jli.dll
0x00007ffca98d0000 - 0x00007ffca98ee000 	c:\Users\jpten\.vscode\extensions\redhat.java-1.55.0-win32-x64\jre\21.0.11-win32-x86_64\bin\VCRUNTIME140.dll
0x00007ffcfa050000 - 0x00007ffcfa217000 	C:\Windows\System32\USER32.dll
0x00007ffcf8160000 - 0x00007ffcf8187000 	C:\Windows\System32\win32u.dll
0x00007ffce0f80000 - 0x00007ffce1212000 	C:\Windows\WinSxS\amd64_microsoft.windows.common-controls_6595b64144ccf1df_6.0.26100.8875_none_3e0d5d42e32fe9dd\COMCTL32.dll
0x00007ffcf9af0000 - 0x00007ffcf9b1b000 	C:\Windows\System32\GDI32.dll
0x00007ffcf8030000 - 0x00007ffcf815a000 	C:\Windows\System32\gdi32full.dll
0x00007ffcf8d40000 - 0x00007ffcf8de9000 	C:\Windows\System32\msvcrt.dll
0x00007ffcf87c0000 - 0x00007ffcf8863000 	C:\Windows\System32\msvcp_win.dll
0x00007ffcf8e80000 - 0x00007ffcf8eb2000 	C:\Windows\System32\IMM32.DLL
0x00007ffce5300000 - 0x00007ffce530c000 	c:\Users\jpten\.vscode\extensions\redhat.java-1.55.0-win32-x64\jre\21.0.11-win32-x86_64\bin\vcruntime140_1.dll
0x00007ffc483b0000 - 0x00007ffc4843d000 	c:\Users\jpten\.vscode\extensions\redhat.java-1.55.0-win32-x64\jre\21.0.11-win32-x86_64\bin\msvcp140.dll
0x00007ffc01770000 - 0x00007ffc02512000 	c:\Users\jpten\.vscode\extensions\redhat.java-1.55.0-win32-x64\jre\21.0.11-win32-x86_64\bin\server\jvm.dll
0x00007ffcf8870000 - 0x00007ffcf8927000 	C:\Windows\System32\ADVAPI32.dll
0x00007ffcf9e90000 - 0x00007ffcf9f3a000 	C:\Windows\System32\sechost.dll
0x00007ffcfa770000 - 0x00007ffcfa888000 	C:\Windows\System32\RPCRT4.dll
0x00007ffcf9fc0000 - 0x00007ffcfa040000 	C:\Windows\System32\WS2_32.dll
0x00007ffcf6870000 - 0x00007ffcf68ce000 	C:\Windows\SYSTEM32\POWRPROF.dll
0x00007ffceb640000 - 0x00007ffceb676000 	C:\Windows\SYSTEM32\WINMM.dll
0x00007ffced130000 - 0x00007ffced13b000 	C:\Windows\SYSTEM32\VERSION.dll
0x00007ffcf6850000 - 0x00007ffcf6864000 	C:\Windows\SYSTEM32\UMPDC.dll
0x00007ffcf6b60000 - 0x00007ffcf6b7b000 	C:\Windows\SYSTEM32\kernel.appcore.dll
0x00007ffce2680000 - 0x00007ffce268a000 	c:\Users\jpten\.vscode\extensions\redhat.java-1.55.0-win32-x64\jre\21.0.11-win32-x86_64\bin\jimage.dll
0x00007ffcebd40000 - 0x00007ffcebf82000 	C:\Windows\SYSTEM32\DBGHELP.DLL
0x00007ffcf9660000 - 0x00007ffcf99e3000 	C:\Windows\System32\combase.dll
0x00007ffcf9db0000 - 0x00007ffcf9e89000 	C:\Windows\System32\OLEAUT32.dll
0x00007ffced2d0000 - 0x00007ffced30b000 	C:\Windows\SYSTEM32\dbgcore.DLL
0x00007ffcf8190000 - 0x00007ffcf823c000 	C:\Windows\System32\bcryptPrimitives.dll
0x00007ffcdde20000 - 0x00007ffcdde2f000 	c:\Users\jpten\.vscode\extensions\redhat.java-1.55.0-win32-x64\jre\21.0.11-win32-x86_64\bin\instrument.dll
0x00007ffca7a40000 - 0x00007ffca7a60000 	c:\Users\jpten\.vscode\extensions\redhat.java-1.55.0-win32-x64\jre\21.0.11-win32-x86_64\bin\java.dll
0x00007ffcf8ec0000 - 0x00007ffcf9652000 	C:\Windows\System32\SHELL32.dll
0x00007ffcf57f0000 - 0x00007ffcf6082000 	C:\Windows\SYSTEM32\windows.storage.dll
0x00007ffcf99f0000 - 0x00007ffcf9ae7000 	C:\Windows\System32\SHCORE.dll
0x00007ffcf8cd0000 - 0x00007ffcf8d37000 	C:\Windows\System32\shlwapi.dll
0x00007ffcf7c80000 - 0x00007ffcf7ca9000 	C:\Windows\SYSTEM32\profapi.dll
0x00007ffca7a20000 - 0x00007ffca7a38000 	c:\Users\jpten\.vscode\extensions\redhat.java-1.55.0-win32-x64\jre\21.0.11-win32-x86_64\bin\zip.dll
0x00007ffce1970000 - 0x00007ffce1980000 	C:\Users\jpten\.vscode\extensions\redhat.java-1.55.0-win32-x64\jre\21.0.11-win32-x86_64\bin\net.dll
0x00007ffcf10e0000 - 0x00007ffcf1207000 	C:\Windows\SYSTEM32\WINHTTP.dll
0x00007ffcf7110000 - 0x00007ffcf717c000 	C:\Windows\system32\mswsock.dll
0x00007ffca6c50000 - 0x00007ffca6c66000 	C:\Users\jpten\.vscode\extensions\redhat.java-1.55.0-win32-x64\jre\21.0.11-win32-x86_64\bin\nio.dll
0x00007ffcddec0000 - 0x00007ffcdded0000 	c:\Users\jpten\.vscode\extensions\redhat.java-1.55.0-win32-x64\jre\21.0.11-win32-x86_64\bin\verify.dll
0x00007ffcaa530000 - 0x00007ffcaa575000 	C:\Users\jpten\AppData\Roaming\Code\User\globalStorage\redhat.java\1.55.0\config_win\org.eclipse.equinox.launcher\org.eclipse.equinox.launcher.win32.win32.x86_64_1.3.100.v20260613-0559\eclipse_11924.dll
0x00007ffcf9b30000 - 0x00007ffcf9cc9000 	C:\Windows\System32\ole32.dll
0x00007ffcf7410000 - 0x00007ffcf742b000 	C:\Windows\SYSTEM32\CRYPTSP.dll
0x00007ffcf6ac0000 - 0x00007ffcf6af9000 	C:\Windows\system32\rsaenh.dll
0x00007ffcf71d0000 - 0x00007ffcf7202000 	C:\Windows\SYSTEM32\USERENV.dll
0x00007ffcf7c50000 - 0x00007ffcf7c7a000 	C:\Windows\SYSTEM32\bcrypt.dll
0x00007ffcf7430000 - 0x00007ffcf743c000 	C:\Windows\SYSTEM32\CRYPTBASE.dll
0x00007ffcf6450000 - 0x00007ffcf6483000 	C:\Windows\SYSTEM32\IPHLPAPI.DLL
0x00007ffcf9cd0000 - 0x00007ffcf9cda000 	C:\Windows\System32\NSI.dll
0x00007ffc8e900000 - 0x00007ffc8e949000 	C:\Users\jpten\AppData\Local\Temp\jna-101344535\jna7350556822807423081.dll
0x00007ffcf9b20000 - 0x00007ffcf9b28000 	C:\Windows\System32\PSAPI.DLL
0x00007ffcf1000000 - 0x00007ffcf101d000 	C:\Windows\SYSTEM32\dhcpcsvc6.DLL
0x00007ffcf0f30000 - 0x00007ffcf0f55000 	C:\Windows\SYSTEM32\dhcpcsvc.DLL
0x00007ffcc2a20000 - 0x00007ffcc2a2e000 	C:\Users\jpten\.vscode\extensions\redhat.java-1.55.0-win32-x64\jre\21.0.11-win32-x86_64\bin\sunmscapi.dll
0x00007ffcf7eb0000 - 0x00007ffcf8028000 	C:\Windows\System32\CRYPT32.dll
0x00007ffcf7650000 - 0x00007ffcf7680000 	C:\Windows\SYSTEM32\ncrypt.dll
0x00007ffcf7600000 - 0x00007ffcf763f000 	C:\Windows\SYSTEM32\NTASN1.dll
0x00007ffcf64e0000 - 0x00007ffcf6636000 	C:\Windows\SYSTEM32\DNSAPI.dll
0x00007ffcf6f10000 - 0x00007ffcf6f1d000 	C:\Windows\SYSTEM32\DSPARSE.dll
0x00007ffcf0080000 - 0x00007ffcf008b000 	C:\Windows\System32\rasadhlp.dll
0x00007ffcf1360000 - 0x00007ffcf13e6000 	C:\Windows\System32\fwpuclnt.dll
0x00007ffcbc760000 - 0x00007ffcbc769000 	C:\Users\jpten\.vscode\extensions\redhat.java-1.55.0-win32-x64\jre\21.0.11-win32-x86_64\bin\extnet.dll
0x00007ffcdddf0000 - 0x00007ffcdde17000 	C:\Users\jpten\.gradle\native\660c5614fbf4a5f2a75b1949f50a0caf5cd603558e7d8a26e50b933a0cfb79d1\windows-amd64\native-platform.dll
0x00007ffcd9ce0000 - 0x00007ffcd9cea000 	C:\Users\jpten\.vscode\extensions\redhat.java-1.55.0-win32-x64\jre\21.0.11-win32-x86_64\bin\management.dll
0x00007ffcd9b40000 - 0x00007ffcd9b4c000 	C:\Users\jpten\.vscode\extensions\redhat.java-1.55.0-win32-x64\jre\21.0.11-win32-x86_64\bin\management_ext.dll
0x00007ffc6ca10000 - 0x00007ffc6ca18000 	C:\Windows\system32\wshunix.dll

JVMTI agents:
c:\Users\jpten\.vscode\extensions\redhat.java-1.55.0-win32-x64\lombok\lombok-1.18.39-4050.jar path:c:\Users\jpten\.vscode\extensions\redhat.java-1.55.0-win32-x64\jre\21.0.11-win32-x86_64\bin\instrument.dll, loaded, initialized, instrumentlib options:none

dbghelp: loaded successfully - version: 4.0.5 - missing functions: none
symbol engine: initialized successfully - sym options: 0x614 - pdb path: .;c:\Users\jpten\.vscode\extensions\redhat.java-1.55.0-win32-x64\jre\21.0.11-win32-x86_64\bin;C:\Windows\SYSTEM32;C:\Windows\WinSxS\amd64_microsoft.windows.common-controls_6595b64144ccf1df_6.0.26100.8875_none_3e0d5d42e32fe9dd;c:\Users\jpten\.vscode\extensions\redhat.java-1.55.0-win32-x64\jre\21.0.11-win32-x86_64\bin\server;C:\Users\jpten\AppData\Roaming\Code\User\globalStorage\redhat.java\1.55.0\config_win\org.eclipse.equinox.launcher\org.eclipse.equinox.launcher.win32.win32.x86_64_1.3.100.v20260613-0559;C:\Users\jpten\AppData\Local\Temp\jna-101344535;C:\Users\jpten\.gradle\native\660c5614fbf4a5f2a75b1949f50a0caf5cd603558e7d8a26e50b933a0cfb79d1\windows-amd64

VM Arguments:
jvm_args: --add-modules=ALL-SYSTEM --add-opens=java.base/java.util=ALL-UNNAMED --add-opens=java.base/java.lang=ALL-UNNAMED --add-opens=java.base/sun.nio.fs=ALL-UNNAMED -Declipse.application=org.eclipse.jdt.ls.core.id1 -Dosgi.bundles.defaultStartLevel=4 -Declipse.product=org.eclipse.jdt.ls.core.product -Djava.import.generatesMetadataFilesAtProjectRoot=false -DDetectVMInstallationsJob.disabled=true -Dfile.encoding=utf8 -XX:+UseParallelGC -XX:GCTimeRatio=4 -XX:AdaptiveSizePolicyWeight=90 -Dsun.zip.disableMemoryMapping=true -Xmx2G -Xms100m -Xlog:disable -javaagent:c:\Users\jpten\.vscode\extensions\redhat.java-1.55.0-win32-x64\lombok\lombok-1.18.39-4050.jar -XX:+HeapDumpOnOutOfMemoryError -XX:HeapDumpPath=c:\Users\jpten\AppData\Roaming\Code\User\workspaceStorage\01e5187b9297d594cf14f8df353fd417\redhat.java -Daether.dependencyCollector.impl=bf 
java_command: c:\Users\jpten\.vscode\extensions\redhat.java-1.55.0-win32-x64\server\plugins\org.eclipse.equinox.launcher_1.7.200.v20260619-2039.jar -configuration c:\Users\jpten\AppData\Roaming\Code\User\globalStorage\redhat.java\1.55.0\config_win -data c:\Users\jpten\AppData\Roaming\Code\User\workspaceStorage\01e5187b9297d594cf14f8df353fd417\redhat.java\jdt_ws --pipe=\\.\pipe\lsp-c22894d3c5bbac8e98db300440873b1a-sock
java_class_path (initial): c:\Users\jpten\.vscode\extensions\redhat.java-1.55.0-win32-x64\server\plugins\org.eclipse.equinox.launcher_1.7.200.v20260619-2039.jar
Launcher Type: SUN_STANDARD

[Global flags]
    uintx AdaptiveSizePolicyWeight                 = 90                                        {product} {command line}
     intx CICompilerCount                          = 4                                         {product} {ergonomic}
    uintx GCTimeRatio                              = 4                                         {product} {command line}
     bool HeapDumpOnOutOfMemoryError               = true                                   {manageable} {command line}
    ccstr HeapDumpPath                             = c:\Users\jpten\AppData\Roaming\Code\User\workspaceStorage\01e5187b9297d594cf14f8df353fd417\redhat.java         {manageable} {command line}
   size_t InitialHeapSize                          = 104857600                                 {product} {command line}
   size_t MaxHeapSize                              = 2147483648                                {product} {command line}
   size_t MaxNewSize                               = 715653120                                 {product} {ergonomic}
   size_t MinHeapDeltaBytes                        = 524288                                    {product} {ergonomic}
   size_t MinHeapSize                              = 104857600                                 {product} {command line}
   size_t NewSize                                  = 34603008                                  {product} {ergonomic}
    uintx NonNMethodCodeHeapSize                   = 5839372                                {pd product} {ergonomic}
    uintx NonProfiledCodeHeapSize                  = 122909434                              {pd product} {ergonomic}
   size_t OldSize                                  = 70254592                                  {product} {ergonomic}
    uintx ProfiledCodeHeapSize                     = 122909434                              {pd product} {ergonomic}
    uintx ReservedCodeCacheSize                    = 251658240                              {pd product} {ergonomic}
     bool SegmentedCodeCache                       = true                                      {product} {ergonomic}
   size_t SoftMaxHeapSize                          = 2147483648                             {manageable} {ergonomic}
     bool UseCompressedOops                        = true                           {product lp64_product} {ergonomic}
     bool UseLargePagesIndividualAllocation        = false                                  {pd product} {ergonomic}
     bool UseParallelGC                            = true                                      {product} {command line}

Logging:
Log output configuration:
 #0: stdout all=off uptime,level,tags foldmultilines=false
 #1: stderr all=off uptime,level,tags foldmultilines=false

Release file:
JAVA_VERSION="21.0.11" 
MODULES="java.base java.compiler java.datatransfer java.xml java.prefs java.desktop java.instrument java.logging java.management java.security.sasl java.naming java.rmi java.management.rmi java.net.http java.scripting java.security.jgss java.transaction.xa java.sql java.sql.rowset java.xml.crypto java.se java.smartcardio jdk.accessibility jdk.internal.jvmstat jdk.attach jdk.charsets jdk.internal.opt jdk.zipfs jdk.compiler jdk.crypto.ec jdk.crypto.cryptoki jdk.crypto.mscapi jdk.dynalink jdk.internal.ed jdk.editpad jdk.hotspot.agent jdk.httpserver jdk.internal.le jdk.internal.vm.ci jdk.internal.vm.compiler jdk.internal.vm.compiler.management jdk.jartool jdk.javadoc jdk.jcmd jdk.management jdk.management.agent jdk.jconsole jdk.jdeps jdk.jdwp.agent jdk.jdi jdk.jfr jdk.jshell jdk.jsobject jdk.jstatd jdk.localedata jdk.management.jfr jdk.naming.dns jdk.naming.rmi jdk.net jdk.nio.mapmode jdk.random jdk.sctp jdk.security.auth jdk.security.jgss jdk.unsupported jdk.unsupported.desktop jdk.xml.dom" 

Environment Variables:
JAVA_HOME=C:\Users\jpten\dev-tools\jdk-17
PATH=C:\Python314\Scripts\;C:\Python314\;C:\Program Files (x86)\Common Files\Oracle\Java\java8path;C:\Program Files (x86)\Common Files\Oracle\Java\javapath;C:\Windows\system32;C:\Windows;C:\Windows\System32\Wbem;C:\Windows\System32\WindowsPowerShell\v1.0\;C:\Windows\System32\OpenSSH\;C:\Program Files (x86)\NVIDIA Corporation\PhysX\Common;C:\Program Files\NVIDIA Corporation\NVIDIA App\NvDLISR;C:\Program Files\dotnet\;C:\Program Files\playit_gg\bin\;C:\Program Files\nodejs\;C:\ProgramData\chocolatey\bin;C:\Program Files\Git\cmd;C:\Users\jpten\AppData\Local\Microsoft\WindowsApps;C:\Users\jpten\.dotnet\tools;C:\Users\jpten\AppData\Local\Programs\Microsoft VS Code\bin;C:\Users\jpten\AppData\Roaming\npm;C:\Users\jpten\AppData\Local\Microsoft\WinGet\Packages\Rclone.Rclone_Microsoft.Winget.Source_8wekyb3d8bbwe\rclone-v1.74.3-windows-amd64;C:\Users\jpten\dev-tools\jdk-17\bin;C:\Program Files\Git\cmd;C:\Users\jpten\Android\Sdk\platform-tools;C:\Users\jpten\Android\Sdk\cmdline-tools\latest\bin
USERNAME=jpten
OS=Windows_NT
PROCESSOR_IDENTIFIER=AMD64 Family 25 Model 68 Stepping 1, AuthenticAMD
TMP=C:\Users\jpten\AppData\Local\Temp
TEMP=C:\Users\jpten\AppData\Local\Temp




Periodic native trim disabled

---------------  S Y S T E M  ---------------

OS:
 Windows 11 , 64 bit Build 26100 (10.0.26100.8875)
OS uptime: 0 days 20:52 hours
Hyper-V role detected

CPU: total 12 (initial active 12) (12 cores per cpu, 2 threads per core) family 25 model 68 stepping 1 microcode 0xa40410a, cx8, cmov, fxsr, ht, mmx, 3dnowpref, sse, sse2, sse3, ssse3, sse4a, sse4.1, sse4.2, popcnt, lzcnt, tsc, tscinvbit, avx, avx2, aes, erms, clmul, bmi1, bmi2, adx, sha, fma, vzeroupper, clflush, clflushopt, hv, rdtscp, rdpid, fsrm, f16c, cet_ss
Processor Information for processor 0
  Max Mhz: 3301, Current Mhz: 3301, Mhz Limit: 3301
Processor Information for processor 1
  Max Mhz: 3301, Current Mhz: 2008, Mhz Limit: 3301
Processor Information for processor 2
  Max Mhz: 3301, Current Mhz: 2008, Mhz Limit: 3301
Processor Information for processor 3
  Max Mhz: 3301, Current Mhz: 2008, Mhz Limit: 3301
Processor Information for processor 4
  Max Mhz: 3301, Current Mhz: 2008, Mhz Limit: 3301
Processor Information for processor 5
  Max Mhz: 3301, Current Mhz: 2008, Mhz Limit: 3301
Processor Information for processor 6
  Max Mhz: 3301, Current Mhz: 2008, Mhz Limit: 3301
Processor Information for processor 7
  Max Mhz: 3301, Current Mhz: 2008, Mhz Limit: 3301
Processor Information for processor 8
  Max Mhz: 3301, Current Mhz: 2008, Mhz Limit: 3301
Processor Information for processor 9
  Max Mhz: 3301, Current Mhz: 2008, Mhz Limit: 3301
Processor Information for processor 10
  Max Mhz: 3301, Current Mhz: 2008, Mhz Limit: 3301
Processor Information for processor 11
  Max Mhz: 3301, Current Mhz: 2008, Mhz Limit: 3301

Memory: 4k page, system-wide physical 7484M (248M free)
TotalPageFile size 30012M (AvailPageFile size 1M)
current process WorkingSet (physical memory assigned to process): 9M, peak: 954M
current process commit charge ("private bytes"): 1637M, peak: 1639M

vm_info: OpenJDK 64-Bit Server VM (21.0.11+10-LTS) for windows-amd64 JRE (21.0.11+10-LTS), built on 2026-04-21T00:00:00Z by "admin" with MS VC++ 17.12 (VS2022)

END.
