#
# There is insufficient memory for the Java Runtime Environment to continue.
# Native memory allocation (malloc) failed to allocate 1316816 bytes. Error detail: Chunk::new
# Possible reasons:
#   The system is out of physical RAM or swap space
#   This process is running with CompressedOops enabled, and the Java Heap may be blocking the growth of the native heap
# Possible solutions:
#   Reduce memory load on the system
#   Increase physical memory or swap space
#   Check if swap backing store is full
#   Decrease Java heap size (-Xmx/-Xms)
#   Decrease number of Java threads
#   Decrease Java thread stack sizes (-Xss)
#   Set larger code cache with -XX:ReservedCodeCacheSize=
#   JVM is running with Unscaled Compressed Oops mode in which the Java heap is
#     placed in the first 4GB address space. The Java Heap base address is the
#     maximum limit for the native heap growth. Please use -XX:HeapBaseMinAddress
#     to set the Java Heap base and to place the Java Heap above 4GB virtual address.
# This output file may be truncated or incomplete.
#
#  Out of Memory Error (arena.cpp:168), pid=12136, tid=21840
#
# JRE version: OpenJDK Runtime Environment Temurin-21.0.11+10 (21.0.11+10) (build 21.0.11+10-LTS)
# Java VM: OpenJDK 64-Bit Server VM Temurin-21.0.11+10 (21.0.11+10-LTS, mixed mode, sharing, tiered, compressed oops, compressed class ptrs, parallel gc, windows-amd64)
# No core dump will be written. Minidumps are not enabled by default on client versions of Windows
#

---------------  S U M M A R Y ------------

Command Line: --add-modules=ALL-SYSTEM --add-opens=java.base/java.util=ALL-UNNAMED --add-opens=java.base/java.lang=ALL-UNNAMED --add-opens=java.base/sun.nio.fs=ALL-UNNAMED -Declipse.application=org.eclipse.jdt.ls.core.id1 -Dosgi.bundles.defaultStartLevel=4 -Declipse.product=org.eclipse.jdt.ls.core.product -Djava.import.generatesMetadataFilesAtProjectRoot=false -DDetectVMInstallationsJob.disabled=true -Dfile.encoding=utf8 -XX:+UseParallelGC -XX:GCTimeRatio=4 -XX:AdaptiveSizePolicyWeight=90 -Dsun.zip.disableMemoryMapping=true -Xmx2G -Xms100m -Xlog:disable -javaagent:c:\Users\jpten\.vscode\extensions\redhat.java-1.55.0-win32-x64\lombok\lombok-1.18.39-4050.jar -XX:+HeapDumpOnOutOfMemoryError -XX:HeapDumpPath=c:\Users\jpten\AppData\Roaming\Code\User\workspaceStorage\01e5187b9297d594cf14f8df353fd417\redhat.java -Daether.dependencyCollector.impl=bf c:\Users\jpten\.vscode\extensions\redhat.java-1.55.0-win32-x64\server\plugins\org.eclipse.equinox.launcher_1.7.200.v20260619-2039.jar -configuration c:\Users\jpten\AppData\Roaming\Code\User\globalStorage\redhat.java\1.55.0\config_win -data c:\Users\jpten\AppData\Roaming\Code\User\workspaceStorage\01e5187b9297d594cf14f8df353fd417\redhat.java\jdt_ws --pipe=\\.\pipe\lsp-31e1a3c1dada2a2b9a0b926b71492e5f-sock

Host: AMD Ryzen 5 6600H with Radeon Graphics         , 12 cores, 7G,  Windows 11 , 64 bit Build 26100 (10.0.26100.8875)
Time: Tue Jul 21 20:27:43 2026 Malay Peninsula Standard Time elapsed time: 100662.034382 seconds (1d 3h 57m 42s)

---------------  T H R E A D  ---------------

Current thread (0x00000270f2289280):  JavaThread "C2 CompilerThread0" daemon [_thread_in_native, id=21840, stack(0x000000f9a3d00000,0x000000f9a3e00000) (1024K)]


Current CompileTask:
C2:100662034 32439       4       org.eclipse.lsp4j.jsonrpc.json.adapters.MessageTypeAdapter::write (10 bytes)

Stack: [0x000000f9a3d00000,0x000000f9a3e00000]
Native frames: (J=compiled Java code, j=interpreted, Vv=VM code, C=native code)
V  [jvm.dll+0x6d7e19]
V  [jvm.dll+0x8b5096]
V  [jvm.dll+0x8b764e]
V  [jvm.dll+0x8b7d33]
V  [jvm.dll+0x284596]
V  [jvm.dll+0xc685d]
V  [jvm.dll+0xc6da1]
V  [jvm.dll+0x3bed31]
V  [jvm.dll+0x1e4149]
V  [jvm.dll+0x24c853]
V  [jvm.dll+0x24bce0]
V  [jvm.dll+0x1cb4ae]
V  [jvm.dll+0x25baad]
V  [jvm.dll+0x25a03a]
V  [jvm.dll+0x3f868e]
V  [jvm.dll+0x85fb0d]
V  [jvm.dll+0x6d664d]
C  [ucrtbase.dll+0x2cd30]
C  [KERNEL32.DLL+0x2e957]
C  [ntdll.dll+0xaad6c]


---------------  P R O C E S S  ---------------

Threads class SMR info:
_java_thread_list=0x00000270d7b10550, length=96, elements={
0x00000270f21e3150, 0x00000270f218d1d0, 0x00000270f2280740, 0x00000270f2283f30,
0x00000270f2286d20, 0x00000270f22878b0, 0x00000270f2288440, 0x00000270f2289280,
0x00000270faf52b00, 0x00000270fb110ee0, 0x00000270d40878e0, 0x00000270d4a440c0,
0x00000270d4989060, 0x00000270d43e3950, 0x00000270d49c9740, 0x00000270d45f7050,
0x00000270d4603af0, 0x00000270d4ebf1c0, 0x00000270d5eb6900, 0x00000270d5eb6270,
0x00000270d5eb5be0, 0x00000270d5eb89d0, 0x00000270d669ee30, 0x00000270d669f4c0,
0x00000270d669fb50, 0x00000270d66a01e0, 0x00000270d669e110, 0x00000270d669e7a0,
0x00000270d66a1590, 0x00000270d66a0870, 0x00000270d66a0f00, 0x00000270d790fa70,
0x00000270d7910790, 0x00000270d7910e20, 0x00000270d7910100, 0x00000270d79114b0,
0x00000270d7fc6020, 0x00000270eafc4870, 0x00000270d8bc9510, 0x00000270d7915ce0,
0x00000270d7912860, 0x00000270d7914930, 0x00000270d7914fc0, 0x00000270d7fb9d60,
0x00000270d7fb68e0, 0x00000270d7fb89b0, 0x00000270d7fb6f70, 0x00000270d7fb7c90,
0x00000270d7fbbe30, 0x00000270d7fbd1e0, 0x00000270d7fbdf00, 0x00000270d8bc7ad0,
0x00000270d8bc5a00, 0x00000270d8bc6090, 0x00000270d8bcb5e0, 0x00000270e2cc16e0,
0x00000270e2cc1d70, 0x00000270e2cc2400, 0x00000270e2cbfca0, 0x00000270e2cc3e40,
0x00000270e2cc09c0, 0x00000270e2cc5880, 0x00000270e2cc5f10, 0x00000270d7fc3230,
0x00000270d7fc5300, 0x00000270d7fc2ba0, 0x00000270d7fc6d40, 0x00000270d7fc38c0,
0x00000270d7fc8e10, 0x00000270d7fc8780, 0x00000270d7fc9b30, 0x00000270eafc6940,
0x00000270eafc6fd0, 0x00000270eafc62b0, 0x00000270eafc5c20, 0x00000270eafc7cf0,
0x00000270eafc5590, 0x00000270d5eb6f90, 0x00000270d5eb7620, 0x00000270d5eb7cb0,
0x00000270d5eb8340, 0x00000270d5eb5550, 0x00000270d8bc8160, 0x00000270d8bc4ce0,
0x00000270d8bc6720, 0x00000270d8bca230, 0x00000270d8bcbc70, 0x00000270d7fbb110,
0x00000270d7fb8320, 0x00000270d7fbc4c0, 0x00000270d7911b40, 0x00000270d790ed50,
0x00000270d7913c10, 0x00000270eac02a00, 0x00000270eac03090, 0x00000270eac03720
}

Java Threads: ( => current thread )
  0x00000270f21e3150 JavaThread "main"                              [_thread_blocked, id=21836, stack(0x000000f9a3300000,0x000000f9a3400000) (1024K)]
  0x00000270f218d1d0 JavaThread "Reference Handler"          daemon [_thread_blocked, id=14936, stack(0x000000f9a3700000,0x000000f9a3800000) (1024K)]
  0x00000270f2280740 JavaThread "Finalizer"                  daemon [_thread_blocked, id=23776, stack(0x000000f9a3800000,0x000000f9a3900000) (1024K)]
  0x00000270f2283f30 JavaThread "Signal Dispatcher"          daemon [_thread_blocked, id=29008, stack(0x000000f9a3900000,0x000000f9a3a00000) (1024K)]
  0x00000270f2286d20 JavaThread "Attach Listener"            daemon [_thread_blocked, id=16596, stack(0x000000f9a3a00000,0x000000f9a3b00000) (1024K)]
  0x00000270f22878b0 JavaThread "Service Thread"             daemon [_thread_blocked, id=29012, stack(0x000000f9a3b00000,0x000000f9a3c00000) (1024K)]
  0x00000270f2288440 JavaThread "Monitor Deflation Thread"   daemon [_thread_blocked, id=29016, stack(0x000000f9a3c00000,0x000000f9a3d00000) (1024K)]
=>0x00000270f2289280 JavaThread "C2 CompilerThread0"         daemon [_thread_in_native, id=21840, stack(0x000000f9a3d00000,0x000000f9a3e00000) (1024K)]
  0x00000270faf52b00 JavaThread "C1 CompilerThread0"         daemon [_thread_blocked, id=21848, stack(0x000000f9a3e00000,0x000000f9a3f00000) (1024K)]
  0x00000270fb110ee0 JavaThread "Common-Cleaner"             daemon [_thread_blocked, id=13596, stack(0x000000f9a4000000,0x000000f9a4100000) (1024K)]
  0x00000270d40878e0 JavaThread "Notification Thread"        daemon [_thread_blocked, id=20512, stack(0x000000f9a4100000,0x000000f9a4200000) (1024K)]
  0x00000270d4a440c0 JavaThread "Active Thread: Equinox Container: 77120bef-e8f4-4748-ae58-f33adad7dc0d"        [_thread_blocked, id=29376, stack(0x000000f9a4900000,0x000000f9a4a00000) (1024K)]
  0x00000270d4989060 JavaThread "Refresh Thread: Equinox Container: 77120bef-e8f4-4748-ae58-f33adad7dc0d" daemon [_thread_blocked, id=1000, stack(0x000000f9a4200000,0x000000f9a4300000) (1024K)]
  0x00000270d43e3950 JavaThread "Framework Event Dispatcher: Equinox Container: 77120bef-e8f4-4748-ae58-f33adad7dc0d" daemon [_thread_blocked, id=29452, stack(0x000000f9a4a00000,0x000000f9a4b00000) (1024K)]
  0x00000270d49c9740 JavaThread "Start Level: Equinox Container: 77120bef-e8f4-4748-ae58-f33adad7dc0d" daemon [_thread_blocked, id=18420, stack(0x000000f9a4b00000,0x000000f9a4c00000) (1024K)]
  0x00000270d45f7050 JavaThread "Bundle File Closer"         daemon [_thread_blocked, id=14356, stack(0x000000f9a4e00000,0x000000f9a4f00000) (1024K)]
  0x00000270d4603af0 JavaThread "SCR Component Actor"        daemon [_thread_blocked, id=28412, stack(0x000000f9a4f00000,0x000000f9a5000000) (1024K)]
  0x00000270d4ebf1c0 JavaThread "Worker-JM"                         [_thread_blocked, id=6112, stack(0x000000f9a5200000,0x000000f9a5300000) (1024K)]
  0x00000270d5eb6900 JavaThread "JNA Cleaner"                daemon [_thread_blocked, id=27124, stack(0x000000f9a5100000,0x000000f9a5200000) (1024K)]
  0x00000270d5eb6270 JavaThread "Java indexing"              daemon [_thread_blocked, id=28416, stack(0x000000f9a5600000,0x000000f9a5700000) (1024K)]
  0x00000270d5eb5be0 JavaThread "Thread-1"                   daemon [_thread_in_native, id=4964, stack(0x000000f9a5b00000,0x000000f9a5c00000) (1024K)]
  0x00000270d5eb89d0 JavaThread "Thread-2"                   daemon [_thread_in_native, id=21716, stack(0x000000f9a5c00000,0x000000f9a5d00000) (1024K)]
  0x00000270d669ee30 JavaThread "Thread-3"                   daemon [_thread_in_native, id=10396, stack(0x000000f9a5d00000,0x000000f9a5e00000) (1024K)]
  0x00000270d669f4c0 JavaThread "Thread-4"                   daemon [_thread_in_native, id=21800, stack(0x000000f9a5e00000,0x000000f9a5f00000) (1024K)]
  0x00000270d669fb50 JavaThread "Thread-5"                   daemon [_thread_in_native, id=24512, stack(0x000000f9a5f00000,0x000000f9a6000000) (1024K)]
  0x00000270d66a01e0 JavaThread "Thread-6"                   daemon [_thread_in_native, id=21864, stack(0x000000f9a6000000,0x000000f9a6100000) (1024K)]
  0x00000270d669e110 JavaThread "Thread-7"                   daemon [_thread_in_native, id=21852, stack(0x000000f9a6100000,0x000000f9a6200000) (1024K)]
  0x00000270d669e7a0 JavaThread "Thread-8"                   daemon [_thread_in_native, id=18844, stack(0x000000f9a6200000,0x000000f9a6300000) (1024K)]
  0x00000270d66a1590 JavaThread "Thread-9"                   daemon [_thread_in_native, id=15852, stack(0x000000f9a6300000,0x000000f9a6400000) (1024K)]
  0x00000270d66a0870 JavaThread "Thread-10"                  daemon [_thread_in_native, id=21868, stack(0x000000f9a6400000,0x000000f9a6500000) (1024K)]
  0x00000270d66a0f00 JavaThread "Thread-11"                  daemon [_thread_in_native, id=21880, stack(0x000000f9a6500000,0x000000f9a6600000) (1024K)]
  0x00000270d790fa70 JavaThread "Thread-12"                  daemon [_thread_in_native, id=1716, stack(0x000000f9a6600000,0x000000f9a6700000) (1024K)]
  0x00000270d7910790 JavaThread "Thread-13"                  daemon [_thread_in_native, id=21888, stack(0x000000f9a6700000,0x000000f9a6800000) (1024K)]
  0x00000270d7910e20 JavaThread "pool-2-thread-1"                   [_thread_blocked, id=21832, stack(0x000000f9a6800000,0x000000f9a6900000) (1024K)]
  0x00000270d7910100 JavaThread "WorkspaceEventsHandler"            [_thread_blocked, id=5348, stack(0x000000f9a6900000,0x000000f9a6a00000) (1024K)]
  0x00000270d79114b0 JavaThread "pool-1-thread-1"                   [_thread_blocked, id=12132, stack(0x000000f9a6a00000,0x000000f9a6b00000) (1024K)]
  0x00000270d7fc6020 JavaThread "Cleaner-0"                  daemon [_thread_blocked, id=3592, stack(0x000000f9a9c00000,0x000000f9a9d00000) (1024K)]
  0x00000270eafc4870 JavaThread "Worker-35"                         [_thread_blocked, id=31348, stack(0x000000f9a5000000,0x000000f9a5100000) (1024K)]
  0x00000270d8bc9510 JavaThread "Worker-39"                         [_thread_blocked, id=16944, stack(0x000000f9a5500000,0x000000f9a5600000) (1024K)]
  0x00000270d7915ce0 JavaThread "LocalFile Deleter"          daemon [_thread_blocked, id=34876, stack(0x000000f9a5300000,0x000000f9a5400000) (1024K)]
  0x00000270d7912860 JavaThread "LocalFile Deleter"          daemon [_thread_blocked, id=38636, stack(0x000000f9a5400000,0x000000f9a5500000) (1024K)]
  0x00000270d7914930 JavaThread "LocalFile Deleter"          daemon [_thread_blocked, id=35060, stack(0x000000f9a5700000,0x000000f9a5800000) (1024K)]
  0x00000270d7914fc0 JavaThread "LocalFile Deleter"          daemon [_thread_blocked, id=37720, stack(0x000000f9a5800000,0x000000f9a5900000) (1024K)]
  0x00000270d7fb9d60 JavaThread "Timer-0"                           [_thread_blocked, id=37736, stack(0x000000f9a5900000,0x000000f9a5a00000) (1024K)]
  0x00000270d7fb68e0 JavaThread "Compiler Source File Reader" daemon [_thread_blocked, id=36360, stack(0x000000f9a5a00000,0x000000f9a5b00000) (1024K)]
  0x00000270d7fb89b0 JavaThread "Compiler Source File Reader" daemon [_thread_blocked, id=39888, stack(0x000000f9a6b00000,0x000000f9a6c00000) (1024K)]
  0x00000270d7fb6f70 JavaThread "Timer-1"                           [_thread_blocked, id=31720, stack(0x000000f9a6c00000,0x000000f9a6d00000) (1024K)]
  0x00000270d7fb7c90 JavaThread "Timer-2"                           [_thread_blocked, id=29316, stack(0x000000f9a6d00000,0x000000f9a6e00000) (1024K)]
  0x00000270d7fbbe30 JavaThread "Timer-3"                           [_thread_blocked, id=38728, stack(0x000000f9a6f00000,0x000000f9a7000000) (1024K)]
  0x00000270d7fbd1e0 JavaThread "Worker-42: Building"               [_thread_blocked, id=36400, stack(0x000000f9a7100000,0x000000f9a7200000) (1024K)]
  0x00000270d7fbdf00 JavaThread "Compiler Class File Writer" daemon [_thread_blocked, id=34336, stack(0x000000f9a7300000,0x000000f9a7400000) (1024K)]
  0x00000270d8bc7ad0 JavaThread "Compiler Class File Writer" daemon [_thread_blocked, id=36784, stack(0x000000f9a7400000,0x000000f9a7500000) (1024K)]
  0x00000270d8bc5a00 JavaThread "Compiler Class File Writer" daemon [_thread_blocked, id=37040, stack(0x000000f9a7500000,0x000000f9a7600000) (1024K)]
  0x00000270d8bc6090 JavaThread "Compiler Class File Writer" daemon [_thread_blocked, id=36172, stack(0x000000f9a7600000,0x000000f9a7700000) (1024K)]
  0x00000270d8bcb5e0 JavaThread "Timer-4"                           [_thread_blocked, id=37480, stack(0x000000f9a7c00000,0x000000f9a7d00000) (1024K)]
  0x00000270e2cc16e0 JavaThread "Timer-5"                           [_thread_blocked, id=34160, stack(0x000000f9a7e00000,0x000000f9a7f00000) (1024K)]
  0x00000270e2cc1d70 JavaThread "Timer-6"                           [_thread_blocked, id=35276, stack(0x000000f9a3000000,0x000000f9a3100000) (1024K)]
  0x00000270e2cc2400 JavaThread "Timer-7"                           [_thread_blocked, id=20312, stack(0x000000f9a3100000,0x000000f9a3200000) (1024K)]
  0x00000270e2cbfca0 JavaThread "Worker-43"                         [_thread_blocked, id=37640, stack(0x000000f9a6e00000,0x000000f9a6f00000) (1024K)]
  0x00000270e2cc3e40 JavaThread "Worker-44"                         [_thread_blocked, id=6596, stack(0x000000f9a7000000,0x000000f9a7100000) (1024K)]
  0x00000270e2cc09c0 JavaThread "ForkJoinPool.commonPool-worker-88" daemon [_thread_blocked, id=35092, stack(0x000000f9a3200000,0x000000f9a3300000) (1024K)]
  0x00000270e2cc5880 JavaThread "ForkJoinPool.commonPool-worker-89" daemon [_thread_blocked, id=33572, stack(0x000000f9a7200000,0x000000f9a7300000) (1024K)]
  0x00000270e2cc5f10 JavaThread "ForkJoinPool.commonPool-worker-90" daemon [_thread_blocked, id=38760, stack(0x000000f9a7700000,0x000000f9a7800000) (1024K)]
  0x00000270d7fc3230 JavaThread "ForkJoinPool.commonPool-worker-91" daemon [_thread_blocked, id=34232, stack(0x000000f9a7800000,0x000000f9a7900000) (1024K)]
  0x00000270d7fc5300 JavaThread "ForkJoinPool.commonPool-worker-92" daemon [_thread_blocked, id=39196, stack(0x000000f9a7900000,0x000000f9a7a00000) (1024K)]
  0x00000270d7fc2ba0 JavaThread "ForkJoinPool.commonPool-worker-93" daemon [_thread_blocked, id=37404, stack(0x000000f9a7a00000,0x000000f9a7b00000) (1024K)]
  0x00000270d7fc6d40 JavaThread "ForkJoinPool.commonPool-worker-94" daemon [_thread_blocked, id=36852, stack(0x000000f9a7b00000,0x000000f9a7c00000) (1024K)]
  0x00000270d7fc38c0 JavaThread "ForkJoinPool.commonPool-worker-95" daemon [_thread_blocked, id=29952, stack(0x000000f9a7d00000,0x000000f9a7e00000) (1024K)]
  0x00000270d7fc8e10 JavaThread "ForkJoinPool.commonPool-worker-96" daemon [_thread_blocked, id=40560, stack(0x000000f9a7f00000,0x000000f9a8000000) (1024K)]
  0x00000270d7fc8780 JavaThread "ForkJoinPool.commonPool-worker-97" daemon [_thread_blocked, id=28420, stack(0x000000f9a8100000,0x000000f9a8200000) (1024K)]
  0x00000270d7fc9b30 JavaThread "ForkJoinPool.commonPool-worker-98" daemon [_thread_blocked, id=32800, stack(0x000000f9a8200000,0x000000f9a8300000) (1024K)]
  0x00000270eafc6940 JavaThread "LocalFile Deleter"          daemon [_thread_blocked, id=40320, stack(0x000000f9a8400000,0x000000f9a8500000) (1024K)]
  0x00000270eafc6fd0 JavaThread "LocalFile Deleter"          daemon [_thread_blocked, id=40036, stack(0x000000f9a8500000,0x000000f9a8600000) (1024K)]
  0x00000270eafc62b0 JavaThread "LocalFile Deleter"          daemon [_thread_blocked, id=40584, stack(0x000000f9a8600000,0x000000f9a8700000) (1024K)]
  0x00000270eafc5c20 JavaThread "LocalFile Deleter"          daemon [_thread_blocked, id=39976, stack(0x000000f9a8700000,0x000000f9a8800000) (1024K)]
  0x00000270eafc7cf0 JavaThread "LocalFile Deleter"          daemon [_thread_blocked, id=39916, stack(0x000000f9a8800000,0x000000f9a8900000) (1024K)]
  0x00000270eafc5590 JavaThread "LocalFile Deleter"          daemon [_thread_blocked, id=5700, stack(0x000000f9a8900000,0x000000f9a8a00000) (1024K)]
  0x00000270d5eb6f90 JavaThread "LocalFile Deleter"          daemon [_thread_blocked, id=34116, stack(0x000000f9a8a00000,0x000000f9a8b00000) (1024K)]
  0x00000270d5eb7620 JavaThread "LocalFile Deleter"          daemon [_thread_blocked, id=19556, stack(0x000000f9a8b00000,0x000000f9a8c00000) (1024K)]
  0x00000270d5eb7cb0 JavaThread "Compiler Source File Reader" daemon [_thread_blocked, id=36348, stack(0x000000f9a8c00000,0x000000f9a8d00000) (1024K)]
  0x00000270d5eb8340 JavaThread "Compiler Source File Reader" daemon [_thread_blocked, id=34484, stack(0x000000f9a8d00000,0x000000f9a8e00000) (1024K)]
  0x00000270d5eb5550 JavaThread "Compiler Source File Reader" daemon [_thread_blocked, id=36536, stack(0x000000f9a8e00000,0x000000f9a8f00000) (1024K)]
  0x00000270d8bc8160 JavaThread "Compiler Source File Reader" daemon [_thread_blocked, id=36632, stack(0x000000f9a8f00000,0x000000f9a9000000) (1024K)]
  0x00000270d8bc4ce0 JavaThread "Compiler Processing Task"   daemon [_thread_blocked, id=12044, stack(0x000000f9a9000000,0x000000f9a9100000) (1024K)]
  0x00000270d8bc6720 JavaThread "Compiler Class File Writer" daemon [_thread_blocked, id=24484, stack(0x000000f9a9100000,0x000000f9a9200000) (1024K)]
  0x00000270d8bca230 JavaThread "Compiler Class File Writer" daemon [_thread_blocked, id=39376, stack(0x000000f9a9200000,0x000000f9a9300000) (1024K)]
  0x00000270d8bcbc70 JavaThread "Compiler Class File Writer" daemon [_thread_blocked, id=23768, stack(0x000000f9a9300000,0x000000f9a9400000) (1024K)]
  0x00000270d7fbb110 JavaThread "Compiler Class File Writer" daemon [_thread_blocked, id=34076, stack(0x000000f9a9400000,0x000000f9a9500000) (1024K)]
  0x00000270d7fb8320 JavaThread "Compiler Class File Writer" daemon [_thread_blocked, id=1032, stack(0x000000f9a9500000,0x000000f9a9600000) (1024K)]
  0x00000270d7fbc4c0 JavaThread "Compiler Class File Writer" daemon [_thread_blocked, id=39332, stack(0x000000f9a9600000,0x000000f9a9700000) (1024K)]
  0x00000270d7911b40 JavaThread "Compiler Source File Reader" daemon [_thread_blocked, id=36012, stack(0x000000f9a9700000,0x000000f9a9800000) (1024K)]
  0x00000270d790ed50 JavaThread "Compiler Source File Reader" daemon [_thread_blocked, id=4124, stack(0x000000f9a9800000,0x000000f9a9900000) (1024K)]
  0x00000270d7913c10 JavaThread "Compiler Source File Reader" daemon [_thread_blocked, id=37124, stack(0x000000f9a8300000,0x000000f9a8400000) (1024K)]
  0x00000270eac02a00 JavaThread "Compiler Source File Reader" daemon [_thread_blocked, id=26508, stack(0x000000f9a9900000,0x000000f9a9a00000) (1024K)]
  0x00000270eac03090 JavaThread "PatternSearchJob-worker-47" daemon [_thread_blocked, id=37160, stack(0x000000f9a9a00000,0x000000f9a9b00000) (1024K)]
  0x00000270eac03720 JavaThread "PatternSearchJob-worker-48" daemon [_thread_blocked, id=40472, stack(0x000000f9a9b00000,0x000000f9a9c00000) (1024K)]
Total: 96

Other Threads:
  0x00000270faf00d70 VMThread "VM Thread"                           [id=27224, stack(0x000000f9a3600000,0x000000f9a3700000) (1024K)]
  0x00000270f206ca00 WatcherThread "VM Periodic Task Thread"        [id=22344, stack(0x000000f9a3500000,0x000000f9a3600000) (1024K)]
  0x00000270f2201520 WorkerThread "GC Thread#0"                     [id=21884, stack(0x000000f9a3400000,0x000000f9a3500000) (1024K)]
  0x00000270d47b62f0 WorkerThread "GC Thread#1"                     [id=22332, stack(0x000000f9a4300000,0x000000f9a4400000) (1024K)]
  0x00000270d47b66a0 WorkerThread "GC Thread#2"                     [id=10356, stack(0x000000f9a4400000,0x000000f9a4500000) (1024K)]
  0x00000270d443d9b0 WorkerThread "GC Thread#3"                     [id=26540, stack(0x000000f9a4500000,0x000000f9a4600000) (1024K)]
  0x00000270d443dd60 WorkerThread "GC Thread#4"                     [id=28760, stack(0x000000f9a4600000,0x000000f9a4700000) (1024K)]
  0x00000270d443e110 WorkerThread "GC Thread#5"                     [id=16652, stack(0x000000f9a4700000,0x000000f9a4800000) (1024K)]
  0x00000270d430d5a0 WorkerThread "GC Thread#6"                     [id=29124, stack(0x000000f9a4800000,0x000000f9a4900000) (1024K)]
  0x00000270f2299790 WorkerThread "GC Thread#7"                     [id=22756, stack(0x000000f9a3f00000,0x000000f9a4000000) (1024K)]
  0x00000270d42369a0 WorkerThread "GC Thread#8"                     [id=6916, stack(0x000000f9a4c00000,0x000000f9a4d00000) (1024K)]
  0x00000270d45bb220 WorkerThread "GC Thread#9"                     [id=8520, stack(0x000000f9a4d00000,0x000000f9a4e00000) (1024K)]
Total: 12

Threads with active compile tasks:
C2 CompilerThread0  100662103 32439       4       org.eclipse.lsp4j.jsonrpc.json.adapters.MessageTypeAdapter::write (10 bytes)
Total: 1

VM state: not at safepoint (normal execution)

VM Mutex/Monitor currently owned by a thread: None

Heap address: 0x0000000080000000, size: 2048 MB, Compressed Oops mode: 32-bit

CDS archive(s) mapped at: [0x000002708f000000-0x000002708fba0000-0x000002708fba0000), size 12189696, SharedBaseAddress: 0x000002708f000000, ArchiveRelocationMode: 1.
Compressed class space mapped at: 0x0000027090000000-0x00000270d0000000, reserved size: 1073741824
Narrow klass base: 0x000002708f000000, Narrow klass shift: 0, Narrow klass range: 0x100000000

GC Precious Log:
 CardTable entry size: 512
 CPUs: 12 total, 12 available
 Memory: 7484M
 Large Page Support: Disabled
 NUMA Support: Disabled
 Compressed Oops: Enabled (32-bit)
 Alignments: Space 512K, Generation 512K, Heap 2M
 Heap Min Capacity: 100M
 Heap Initial Capacity: 100M
 Heap Max Capacity: 2G
 Pre-touch: Disabled
 Parallel Workers: 10

Heap:
 PSYoungGen      total 6144K, used 5290K [0x00000000d5580000, 0x00000000d5d80000, 0x0000000100000000)
  eden space 5120K, 83% used [0x00000000d5580000,0x00000000d59aaaf0,0x00000000d5a80000)
  from space 1024K, 99% used [0x00000000d5c00000,0x00000000d5cffdc8,0x00000000d5d00000)
  to   space 512K, 0% used [0x00000000d5d00000,0x00000000d5d00000,0x00000000d5d80000)
 ParOldGen       total 1029632K, used 1029302K [0x0000000080000000, 0x00000000bed80000, 0x00000000d5580000)
  object space 1029632K, 99% used [0x0000000080000000,0x00000000bed2d880,0x00000000bed80000)
 Metaspace       used 101363K, committed 103232K, reserved 1179648K
  class space    used 11160K, committed 12032K, reserved 1048576K

Card table byte_map: [0x00000270f1b80000,0x00000270f1f90000] _byte_map_base: 0x00000270f1780000

Marking Bits: (ParMarkBitMap*) 0x00007ffba90b4460
 Begin Bits: [0x00000270f5690000, 0x00000270f7690000)
 End Bits:   [0x00000270f7690000, 0x00000270f9690000)

Polling page: 0x00000270efdc0000

Metaspace:

Usage:
  Non-class:     88.09 MB used.
      Class:     10.90 MB used.
       Both:     98.99 MB used.

Virtual space:
  Non-class space:      128.00 MB reserved,      89.06 MB ( 70%) committed,  2 nodes.
      Class space:        1.00 GB reserved,      11.75 MB (  1%) committed,  1 nodes.
             Both:        1.12 GB reserved,     100.81 MB (  9%) committed. 

Chunk freelists:
   Non-Class:  6.05 MB
       Class:  4.23 MB
        Both:  10.28 MB

MaxMetaspaceSize: unlimited
CompressedClassSpaceSize: 1.00 GB
Initial GC threshold: 21.00 MB
Current GC threshold: 152.31 MB
CDS: on
 - commit_granule_bytes: 65536.
 - commit_granule_words: 8192.
 - virtual_space_node_default_size: 8388608.
 - enlarge_chunks_in_place: 1.
 - use_allocation_guard: 0.


Internal statistics:

num_allocs_failed_limit: 9.
num_arena_births: 2386.
num_arena_deaths: 698.
num_vsnodes_births: 3.
num_vsnodes_deaths: 0.
num_space_committed: 1613.
num_space_uncommitted: 0.
num_chunks_returned_to_freelist: 808.
num_chunks_taken_from_freelist: 7832.
num_chunk_merges: 206.
num_chunk_splits: 4505.
num_chunks_enlarged: 2570.
num_inconsistent_stats: 0.

CodeHeap 'non-profiled nmethods': size=120000Kb used=33164Kb max_used=33164Kb free=86835Kb
 bounds [0x0000027087ad0000, 0x0000027089b40000, 0x000002708f000000]
CodeHeap 'profiled nmethods': size=120000Kb used=37047Kb max_used=51466Kb free=82952Kb
 bounds [0x0000027080000000, 0x0000027083250000, 0x0000027087530000]
CodeHeap 'non-nmethods': size=5760Kb used=1507Kb max_used=1605Kb free=4252Kb
 bounds [0x0000027087530000, 0x00000270877a0000, 0x0000027087ad0000]
CodeCache: size=245760Kb, used=71718Kb, max_used=86235Kb, free=174039Kb
 total_blobs=19516, nmethods=18693, adapters=722, full_count=0
Compilation: enabled, stopped_count=0, restarted_count=0

Compilation events (20 events):
Event: 100654.029 Thread 0x00000270faf52b00 32433       3       org.eclipse.core.internal.resources.Marker::getAttribute (38 bytes)
Event: 100654.030 Thread 0x00000270faf52b00 nmethod 32433 0x0000027081c3d010 code [0x0000027081c3d280, 0x0000027081c3de00]
Event: 100654.052 Thread 0x00000270faf52b00 32435       3       org.eclipse.core.internal.resources.Marker::getAttribute (20 bytes)
Event: 100654.053 Thread 0x00000270faf52b00 nmethod 32435 0x0000027081c3be90 code [0x0000027081c3c100, 0x0000027081c3ca38]
Event: 100654.055 Thread 0x00000270faf52b00 32436       3       org.eclipse.core.internal.resources.Marker::exists (11 bytes)
Event: 100654.055 Thread 0x00000270faf52b00 nmethod 32436 0x000002708150ef10 code [0x000002708150f0e0, 0x000002708150f4b0]
Event: 100654.072 Thread 0x00000270faf52b00 32437   !   3       org.eclipse.jdt.ls.core.internal.handlers.WorkspaceDiagnosticsHandler::toDiagnostic (176 bytes)
Event: 100654.086 Thread 0x00000270f2289280 nmethod 32429 0x0000027089b2a510 code [0x0000027089b2aae0, 0x0000027089b2dde8]
Event: 100654.087 Thread 0x00000270f2289280 32434       4       org.eclipse.core.internal.resources.Marker::getInfo (19 bytes)
Event: 100654.091 Thread 0x00000270faf52b00 nmethod 32437 0x0000027081eed790 code [0x0000027081eedcc0, 0x0000027081ef0688]
Event: 100654.091 Thread 0x00000270faf52b00 32438       3       org.eclipse.jdt.ls.core.internal.handlers.WorkspaceDiagnosticsHandler::convertSeverity (22 bytes)
Event: 100654.092 Thread 0x00000270faf52b00 nmethod 32438 0x0000027081c23b10 code [0x0000027081c23cc0, 0x0000027081c23e80]
Event: 100654.097 Thread 0x00000270f2289280 nmethod 32434 0x0000027089b30090 code [0x0000027089b302a0, 0x0000027089b307e8]
Event: 100654.098 Thread 0x00000270f2289280 32430       4       org.eclipse.jdt.core.JavaConventions::validateIdentifier (33 bytes)
Event: 100654.118 Thread 0x00000270f2289280 nmethod 32430 0x0000027089b30d10 code [0x0000027089b30fa0, 0x0000027089b31bd8]
Event: 100654.118 Thread 0x00000270f2289280 32432       4       org.eclipse.core.internal.resources.Marker::getWorkspace (24 bytes)
Event: 100654.119 Thread 0x00000270f2289280 nmethod 32432 0x0000027089b32390 code [0x0000027089b32520, 0x0000027089b32600]
Event: 100654.119 Thread 0x00000270f2289280 32428       4       org.eclipse.core.internal.events.NodeIDMap::putNewPath (8 bytes)
Event: 100654.127 Thread 0x00000270f2289280 nmethod 32428 0x0000027089b32710 code [0x0000027089b32920, 0x0000027089b32e90]
Event: 100660.641 Thread 0x00000270f2289280 32439       4       org.eclipse.lsp4j.jsonrpc.json.adapters.MessageTypeAdapter::write (10 bytes)

GC Heap History (20 events):
Event: 100653.409 GC heap before
{Heap before GC invocations=6283 (full 7):
 PSYoungGen      total 7168K, used 6624K [0x00000000d5580000, 0x00000000d5e00000, 0x0000000100000000)
  eden space 6144K, 100% used [0x00000000d5580000,0x00000000d5b80000,0x00000000d5b80000)
  from space 1024K, 46% used [0x00000000d5c00000,0x00000000d5c78000,0x00000000d5d00000)
  to   space 1024K, 0% used [0x00000000d5d00000,0x00000000d5d00000,0x00000000d5e00000)
 ParOldGen       total 1020928K, used 1020825K [0x0000000080000000, 0x00000000be500000, 0x00000000d5580000)
  object space 1020928K, 99% used [0x0000000080000000,0x00000000be4e6578,0x00000000be500000)
 Metaspace       used 101358K, committed 103232K, reserved 1179648K
  class space    used 11160K, committed 12032K, reserved 1048576K
}
Event: 100653.413 GC heap after
{Heap after GC invocations=6283 (full 7):
 PSYoungGen      total 7168K, used 544K [0x00000000d5580000, 0x00000000d5e00000, 0x0000000100000000)
  eden space 6144K, 0% used [0x00000000d5580000,0x00000000d5580000,0x00000000d5b80000)
  from space 1024K, 53% used [0x00000000d5d00000,0x00000000d5d88000,0x00000000d5e00000)
  to   space 1024K, 0% used [0x00000000d5c00000,0x00000000d5c00000,0x00000000d5d00000)
 ParOldGen       total 1021440K, used 1021129K [0x0000000080000000, 0x00000000be580000, 0x00000000d5580000)
  object space 1021440K, 99% used [0x0000000080000000,0x00000000be532598,0x00000000be580000)
 Metaspace       used 101358K, committed 103232K, reserved 1179648K
  class space    used 11160K, committed 12032K, reserved 1048576K
}
Event: 100653.549 GC heap before
{Heap before GC invocations=6284 (full 7):
 PSYoungGen      total 7168K, used 6688K [0x00000000d5580000, 0x00000000d5e00000, 0x0000000100000000)
  eden space 6144K, 100% used [0x00000000d5580000,0x00000000d5b80000,0x00000000d5b80000)
  from space 1024K, 53% used [0x00000000d5d00000,0x00000000d5d88000,0x00000000d5e00000)
  to   space 1024K, 0% used [0x00000000d5c00000,0x00000000d5c00000,0x00000000d5d00000)
 ParOldGen       total 1021440K, used 1021129K [0x0000000080000000, 0x00000000be580000, 0x00000000d5580000)
  object space 1021440K, 99% used [0x0000000080000000,0x00000000be532598,0x00000000be580000)
 Metaspace       used 101363K, committed 103232K, reserved 1179648K
  class space    used 11160K, committed 12032K, reserved 1048576K
}
Event: 100653.553 GC heap after
{Heap after GC invocations=6284 (full 7):
 PSYoungGen      total 7168K, used 996K [0x00000000d5580000, 0x00000000d6080000, 0x0000000100000000)
  eden space 6144K, 0% used [0x00000000d5580000,0x00000000d5580000,0x00000000d5b80000)
  from space 1024K, 97% used [0x00000000d5c00000,0x00000000d5cf9050,0x00000000d5d00000)
  to   space 2560K, 0% used [0x00000000d5e00000,0x00000000d5e00000,0x00000000d6080000)
 ParOldGen       total 1022464K, used 1022245K [0x0000000080000000, 0x00000000be680000, 0x00000000d5580000)
  object space 1022464K, 99% used [0x0000000080000000,0x00000000be649700,0x00000000be680000)
 Metaspace       used 101363K, committed 103232K, reserved 1179648K
  class space    used 11160K, committed 12032K, reserved 1048576K
}
Event: 100653.662 GC heap before
{Heap before GC invocations=6285 (full 7):
 PSYoungGen      total 7168K, used 7140K [0x00000000d5580000, 0x00000000d6080000, 0x0000000100000000)
  eden space 6144K, 100% used [0x00000000d5580000,0x00000000d5b80000,0x00000000d5b80000)
  from space 1024K, 97% used [0x00000000d5c00000,0x00000000d5cf9050,0x00000000d5d00000)
  to   space 2560K, 0% used [0x00000000d5e00000,0x00000000d5e00000,0x00000000d6080000)
 ParOldGen       total 1022464K, used 1022245K [0x0000000080000000, 0x00000000be680000, 0x00000000d5580000)
  object space 1022464K, 99% used [0x0000000080000000,0x00000000be649700,0x00000000be680000)
 Metaspace       used 101363K, committed 103232K, reserved 1179648K
  class space    used 11160K, committed 12032K, reserved 1048576K
}
Event: 100653.666 GC heap after
{Heap after GC invocations=6285 (full 7):
 PSYoungGen      total 7680K, used 1184K [0x00000000d5580000, 0x00000000d5f80000, 0x0000000100000000)
  eden space 6144K, 0% used [0x00000000d5580000,0x00000000d5580000,0x00000000d5b80000)
  from space 1536K, 77% used [0x00000000d5e00000,0x00000000d5f28000,0x00000000d5f80000)
  to   space 1536K, 0% used [0x00000000d5c80000,0x00000000d5c80000,0x00000000d5e00000)
 ParOldGen       total 1022976K, used 1022733K [0x0000000080000000, 0x00000000be700000, 0x00000000d5580000)
  object space 1022976K, 99% used [0x0000000080000000,0x00000000be6c3750,0x00000000be700000)
 Metaspace       used 101363K, committed 103232K, reserved 1179648K
  class space    used 11160K, committed 12032K, reserved 1048576K
}
Event: 100653.791 GC heap before
{Heap before GC invocations=6286 (full 7):
 PSYoungGen      total 7680K, used 7328K [0x00000000d5580000, 0x00000000d5f80000, 0x0000000100000000)
  eden space 6144K, 100% used [0x00000000d5580000,0x00000000d5b80000,0x00000000d5b80000)
  from space 1536K, 77% used [0x00000000d5e00000,0x00000000d5f28000,0x00000000d5f80000)
  to   space 1536K, 0% used [0x00000000d5c80000,0x00000000d5c80000,0x00000000d5e00000)
 ParOldGen       total 1022976K, used 1022733K [0x0000000080000000, 0x00000000be700000, 0x00000000d5580000)
  object space 1022976K, 99% used [0x0000000080000000,0x00000000be6c3750,0x00000000be700000)
 Metaspace       used 101363K, committed 103232K, reserved 1179648K
  class space    used 11160K, committed 12032K, reserved 1048576K
}
Event: 100653.794 GC heap after
{Heap after GC invocations=6286 (full 7):
 PSYoungGen      total 7168K, used 864K [0x00000000d5580000, 0x00000000d5e80000, 0x0000000100000000)
  eden space 6144K, 0% used [0x00000000d5580000,0x00000000d5580000,0x00000000d5b80000)
  from space 1024K, 84% used [0x00000000d5c80000,0x00000000d5d58000,0x00000000d5d80000)
  to   space 1024K, 0% used [0x00000000d5d80000,0x00000000d5d80000,0x00000000d5e80000)
 ParOldGen       total 1024000K, used 1023749K [0x0000000080000000, 0x00000000be800000, 0x00000000d5580000)
  object space 1024000K, 99% used [0x0000000080000000,0x00000000be7c1770,0x00000000be800000)
 Metaspace       used 101363K, committed 103232K, reserved 1179648K
  class space    used 11160K, committed 12032K, reserved 1048576K
}
Event: 100653.853 GC heap before
{Heap before GC invocations=6287 (full 7):
 PSYoungGen      total 7168K, used 7008K [0x00000000d5580000, 0x00000000d5e80000, 0x0000000100000000)
  eden space 6144K, 100% used [0x00000000d5580000,0x00000000d5b80000,0x00000000d5b80000)
  from space 1024K, 84% used [0x00000000d5c80000,0x00000000d5d58000,0x00000000d5d80000)
  to   space 1024K, 0% used [0x00000000d5d80000,0x00000000d5d80000,0x00000000d5e80000)
 ParOldGen       total 1024000K, used 1023749K [0x0000000080000000, 0x00000000be800000, 0x00000000d5580000)
  object space 1024000K, 99% used [0x0000000080000000,0x00000000be7c1770,0x00000000be800000)
 Metaspace       used 101363K, committed 103232K, reserved 1179648K
  class space    used 11160K, committed 12032K, reserved 1048576K
}
Event: 100653.856 GC heap after
{Heap after GC invocations=6287 (full 7):
 PSYoungGen      total 6144K, used 1024K [0x00000000d5580000, 0x00000000d6180000, 0x0000000100000000)
  eden space 5120K, 0% used [0x00000000d5580000,0x00000000d5580000,0x00000000d5a80000)
  from space 1024K, 100% used [0x00000000d5d80000,0x00000000d5e80000,0x00000000d5e80000)
  to   space 3072K, 0% used [0x00000000d5a80000,0x00000000d5a80000,0x00000000d5d80000)
 ParOldGen       total 1025536K, used 1025093K [0x0000000080000000, 0x00000000be980000, 0x00000000d5580000)
  object space 1025536K, 99% used [0x0000000080000000,0x00000000be911770,0x00000000be980000)
 Metaspace       used 101363K, committed 103232K, reserved 1179648K
  class space    used 11160K, committed 12032K, reserved 1048576K
}
Event: 100653.906 GC heap before
{Heap before GC invocations=6288 (full 7):
 PSYoungGen      total 6144K, used 6144K [0x00000000d5580000, 0x00000000d6180000, 0x0000000100000000)
  eden space 5120K, 100% used [0x00000000d5580000,0x00000000d5a80000,0x00000000d5a80000)
  from space 1024K, 100% used [0x00000000d5d80000,0x00000000d5e80000,0x00000000d5e80000)
  to   space 3072K, 0% used [0x00000000d5a80000,0x00000000d5a80000,0x00000000d5d80000)
 ParOldGen       total 1025536K, used 1025093K [0x0000000080000000, 0x00000000be980000, 0x00000000d5580000)
  object space 1025536K, 99% used [0x0000000080000000,0x00000000be911770,0x00000000be980000)
 Metaspace       used 101363K, committed 103232K, reserved 1179648K
  class space    used 11160K, committed 12032K, reserved 1048576K
}
Event: 100653.909 GC heap after
{Heap after GC invocations=6288 (full 7):
 PSYoungGen      total 8192K, used 2878K [0x00000000d5580000, 0x00000000d6080000, 0x0000000100000000)
  eden space 5120K, 0% used [0x00000000d5580000,0x00000000d5580000,0x00000000d5a80000)
  from space 3072K, 93% used [0x00000000d5a80000,0x00000000d5d4f910,0x00000000d5d80000)
  to   space 3072K, 0% used [0x00000000d5d80000,0x00000000d5d80000,0x00000000d6080000)
 ParOldGen       total 1026560K, used 1026125K [0x0000000080000000, 0x00000000bea80000, 0x00000000d5580000)
  object space 1026560K, 99% used [0x0000000080000000,0x00000000bea13770,0x00000000bea80000)
 Metaspace       used 101363K, committed 103232K, reserved 1179648K
  class space    used 11160K, committed 12032K, reserved 1048576K
}
Event: 100653.921 GC heap before
{Heap before GC invocations=6289 (full 7):
 PSYoungGen      total 8192K, used 7998K [0x00000000d5580000, 0x00000000d6080000, 0x0000000100000000)
  eden space 5120K, 100% used [0x00000000d5580000,0x00000000d5a80000,0x00000000d5a80000)
  from space 3072K, 93% used [0x00000000d5a80000,0x00000000d5d4f910,0x00000000d5d80000)
  to   space 3072K, 0% used [0x00000000d5d80000,0x00000000d5d80000,0x00000000d6080000)
 ParOldGen       total 1026560K, used 1026125K [0x0000000080000000, 0x00000000bea80000, 0x00000000d5580000)
  object space 1026560K, 99% used [0x0000000080000000,0x00000000bea13770,0x00000000bea80000)
 Metaspace       used 101363K, committed 103232K, reserved 1179648K
  class space    used 11160K, committed 12032K, reserved 1048576K
}
Event: 100653.926 GC heap after
{Heap after GC invocations=6289 (full 7):
 PSYoungGen      total 5632K, used 320K [0x00000000d5580000, 0x00000000d5e00000, 0x0000000100000000)
  eden space 5120K, 0% used [0x00000000d5580000,0x00000000d5580000,0x00000000d5a80000)
  from space 512K, 62% used [0x00000000d5d80000,0x00000000d5dd0000,0x00000000d5e00000)
  to   space 1536K, 0% used [0x00000000d5b00000,0x00000000d5b00000,0x00000000d5c80000)
 ParOldGen       total 1029120K, used 1028884K [0x0000000080000000, 0x00000000bed00000, 0x00000000d5580000)
  object space 1029120K, 99% used [0x0000000080000000,0x00000000becc5080,0x00000000bed00000)
 Metaspace       used 101363K, committed 103232K, reserved 1179648K
  class space    used 11160K, committed 12032K, reserved 1048576K
}
Event: 100654.041 GC heap before
{Heap before GC invocations=6290 (full 7):
 PSYoungGen      total 5632K, used 5440K [0x00000000d5580000, 0x00000000d5e00000, 0x0000000100000000)
  eden space 5120K, 100% used [0x00000000d5580000,0x00000000d5a80000,0x00000000d5a80000)
  from space 512K, 62% used [0x00000000d5d80000,0x00000000d5dd0000,0x00000000d5e00000)
  to   space 1536K, 0% used [0x00000000d5b00000,0x00000000d5b00000,0x00000000d5c80000)
 ParOldGen       total 1029120K, used 1028884K [0x0000000080000000, 0x00000000bed00000, 0x00000000d5580000)
  object space 1029120K, 99% used [0x0000000080000000,0x00000000becc5080,0x00000000bed00000)
 Metaspace       used 101363K, committed 103232K, reserved 1179648K
  class space    used 11160K, committed 12032K, reserved 1048576K
}
Event: 100654.045 GC heap after
{Heap after GC invocations=6290 (full 7):
 PSYoungGen      total 6656K, used 700K [0x00000000d5580000, 0x00000000d5e00000, 0x0000000100000000)
  eden space 5120K, 0% used [0x00000000d5580000,0x00000000d5580000,0x00000000d5a80000)
  from space 1536K, 45% used [0x00000000d5b00000,0x00000000d5baf3e0,0x00000000d5c80000)
  to   space 1024K, 0% used [0x00000000d5d00000,0x00000000d5d00000,0x00000000d5e00000)
 ParOldGen       total 1029120K, used 1029036K [0x0000000080000000, 0x00000000bed00000, 0x00000000d5580000)
  object space 1029120K, 99% used [0x0000000080000000,0x00000000beceb080,0x00000000bed00000)
 Metaspace       used 101363K, committed 103232K, reserved 1179648K
  class space    used 11160K, committed 12032K, reserved 1048576K
}
Event: 100654.146 GC heap before
{Heap before GC invocations=6291 (full 7):
 PSYoungGen      total 6656K, used 5820K [0x00000000d5580000, 0x00000000d5e00000, 0x0000000100000000)
  eden space 5120K, 100% used [0x00000000d5580000,0x00000000d5a80000,0x00000000d5a80000)
  from space 1536K, 45% used [0x00000000d5b00000,0x00000000d5baf3e0,0x00000000d5c80000)
  to   space 1024K, 0% used [0x00000000d5d00000,0x00000000d5d00000,0x00000000d5e00000)
 ParOldGen       total 1029120K, used 1029036K [0x0000000080000000, 0x00000000bed00000, 0x00000000d5580000)
  object space 1029120K, 99% used [0x0000000080000000,0x00000000beceb080,0x00000000bed00000)
 Metaspace       used 101363K, committed 103232K, reserved 1179648K
  class space    used 11160K, committed 12032K, reserved 1048576K
}
Event: 100654.150 GC heap after
{Heap after GC invocations=6291 (full 7):
 PSYoungGen      total 6144K, used 859K [0x00000000d5580000, 0x00000000d5e00000, 0x0000000100000000)
  eden space 5120K, 0% used [0x00000000d5580000,0x00000000d5580000,0x00000000d5a80000)
  from space 1024K, 83% used [0x00000000d5d00000,0x00000000d5dd6d60,0x00000000d5e00000)
  to   space 1024K, 0% used [0x00000000d5c00000,0x00000000d5c00000,0x00000000d5d00000)
 ParOldGen       total 1029120K, used 1029108K [0x0000000080000000, 0x00000000bed00000, 0x00000000d5580000)
  object space 1029120K, 99% used [0x0000000080000000,0x00000000becfd080,0x00000000bed00000)
 Metaspace       used 101363K, committed 103232K, reserved 1179648K
  class space    used 11160K, committed 12032K, reserved 1048576K
}
Event: 100660.694 GC heap before
{Heap before GC invocations=6292 (full 7):
 PSYoungGen      total 6144K, used 5979K [0x00000000d5580000, 0x00000000d5e00000, 0x0000000100000000)
  eden space 5120K, 100% used [0x00000000d5580000,0x00000000d5a80000,0x00000000d5a80000)
  from space 1024K, 83% used [0x00000000d5d00000,0x00000000d5dd6d60,0x00000000d5e00000)
  to   space 1024K, 0% used [0x00000000d5c00000,0x00000000d5c00000,0x00000000d5d00000)
 ParOldGen       total 1029120K, used 1029108K [0x0000000080000000, 0x00000000bed00000, 0x00000000d5580000)
  object space 1029120K, 99% used [0x0000000080000000,0x00000000becfd080,0x00000000bed00000)
 Metaspace       used 101363K, committed 103232K, reserved 1179648K
  class space    used 11160K, committed 12032K, reserved 1048576K
}
Event: 100660.696 GC heap after
{Heap after GC invocations=6292 (full 7):
 PSYoungGen      total 6144K, used 1023K [0x00000000d5580000, 0x00000000d5d80000, 0x0000000100000000)
  eden space 5120K, 0% used [0x00000000d5580000,0x00000000d5580000,0x00000000d5a80000)
  from space 1024K, 99% used [0x00000000d5c00000,0x00000000d5cffdc8,0x00000000d5d00000)
  to   space 512K, 0% used [0x00000000d5d00000,0x00000000d5d00000,0x00000000d5d80000)
 ParOldGen       total 1029632K, used 1029302K [0x0000000080000000, 0x00000000bed80000, 0x00000000d5580000)
  object space 1029632K, 99% used [0x0000000080000000,0x00000000bed2d880,0x00000000bed80000)
 Metaspace       used 101363K, committed 103232K, reserved 1179648K
  class space    used 11160K, committed 12032K, reserved 1048576K
}

Dll operation events (15 events):
Event: 0.015 Loaded shared library c:\Users\jpten\.vscode\extensions\redhat.java-1.55.0-win32-x64\jre\21.0.11-win32-x86_64\bin\java.dll
Event: 0.134 Loaded shared library c:\Users\jpten\.vscode\extensions\redhat.java-1.55.0-win32-x64\jre\21.0.11-win32-x86_64\bin\zip.dll
Event: 0.162 Loaded shared library C:\Users\jpten\.vscode\extensions\redhat.java-1.55.0-win32-x64\jre\21.0.11-win32-x86_64\bin\instrument.dll
Event: 0.170 Loaded shared library C:\Users\jpten\.vscode\extensions\redhat.java-1.55.0-win32-x64\jre\21.0.11-win32-x86_64\bin\net.dll
Event: 0.174 Loaded shared library C:\Users\jpten\.vscode\extensions\redhat.java-1.55.0-win32-x64\jre\21.0.11-win32-x86_64\bin\nio.dll
Event: 0.181 Loaded shared library C:\Users\jpten\.vscode\extensions\redhat.java-1.55.0-win32-x64\jre\21.0.11-win32-x86_64\bin\zip.dll
Event: 0.210 Loaded shared library C:\Users\jpten\.vscode\extensions\redhat.java-1.55.0-win32-x64\jre\21.0.11-win32-x86_64\bin\jimage.dll
Event: 0.353 Loaded shared library c:\Users\jpten\.vscode\extensions\redhat.java-1.55.0-win32-x64\jre\21.0.11-win32-x86_64\bin\verify.dll
Event: 8.318 Loaded shared library C:\Users\jpten\AppData\Roaming\Code\User\globalStorage\redhat.java\1.55.0\config_win\org.eclipse.equinox.launcher\org.eclipse.equinox.launcher.win32.win32.x86_64_1.3.100.v20260613-0559\eclipse_11924.dll
Event: 27.759 Loaded shared library C:\Users\jpten\AppData\Local\Temp\jna-101344535\jna7933126636693601513.dll
Event: 48.821 Loaded shared library C:\Users\jpten\.gradle\native\660c5614fbf4a5f2a75b1949f50a0caf5cd603558e7d8a26e50b933a0cfb79d1\windows-amd64\native-platform.dll
Event: 50.732 Loaded shared library C:\Users\jpten\.vscode\extensions\redhat.java-1.55.0-win32-x64\jre\21.0.11-win32-x86_64\bin\management.dll
Event: 50.745 Loaded shared library C:\Users\jpten\.vscode\extensions\redhat.java-1.55.0-win32-x64\jre\21.0.11-win32-x86_64\bin\management_ext.dll
Event: 51.055 Loaded shared library C:\Users\jpten\.vscode\extensions\redhat.java-1.55.0-win32-x64\jre\21.0.11-win32-x86_64\bin\extnet.dll
Event: 54.496 Loaded shared library C:\Users\jpten\.vscode\extensions\redhat.java-1.55.0-win32-x64\jre\21.0.11-win32-x86_64\bin\sunmscapi.dll

Deoptimization events (20 events):
Event: 100653.389 Thread 0x00000270d7fbd1e0 Uncommon trap: trap_request=0xffffffd6 fr.pc=0x0000027089af2c14 relative=0x0000000000000394
Event: 100653.389 Thread 0x00000270d7fbd1e0 Uncommon trap: reason=array_check action=maybe_recompile pc=0x0000027089af2c14 method=org.eclipse.core.internal.resources.MarkerSet.add(Lorg/eclipse/core/internal/resources/IMarkerSetElement;)V @ 97 c2
Event: 100653.389 Thread 0x00000270d7fbd1e0 DEOPT PACKING pc=0x0000027089af2c14 sp=0x000000f9a71fdd30
Event: 100653.389 Thread 0x00000270d7fbd1e0 DEOPT UNPACKING pc=0x0000027087583aa2 sp=0x000000f9a71fdcb0 mode 2
Event: 100653.891 Thread 0x00000270d7fbd1e0 DEOPT PACKING pc=0x0000027082216ed4 sp=0x000000f9a71feac0
Event: 100653.891 Thread 0x00000270d7fbd1e0 DEOPT UNPACKING pc=0x0000027087584242 sp=0x000000f9a71fdf98 mode 0
Event: 100653.892 Thread 0x00000270d7fbd1e0 DEOPT PACKING pc=0x0000027082216ed4 sp=0x000000f9a71feb30
Event: 100653.892 Thread 0x00000270d7fbd1e0 DEOPT UNPACKING pc=0x0000027087584242 sp=0x000000f9a71fe008 mode 0
Event: 100653.892 Thread 0x00000270d7fbd1e0 Uncommon trap: trap_request=0xffffffd6 fr.pc=0x0000027089b26a68 relative=0x0000000000000568
Event: 100653.892 Thread 0x00000270d7fbd1e0 Uncommon trap: reason=array_check action=maybe_recompile pc=0x0000027089b26a68 method=org.eclipse.core.internal.events.NodeIDMap.expand()V @ 120 c2
Event: 100653.892 Thread 0x00000270d7fbd1e0 DEOPT PACKING pc=0x0000027089b26a68 sp=0x000000f9a71feb80
Event: 100653.892 Thread 0x00000270d7fbd1e0 DEOPT UNPACKING pc=0x0000027087583aa2 sp=0x000000f9a71feb10 mode 2
Event: 100653.893 Thread 0x00000270d7fbd1e0 Uncommon trap: trap_request=0xffffffd6 fr.pc=0x0000027089b26a68 relative=0x0000000000000568
Event: 100653.893 Thread 0x00000270d7fbd1e0 Uncommon trap: reason=array_check action=maybe_recompile pc=0x0000027089b26a68 method=org.eclipse.core.internal.events.NodeIDMap.expand()V @ 120 c2
Event: 100653.893 Thread 0x00000270d7fbd1e0 DEOPT PACKING pc=0x0000027089b26a68 sp=0x000000f9a71feb80
Event: 100653.893 Thread 0x00000270d7fbd1e0 DEOPT UNPACKING pc=0x0000027087583aa2 sp=0x000000f9a71feb10 mode 2
Event: 100653.894 Thread 0x00000270d7fbd1e0 Uncommon trap: trap_request=0xffffffd6 fr.pc=0x0000027089b26a68 relative=0x0000000000000568
Event: 100653.894 Thread 0x00000270d7fbd1e0 Uncommon trap: reason=array_check action=maybe_recompile pc=0x0000027089b26a68 method=org.eclipse.core.internal.events.NodeIDMap.expand()V @ 120 c2
Event: 100653.894 Thread 0x00000270d7fbd1e0 DEOPT PACKING pc=0x0000027089b26a68 sp=0x000000f9a71feb80
Event: 100653.894 Thread 0x00000270d7fbd1e0 DEOPT UNPACKING pc=0x0000027087583aa2 sp=0x000000f9a71feb10 mode 2

Classes loaded (20 events):
Event: 100528.294 Loading class java/util/concurrent/atomic/AtomicIntegerFieldUpdater
Event: 100528.295 Loading class java/util/concurrent/atomic/AtomicIntegerFieldUpdater done
Event: 100528.337 Loading class java/util/concurrent/LinkedBlockingDeque
Event: 100528.339 Loading class java/util/concurrent/BlockingDeque
Event: 100528.339 Loading class java/util/concurrent/BlockingDeque done
Event: 100528.340 Loading class java/util/concurrent/LinkedBlockingDeque done
Event: 100528.340 Loading class java/util/concurrent/PriorityBlockingQueue
Event: 100528.340 Loading class java/util/concurrent/PriorityBlockingQueue done
Event: 100529.862 Loading class java/io/CharArrayWriter
Event: 100529.863 Loading class java/io/CharArrayWriter done
Event: 100599.391 Loading class java/time/Ser
Event: 100599.393 Loading class java/time/Ser done
Event: 100617.821 Loading class java/io/ObjectInputStream$Caches
Event: 100617.826 Loading class java/io/ObjectInputStream$Caches done
Event: 100617.827 Loading class java/io/ObjectInputStream$Caches$1
Event: 100617.830 Loading class java/io/ObjectInputStream$Caches$1 done
Event: 100632.538 Loading class java/lang/invoke/MethodHandleImpl$CountingWrapper$1
Event: 100632.540 Loading class java/lang/invoke/MethodHandleImpl$CountingWrapper$1 done
Event: 100632.687 Loading class javax/xml/transform/TransformerConfigurationException
Event: 100632.689 Loading class javax/xml/transform/TransformerConfigurationException done

Classes unloaded (20 events):
Event: 68218.826 Thread 0x00000270faf00d70 Unloading class 0x00000270906cc800 'java/lang/invoke/LambdaForm$MH+0x00000270906cc800'
Event: 68218.826 Thread 0x00000270faf00d70 Unloading class 0x00000270906cc000 'java/lang/invoke/LambdaForm$MH+0x00000270906cc000'
Event: 68218.826 Thread 0x00000270faf00d70 Unloading class 0x0000027090660800 'java/lang/invoke/LambdaForm$MH+0x0000027090660800'
Event: 68218.826 Thread 0x00000270faf00d70 Unloading class 0x0000027090019400 'java/lang/invoke/LambdaForm$MH+0x0000027090019400'
Event: 68218.827 Thread 0x00000270faf00d70 Unloading class 0x0000027090018800 'java/lang/invoke/LambdaForm$MH+0x0000027090018800'
Event: 68218.827 Thread 0x00000270faf00d70 Unloading class 0x0000027090017400 'java/lang/invoke/LambdaForm$MH+0x0000027090017400'
Event: 68218.827 Thread 0x00000270faf00d70 Unloading class 0x000002709000c000 'java/lang/invoke/LambdaForm$MH+0x000002709000c000'
Event: 68218.827 Thread 0x00000270faf00d70 Unloading class 0x0000027090008400 'java/lang/invoke/LambdaForm$MH+0x0000027090008400'
Event: 68218.828 Thread 0x00000270faf00d70 Unloading class 0x0000027090a03c00 'java/lang/invoke/LambdaForm$MH+0x0000027090a03c00'
Event: 68218.828 Thread 0x00000270faf00d70 Unloading class 0x0000027090a03800 'java/lang/invoke/LambdaForm$MH+0x0000027090a03800'
Event: 68218.828 Thread 0x00000270faf00d70 Unloading class 0x0000027090a03000 'java/lang/invoke/LambdaForm$MH+0x0000027090a03000'
Event: 68218.828 Thread 0x00000270faf00d70 Unloading class 0x0000027090a02c00 'java/lang/invoke/LambdaForm$MH+0x0000027090a02c00'
Event: 68218.828 Thread 0x00000270faf00d70 Unloading class 0x0000027090a02800 'java/lang/invoke/LambdaForm$MH+0x0000027090a02800'
Event: 68218.828 Thread 0x00000270faf00d70 Unloading class 0x0000027090886c00 'java/lang/invoke/LambdaForm$MH+0x0000027090886c00'
Event: 68218.829 Thread 0x00000270faf00d70 Unloading class 0x000002709089ac00 'java/lang/invoke/LambdaForm$MH+0x000002709089ac00'
Event: 68218.829 Thread 0x00000270faf00d70 Unloading class 0x00000270908d8c00 'java/lang/invoke/LambdaForm$MH+0x00000270908d8c00'
Event: 68218.829 Thread 0x00000270faf00d70 Unloading class 0x0000027090218400 'java/lang/invoke/LambdaForm$BMH+0x0000027090218400'
Event: 68218.829 Thread 0x00000270faf00d70 Unloading class 0x000002709017c800 'java/lang/invoke/LambdaForm$MH+0x000002709017c800'
Event: 68218.830 Thread 0x00000270faf00d70 Unloading class 0x0000027090177800 'java/lang/invoke/LambdaForm$MH+0x0000027090177800'
Event: 68218.830 Thread 0x00000270faf00d70 Unloading class 0x0000027090000400 'java/lang/invoke/LambdaForm$MH+0x0000027090000400'

Classes redefined (0 events):
No events

Internal exceptions (20 events):
Event: 100653.394 Thread 0x00000270d7fbd1e0 Exception <a 'sun/nio/fs/WindowsException'{0x00000000d5ae8490}> (0x00000000d5ae8490) 
thrown [s\src\hotspot\share\prims\jni.cpp, line 520]
Event: 100653.394 Thread 0x00000270d7fbd1e0 Exception <a 'sun/nio/fs/WindowsException'{0x00000000d5ae8ce8}> (0x00000000d5ae8ce8) 
thrown [s\src\hotspot\share\prims\jni.cpp, line 520]
Event: 100653.394 Thread 0x00000270d7fbd1e0 Exception <a 'sun/nio/fs/WindowsException'{0x00000000d5ae9de0}> (0x00000000d5ae9de0) 
thrown [s\src\hotspot\share\prims\jni.cpp, line 520]
Event: 100653.394 Thread 0x00000270d7fbd1e0 Exception <a 'sun/nio/fs/WindowsException'{0x00000000d5aea418}> (0x00000000d5aea418) 
thrown [s\src\hotspot\share\prims\jni.cpp, line 520]
Event: 100653.395 Thread 0x00000270d7fbd1e0 Exception <a 'sun/nio/fs/WindowsException'{0x00000000d5aeb378}> (0x00000000d5aeb378) 
thrown [s\src\hotspot\share\prims\jni.cpp, line 520]
Event: 100653.395 Thread 0x00000270d7fbd1e0 Exception <a 'sun/nio/fs/WindowsException'{0x00000000d5aeb9b0}> (0x00000000d5aeb9b0) 
thrown [s\src\hotspot\share\prims\jni.cpp, line 520]
Event: 100653.396 Thread 0x00000270d7fbd1e0 Exception <a 'sun/nio/fs/WindowsException'{0x00000000d5aec680}> (0x00000000d5aec680) 
thrown [s\src\hotspot\share\prims\jni.cpp, line 520]
Event: 100653.396 Thread 0x00000270d7fbd1e0 Exception <a 'sun/nio/fs/WindowsException'{0x00000000d5aeccb8}> (0x00000000d5aeccb8) 
thrown [s\src\hotspot\share\prims\jni.cpp, line 520]
Event: 100653.435 Thread 0x00000270d7fbd1e0 Exception <a 'sun/nio/fs/WindowsException'{0x00000000d56256e0}> (0x00000000d56256e0) 
thrown [s\src\hotspot\share\prims\jni.cpp, line 520]
Event: 100653.436 Thread 0x00000270d7912860 Exception <a 'sun/nio/fs/WindowsException'{0x00000000d562fbf8}> (0x00000000d562fbf8) 
thrown [s\src\hotspot\share\prims\jni.cpp, line 520]
Event: 100653.436 Thread 0x00000270d7914fc0 Exception <a 'sun/nio/fs/WindowsException'{0x00000000d5631978}> (0x00000000d5631978) 
thrown [s\src\hotspot\share\prims\jni.cpp, line 520]
Event: 100653.437 Thread 0x00000270eafc6fd0 Exception <a 'sun/nio/fs/WindowsException'{0x00000000d5633498}> (0x00000000d5633498) 
thrown [s\src\hotspot\share\prims\jni.cpp, line 520]
Event: 100653.621 Thread 0x00000270d7fbd1e0 Exception <a 'sun/nio/fs/WindowsException'{0x00000000d5a7ece8}> (0x00000000d5a7ece8) 
thrown [s\src\hotspot\share\prims\jni.cpp, line 520]
Event: 100653.621 Thread 0x00000270d7fbd1e0 Exception <a 'sun/nio/fs/WindowsException'{0x00000000d5a7f540}> (0x00000000d5a7f540) 
thrown [s\src\hotspot\share\prims\jni.cpp, line 520]
Event: 100653.622 Thread 0x00000270d7fbd1e0 Exception <a 'sun/nio/fs/WindowsException'{0x00000000d5a80638}> (0x00000000d5a80638) 
thrown [s\src\hotspot\share\prims\jni.cpp, line 520]
Event: 100653.622 Thread 0x00000270d7fbd1e0 Exception <a 'sun/nio/fs/WindowsException'{0x00000000d5a80c70}> (0x00000000d5a80c70) 
thrown [s\src\hotspot\share\prims\jni.cpp, line 520]
Event: 100653.622 Thread 0x00000270d7fbd1e0 Exception <a 'sun/nio/fs/WindowsException'{0x00000000d5a81bd0}> (0x00000000d5a81bd0) 
thrown [s\src\hotspot\share\prims\jni.cpp, line 520]
Event: 100653.622 Thread 0x00000270d7fbd1e0 Exception <a 'sun/nio/fs/WindowsException'{0x00000000d5a82208}> (0x00000000d5a82208) 
thrown [s\src\hotspot\share\prims\jni.cpp, line 520]
Event: 100653.622 Thread 0x00000270d7fbd1e0 Exception <a 'sun/nio/fs/WindowsException'{0x00000000d5a82c88}> (0x00000000d5a82c88) 
thrown [s\src\hotspot\share\prims\jni.cpp, line 520]
Event: 100653.622 Thread 0x00000270d7fbd1e0 Exception <a 'sun/nio/fs/WindowsException'{0x00000000d5a832c0}> (0x00000000d5a832c0) 
thrown [s\src\hotspot\share\prims\jni.cpp, line 520]

ZGC Phase Switch (0 events):
No events

VM Operations (20 events):
Event: 100653.409 Executing safepoint VM operation: ParallelGCFailedAllocation (Allocation Failure)
Event: 100653.413 Executing safepoint VM operation: ParallelGCFailedAllocation (Allocation Failure) done
Event: 100653.549 Executing safepoint VM operation: ParallelGCFailedAllocation (Allocation Failure)
Event: 100653.553 Executing safepoint VM operation: ParallelGCFailedAllocation (Allocation Failure) done
Event: 100653.662 Executing safepoint VM operation: ParallelGCFailedAllocation (Allocation Failure)
Event: 100653.666 Executing safepoint VM operation: ParallelGCFailedAllocation (Allocation Failure) done
Event: 100653.791 Executing safepoint VM operation: ParallelGCFailedAllocation (Allocation Failure)
Event: 100653.794 Executing safepoint VM operation: ParallelGCFailedAllocation (Allocation Failure) done
Event: 100653.853 Executing safepoint VM operation: ParallelGCFailedAllocation (Allocation Failure)
Event: 100653.856 Executing safepoint VM operation: ParallelGCFailedAllocation (Allocation Failure) done
Event: 100653.906 Executing safepoint VM operation: ParallelGCFailedAllocation (Allocation Failure)
Event: 100653.909 Executing safepoint VM operation: ParallelGCFailedAllocation (Allocation Failure) done
Event: 100653.921 Executing safepoint VM operation: ParallelGCFailedAllocation (Allocation Failure)
Event: 100653.926 Executing safepoint VM operation: ParallelGCFailedAllocation (Allocation Failure) done
Event: 100654.040 Executing safepoint VM operation: ParallelGCFailedAllocation (Allocation Failure)
Event: 100654.045 Executing safepoint VM operation: ParallelGCFailedAllocation (Allocation Failure) done
Event: 100654.146 Executing safepoint VM operation: ParallelGCFailedAllocation (Allocation Failure)
Event: 100654.150 Executing safepoint VM operation: ParallelGCFailedAllocation (Allocation Failure) done
Event: 100660.694 Executing safepoint VM operation: ParallelGCFailedAllocation (Allocation Failure)
Event: 100660.696 Executing safepoint VM operation: ParallelGCFailedAllocation (Allocation Failure) done

Memory protections (0 events):
No events

Nmethod flushes (20 events):
Event: 68220.556 Thread 0x00000270faf00d70 flushing  nmethod 0x00000270830a3290
Event: 68220.556 Thread 0x00000270faf00d70 flushing  nmethod 0x00000270830a3e10
Event: 68220.556 Thread 0x00000270faf00d70 flushing  nmethod 0x00000270830a5110
Event: 68220.556 Thread 0x00000270faf00d70 flushing  nmethod 0x00000270830a5510
Event: 68220.556 Thread 0x00000270faf00d70 flushing  nmethod 0x00000270830b1a90
Event: 68220.556 Thread 0x00000270faf00d70 flushing  nmethod 0x00000270830bac90
Event: 68220.556 Thread 0x00000270faf00d70 flushing osr nmethod 0x00000270830bbf10
Event: 68220.556 Thread 0x00000270faf00d70 flushing  nmethod 0x00000270830c4c90
Event: 68220.556 Thread 0x00000270faf00d70 flushing  nmethod 0x00000270830c5890
Event: 68220.556 Thread 0x00000270faf00d70 flushing  nmethod 0x00000270830c6190
Event: 68220.556 Thread 0x00000270faf00d70 flushing  nmethod 0x00000270830c6810
Event: 68220.556 Thread 0x00000270faf00d70 flushing  nmethod 0x00000270830c6e90
Event: 68220.556 Thread 0x00000270faf00d70 flushing  nmethod 0x00000270830d2610
Event: 68220.556 Thread 0x00000270faf00d70 flushing  nmethod 0x00000270830d4290
Event: 68220.556 Thread 0x00000270faf00d70 flushing  nmethod 0x00000270830d4b10
Event: 68220.556 Thread 0x00000270faf00d70 flushing  nmethod 0x00000270830d4e90
Event: 68220.556 Thread 0x00000270faf00d70 flushing  nmethod 0x00000270830d5b10
Event: 68220.556 Thread 0x00000270faf00d70 flushing  nmethod 0x00000270830df010
Event: 68220.556 Thread 0x00000270faf00d70 flushing osr nmethod 0x000002708317ae10
Event: 68220.556 Thread 0x00000270faf00d70 flushing  nmethod 0x0000027083226310

Events (20 events):
Event: 100637.442 Thread 0x00000270d7fbd1e0 Thread added: 0x00000270d8bca230
Event: 100637.442 Thread 0x00000270d7fbd1e0 Thread added: 0x00000270d8bcbc70
Event: 100637.447 Thread 0x00000270d7fbd1e0 Thread added: 0x00000270d7fbb110
Event: 100637.447 Thread 0x00000270d7fbd1e0 Thread added: 0x00000270d7fb8320
Event: 100637.447 Thread 0x00000270d7fbd1e0 Thread added: 0x00000270d7fbc4c0
Event: 100637.487 Thread 0x00000270d7fbd1e0 Thread added: 0x00000270d7911b40
Event: 100637.487 Thread 0x00000270d7fbd1e0 Thread added: 0x00000270d790ed50
Event: 100637.609 Thread 0x00000270d6180da0 Thread exited: 0x00000270d6180da0
Event: 100637.655 Thread 0x00000270d7fbd1e0 Thread added: 0x00000270d7913c10
Event: 100637.655 Thread 0x00000270d7fbd1e0 Thread added: 0x00000270eac02a00
Event: 100638.537 Thread 0x00000270faf52b00 Thread added: 0x00000270d6180da0
Event: 100638.736 Thread 0x00000270d6180da0 Thread exited: 0x00000270d6180da0
Event: 100638.937 Thread 0x00000270faf52b00 Thread added: 0x00000270d6180da0
Event: 100638.937 Thread 0x00000270faf52b00 Thread added: 0x00000270d6186630
Event: 100639.809 Thread 0x00000270d6186630 Thread exited: 0x00000270d6186630
Event: 100640.360 Thread 0x00000270d6180da0 Thread exited: 0x00000270d6180da0
Event: 100642.314 Thread 0x00000270e2cbfca0 Thread added: 0x00000270eac03090
Event: 100642.316 Thread 0x00000270eac03090 Thread added: 0x00000270eac03720
Event: 100644.495 Thread 0x00000270faf52b00 Thread added: 0x00000270d679d290
Event: 100652.937 Thread 0x00000270d679d290 Thread exited: 0x00000270d679d290


Dynamic libraries:
0x00007ff7d0a70000 - 0x00007ff7d0a7e000 	c:\Users\jpten\.vscode\extensions\redhat.java-1.55.0-win32-x64\jre\21.0.11-win32-x86_64\bin\java.exe
0x00007ffc5a8a0000 - 0x00007ffc5ab06000 	C:\Windows\SYSTEM32\ntdll.dll
0x00007ffc590b0000 - 0x00007ffc59179000 	C:\Windows\System32\KERNEL32.DLL
0x00007ffc57f90000 - 0x00007ffc5838e000 	C:\Windows\System32\KERNELBASE.dll
0x00007ffc57b80000 - 0x00007ffc57ccc000 	C:\Windows\System32\ucrtbase.dll
0x00007ffc387f0000 - 0x00007ffc3880e000 	c:\Users\jpten\.vscode\extensions\redhat.java-1.55.0-win32-x64\jre\21.0.11-win32-x86_64\bin\VCRUNTIME140.dll
0x00007ffc38810000 - 0x00007ffc38828000 	c:\Users\jpten\.vscode\extensions\redhat.java-1.55.0-win32-x64\jre\21.0.11-win32-x86_64\bin\jli.dll
0x00007ffc58ee0000 - 0x00007ffc590a7000 	C:\Windows\System32\USER32.dll
0x00007ffc3e950000 - 0x00007ffc3ebe2000 	C:\Windows\WinSxS\amd64_microsoft.windows.common-controls_6595b64144ccf1df_6.0.26100.8875_none_3e0d5d42e32fe9dd\COMCTL32.dll
0x00007ffc59620000 - 0x00007ffc596c9000 	C:\Windows\System32\msvcrt.dll
0x00007ffc5a810000 - 0x00007ffc5a83b000 	C:\Windows\System32\GDI32.dll
0x00007ffc585a0000 - 0x00007ffc585c7000 	C:\Windows\System32\win32u.dll
0x00007ffc57ce0000 - 0x00007ffc57e0a000 	C:\Windows\System32\gdi32full.dll
0x00007ffc584f0000 - 0x00007ffc58593000 	C:\Windows\System32\msvcp_win.dll
0x00007ffc58830000 - 0x00007ffc58862000 	C:\Windows\System32\IMM32.DLL
0x00007ffc52a30000 - 0x00007ffc52a3c000 	c:\Users\jpten\.vscode\extensions\redhat.java-1.55.0-win32-x64\jre\21.0.11-win32-x86_64\bin\vcruntime140_1.dll
0x00007ffbe94f0000 - 0x00007ffbe957d000 	c:\Users\jpten\.vscode\extensions\redhat.java-1.55.0-win32-x64\jre\21.0.11-win32-x86_64\bin\msvcp140.dll
0x00007ffba83f0000 - 0x00007ffba9192000 	c:\Users\jpten\.vscode\extensions\redhat.java-1.55.0-win32-x64\jre\21.0.11-win32-x86_64\bin\server\jvm.dll
0x00007ffc585e0000 - 0x00007ffc58697000 	C:\Windows\System32\ADVAPI32.dll
0x00007ffc586a0000 - 0x00007ffc5874a000 	C:\Windows\System32\sechost.dll
0x00007ffc596d0000 - 0x00007ffc597e8000 	C:\Windows\System32\RPCRT4.dll
0x00007ffc5a6d0000 - 0x00007ffc5a750000 	C:\Windows\System32\WS2_32.dll
0x00007ffc56600000 - 0x00007ffc5665e000 	C:\Windows\SYSTEM32\POWRPROF.dll
0x00007ffc50b90000 - 0x00007ffc50b9b000 	C:\Windows\SYSTEM32\VERSION.dll
0x00007ffc48be0000 - 0x00007ffc48c16000 	C:\Windows\SYSTEM32\WINMM.dll
0x00007ffc565e0000 - 0x00007ffc565f4000 	C:\Windows\SYSTEM32\UMPDC.dll
0x00007ffc568c0000 - 0x00007ffc568db000 	C:\Windows\SYSTEM32\kernel.appcore.dll
0x00007ffc529f0000 - 0x00007ffc529fa000 	c:\Users\jpten\.vscode\extensions\redhat.java-1.55.0-win32-x64\jre\21.0.11-win32-x86_64\bin\jimage.dll
0x00007ffc4d750000 - 0x00007ffc4d992000 	C:\Windows\SYSTEM32\DBGHELP.DLL
0x00007ffc58b50000 - 0x00007ffc58ed3000 	C:\Windows\System32\combase.dll
0x00007ffc58750000 - 0x00007ffc58829000 	C:\Windows\System32\OLEAUT32.dll
0x00007ffc19e10000 - 0x00007ffc19e4b000 	C:\Windows\SYSTEM32\dbgcore.DLL
0x00007ffc583a0000 - 0x00007ffc5844c000 	C:\Windows\System32\bcryptPrimitives.dll
0x00007ffc4d080000 - 0x00007ffc4d08f000 	c:\Users\jpten\.vscode\extensions\redhat.java-1.55.0-win32-x64\jre\21.0.11-win32-x86_64\bin\instrument.dll
0x00007ffc2da80000 - 0x00007ffc2daa0000 	c:\Users\jpten\.vscode\extensions\redhat.java-1.55.0-win32-x64\jre\21.0.11-win32-x86_64\bin\java.dll
0x00007ffc59c80000 - 0x00007ffc5a412000 	C:\Windows\System32\SHELL32.dll
0x00007ffc55550000 - 0x00007ffc55de2000 	C:\Windows\SYSTEM32\windows.storage.dll
0x00007ffc58870000 - 0x00007ffc58967000 	C:\Windows\System32\SHCORE.dll
0x00007ffc58970000 - 0x00007ffc589d7000 	C:\Windows\System32\shlwapi.dll
0x00007ffc579e0000 - 0x00007ffc57a09000 	C:\Windows\SYSTEM32\profapi.dll
0x00007ffc183c0000 - 0x00007ffc183d8000 	c:\Users\jpten\.vscode\extensions\redhat.java-1.55.0-win32-x64\jre\21.0.11-win32-x86_64\bin\zip.dll
0x00007ffc4d4e0000 - 0x00007ffc4d4f0000 	C:\Users\jpten\.vscode\extensions\redhat.java-1.55.0-win32-x64\jre\21.0.11-win32-x86_64\bin\net.dll
0x00007ffc514a0000 - 0x00007ffc515c7000 	C:\Windows\SYSTEM32\WINHTTP.dll
0x00007ffc56e70000 - 0x00007ffc56edc000 	C:\Windows\system32\mswsock.dll
0x00007ffc14550000 - 0x00007ffc14566000 	C:\Users\jpten\.vscode\extensions\redhat.java-1.55.0-win32-x64\jre\21.0.11-win32-x86_64\bin\nio.dll
0x00007ffc48940000 - 0x00007ffc48950000 	c:\Users\jpten\.vscode\extensions\redhat.java-1.55.0-win32-x64\jre\21.0.11-win32-x86_64\bin\verify.dll
0x00007ffbf77b0000 - 0x00007ffbf77f5000 	C:\Users\jpten\AppData\Roaming\Code\User\globalStorage\redhat.java\1.55.0\config_win\org.eclipse.equinox.launcher\org.eclipse.equinox.launcher.win32.win32.x86_64_1.3.100.v20260613-0559\eclipse_11924.dll
0x00007ffc5a530000 - 0x00007ffc5a6c9000 	C:\Windows\System32\ole32.dll
0x00007ffc57170000 - 0x00007ffc5718b000 	C:\Windows\SYSTEM32\CRYPTSP.dll
0x00007ffc56820000 - 0x00007ffc56859000 	C:\Windows\system32\rsaenh.dll
0x00007ffc56f30000 - 0x00007ffc56f62000 	C:\Windows\SYSTEM32\USERENV.dll
0x00007ffc579b0000 - 0x00007ffc579da000 	C:\Windows\SYSTEM32\bcrypt.dll
0x00007ffc57190000 - 0x00007ffc5719c000 	C:\Windows\SYSTEM32\CRYPTBASE.dll
0x00007ffc56210000 - 0x00007ffc56243000 	C:\Windows\SYSTEM32\IPHLPAPI.DLL
0x00007ffc59610000 - 0x00007ffc5961a000 	C:\Windows\System32\NSI.dll
0x00007ffc45330000 - 0x00007ffc45379000 	C:\Users\jpten\AppData\Local\Temp\jna-101344535\jna7933126636693601513.dll
0x00007ffc585d0000 - 0x00007ffc585d8000 	C:\Windows\System32\PSAPI.DLL
0x00007ffc52070000 - 0x00007ffc5208d000 	C:\Windows\SYSTEM32\dhcpcsvc6.DLL
0x00007ffc51f90000 - 0x00007ffc51fb5000 	C:\Windows\SYSTEM32\dhcpcsvc.DLL
0x00007ffc2bd80000 - 0x00007ffc2bda7000 	C:\Users\jpten\.gradle\native\660c5614fbf4a5f2a75b1949f50a0caf5cd603558e7d8a26e50b933a0cfb79d1\windows-amd64\native-platform.dll
0x00007ffc48900000 - 0x00007ffc4890a000 	C:\Users\jpten\.vscode\extensions\redhat.java-1.55.0-win32-x64\jre\21.0.11-win32-x86_64\bin\management.dll
0x00007ffc47bb0000 - 0x00007ffc47bbc000 	C:\Users\jpten\.vscode\extensions\redhat.java-1.55.0-win32-x64\jre\21.0.11-win32-x86_64\bin\management_ext.dll
0x00007ffc47980000 - 0x00007ffc47989000 	C:\Users\jpten\.vscode\extensions\redhat.java-1.55.0-win32-x64\jre\21.0.11-win32-x86_64\bin\extnet.dll
0x00007ffc45310000 - 0x00007ffc4531e000 	C:\Users\jpten\.vscode\extensions\redhat.java-1.55.0-win32-x64\jre\21.0.11-win32-x86_64\bin\sunmscapi.dll
0x00007ffc57e10000 - 0x00007ffc57f88000 	C:\Windows\System32\CRYPT32.dll
0x00007ffc573b0000 - 0x00007ffc573e0000 	C:\Windows\SYSTEM32\ncrypt.dll
0x00007ffc57360000 - 0x00007ffc5739f000 	C:\Windows\SYSTEM32\NTASN1.dll
0x00007ffbf7d50000 - 0x00007ffbf7d58000 	C:\Windows\system32\wshunix.dll

JVMTI agents:
c:\Users\jpten\.vscode\extensions\redhat.java-1.55.0-win32-x64\lombok\lombok-1.18.39-4050.jar path:c:\Users\jpten\.vscode\extensions\redhat.java-1.55.0-win32-x64\jre\21.0.11-win32-x86_64\bin\instrument.dll, loaded, initialized, instrumentlib options:none

dbghelp: loaded successfully - version: 4.0.5 - missing functions: none
symbol engine: initialized successfully - sym options: 0x614 - pdb path: .;c:\Users\jpten\.vscode\extensions\redhat.java-1.55.0-win32-x64\jre\21.0.11-win32-x86_64\bin;C:\Windows\SYSTEM32;C:\Windows\WinSxS\amd64_microsoft.windows.common-controls_6595b64144ccf1df_6.0.26100.8875_none_3e0d5d42e32fe9dd;c:\Users\jpten\.vscode\extensions\redhat.java-1.55.0-win32-x64\jre\21.0.11-win32-x86_64\bin\server;C:\Users\jpten\AppData\Roaming\Code\User\globalStorage\redhat.java\1.55.0\config_win\org.eclipse.equinox.launcher\org.eclipse.equinox.launcher.win32.win32.x86_64_1.3.100.v20260613-0559;C:\Users\jpten\AppData\Local\Temp\jna-101344535;C:\Users\jpten\.gradle\native\660c5614fbf4a5f2a75b1949f50a0caf5cd603558e7d8a26e50b933a0cfb79d1\windows-amd64

VM Arguments:
jvm_args: --add-modules=ALL-SYSTEM --add-opens=java.base/java.util=ALL-UNNAMED --add-opens=java.base/java.lang=ALL-UNNAMED --add-opens=java.base/sun.nio.fs=ALL-UNNAMED -Declipse.application=org.eclipse.jdt.ls.core.id1 -Dosgi.bundles.defaultStartLevel=4 -Declipse.product=org.eclipse.jdt.ls.core.product -Djava.import.generatesMetadataFilesAtProjectRoot=false -DDetectVMInstallationsJob.disabled=true -Dfile.encoding=utf8 -XX:+UseParallelGC -XX:GCTimeRatio=4 -XX:AdaptiveSizePolicyWeight=90 -Dsun.zip.disableMemoryMapping=true -Xmx2G -Xms100m -Xlog:disable -javaagent:c:\Users\jpten\.vscode\extensions\redhat.java-1.55.0-win32-x64\lombok\lombok-1.18.39-4050.jar -XX:+HeapDumpOnOutOfMemoryError -XX:HeapDumpPath=c:\Users\jpten\AppData\Roaming\Code\User\workspaceStorage\01e5187b9297d594cf14f8df353fd417\redhat.java -Daether.dependencyCollector.impl=bf 
java_command: c:\Users\jpten\.vscode\extensions\redhat.java-1.55.0-win32-x64\server\plugins\org.eclipse.equinox.launcher_1.7.200.v20260619-2039.jar -configuration c:\Users\jpten\AppData\Roaming\Code\User\globalStorage\redhat.java\1.55.0\config_win -data c:\Users\jpten\AppData\Roaming\Code\User\workspaceStorage\01e5187b9297d594cf14f8df353fd417\redhat.java\jdt_ws --pipe=\\.\pipe\lsp-31e1a3c1dada2a2b9a0b926b71492e5f-sock
java_class_path (initial): c:\Users\jpten\.vscode\extensions\redhat.java-1.55.0-win32-x64\server\plugins\org.eclipse.equinox.launcher_1.7.200.v20260619-2039.jar
Launcher Type: SUN_STANDARD

[Global flags]
    uintx AdaptiveSizePolicyWeight                 = 90                                        {product} {command line}
     intx CICompilerCount                          = 4                                         {product} {ergonomic}
    uintx GCTimeRatio                              = 4                                         {product} {command line}
     bool HeapDumpOnOutOfMemoryError               = true                                   {manageable} {command line}
    ccstr HeapDumpPath                             = c:\Users\jpten\AppData\Roaming\Code\User\workspaceStorage\01e5187b9297d594cf14f8df353fd417\redhat.java         {manageable} {command line}
   size_t InitialHeapSize                          = 104857600                                 {product} {command line}
   size_t MaxHeapSize                              = 2147483648                                {product} {command line}
   size_t MaxNewSize                               = 715653120                                 {product} {ergonomic}
   size_t MinHeapDeltaBytes                        = 524288                                    {product} {ergonomic}
   size_t MinHeapSize                              = 104857600                                 {product} {command line}
   size_t NewSize                                  = 34603008                                  {product} {ergonomic}
    uintx NonNMethodCodeHeapSize                   = 5839372                                {pd product} {ergonomic}
    uintx NonProfiledCodeHeapSize                  = 122909434                              {pd product} {ergonomic}
   size_t OldSize                                  = 70254592                                  {product} {ergonomic}
    uintx ProfiledCodeHeapSize                     = 122909434                              {pd product} {ergonomic}
    uintx ReservedCodeCacheSize                    = 251658240                              {pd product} {ergonomic}
     bool SegmentedCodeCache                       = true                                      {product} {ergonomic}
   size_t SoftMaxHeapSize                          = 2147483648                             {manageable} {ergonomic}
     bool UseCompressedOops                        = true                           {product lp64_product} {ergonomic}
     bool UseLargePagesIndividualAllocation        = false                                  {pd product} {ergonomic}
     bool UseParallelGC                            = true                                      {product} {command line}

Logging:
Log output configuration:
 #0: stdout all=off uptime,level,tags foldmultilines=false
 #1: stderr all=off uptime,level,tags foldmultilines=false

Release file:
JAVA_VERSION="21.0.11" 
MODULES="java.base java.compiler java.datatransfer java.xml java.prefs java.desktop java.instrument java.logging java.management java.security.sasl java.naming java.rmi java.management.rmi java.net.http java.scripting java.security.jgss java.transaction.xa java.sql java.sql.rowset java.xml.crypto java.se java.smartcardio jdk.accessibility jdk.internal.jvmstat jdk.attach jdk.charsets jdk.internal.opt jdk.zipfs jdk.compiler jdk.crypto.ec jdk.crypto.cryptoki jdk.crypto.mscapi jdk.dynalink jdk.internal.ed jdk.editpad jdk.hotspot.agent jdk.httpserver jdk.internal.le jdk.internal.vm.ci jdk.internal.vm.compiler jdk.internal.vm.compiler.management jdk.jartool jdk.javadoc jdk.jcmd jdk.management jdk.management.agent jdk.jconsole jdk.jdeps jdk.jdwp.agent jdk.jdi jdk.jfr jdk.jshell jdk.jsobject jdk.jstatd jdk.localedata jdk.management.jfr jdk.naming.dns jdk.naming.rmi jdk.net jdk.nio.mapmode jdk.random jdk.sctp jdk.security.auth jdk.security.jgss jdk.unsupported jdk.unsupported.desktop jdk.xml.dom" 

Environment Variables:
JAVA_HOME=C:\Users\jpten\dev-tools\jdk-17
PATH=C:\Python314\Scripts\;C:\Python314\;C:\Program Files (x86)\Common Files\Oracle\Java\java8path;C:\Program Files (x86)\Common Files\Oracle\Java\javapath;C:\Windows\system32;C:\Windows;C:\Windows\System32\Wbem;C:\Windows\System32\WindowsPowerShell\v1.0\;C:\Windows\System32\OpenSSH\;C:\Program Files (x86)\NVIDIA Corporation\PhysX\Common;C:\Program Files\NVIDIA Corporation\NVIDIA App\NvDLISR;C:\Program Files\dotnet\;C:\Program Files\playit_gg\bin\;C:\Program Files\nodejs\;C:\ProgramData\chocolatey\bin;C:\Program Files\Git\cmd;C:\Users\jpten\AppData\Local\Microsoft\WindowsApps;C:\Users\jpten\.dotnet\tools;C:\Users\jpten\AppData\Local\Programs\Microsoft VS Code\bin;C:\Users\jpten\AppData\Roaming\npm;C:\Users\jpten\AppData\Local\Microsoft\WinGet\Packages\Rclone.Rclone_Microsoft.Winget.Source_8wekyb3d8bbwe\rclone-v1.74.3-windows-amd64;C:\Users\jpten\dev-tools\jdk-17\bin;C:\Program Files\Git\cmd;C:\Users\jpten\Android\Sdk\platform-tools;C:\Users\jpten\Android\Sdk\cmdline-tools\latest\bin
USERNAME=jpten
OS=Windows_NT
PROCESSOR_IDENTIFIER=AMD64 Family 25 Model 68 Stepping 1, AuthenticAMD
TMP=C:\Users\jpten\AppData\Local\Temp
TEMP=C:\Users\jpten\AppData\Local\Temp




Periodic native trim disabled

---------------  S Y S T E M  ---------------

OS:
 Windows 11 , 64 bit Build 26100 (10.0.26100.8875)
OS uptime: 1 days 7:39 hours
Hyper-V role detected

CPU: total 12 (initial active 12) (12 cores per cpu, 2 threads per core) family 25 model 68 stepping 1 microcode 0xa40410a, cx8, cmov, fxsr, ht, mmx, 3dnowpref, sse, sse2, sse3, ssse3, sse4a, sse4.1, sse4.2, popcnt, lzcnt, tsc, tscinvbit, avx, avx2, aes, erms, clmul, bmi1, bmi2, adx, sha, fma, vzeroupper, clflush, clflushopt, hv, rdtscp, rdpid, fsrm, f16c, cet_ss
Processor Information for processor 0
  Max Mhz: 3301, Current Mhz: 3301, Mhz Limit: 3301
Processor Information for processor 1
  Max Mhz: 3301, Current Mhz: 3301, Mhz Limit: 3301
Processor Information for processor 2
  Max Mhz: 3301, Current Mhz: 3301, Mhz Limit: 3301
Processor Information for processor 3
  Max Mhz: 3301, Current Mhz: 3301, Mhz Limit: 3301
Processor Information for processor 4
  Max Mhz: 3301, Current Mhz: 2008, Mhz Limit: 3301
Processor Information for processor 5
  Max Mhz: 3301, Current Mhz: 2008, Mhz Limit: 3301
Processor Information for processor 6
  Max Mhz: 3301, Current Mhz: 2008, Mhz Limit: 3301
Processor Information for processor 7
  Max Mhz: 3301, Current Mhz: 3301, Mhz Limit: 3301
Processor Information for processor 8
  Max Mhz: 3301, Current Mhz: 3301, Mhz Limit: 3301
Processor Information for processor 9
  Max Mhz: 3301, Current Mhz: 2008, Mhz Limit: 3301
Processor Information for processor 10
  Max Mhz: 3301, Current Mhz: 2008, Mhz Limit: 3301
Processor Information for processor 11
  Max Mhz: 3301, Current Mhz: 3301, Mhz Limit: 3301

Memory: 4k page, system-wide physical 7484M (732M free)
TotalPageFile size 30012M (AvailPageFile size 39M)
current process WorkingSet (physical memory assigned to process): 361M, peak: 668M
current process commit charge ("private bytes"): 1484M, peak: 1847M

vm_info: OpenJDK 64-Bit Server VM (21.0.11+10-LTS) for windows-amd64 JRE (21.0.11+10-LTS), built on 2026-04-21T00:00:00Z by "admin" with MS VC++ 17.12 (VS2022)

END.
