#
# There is insufficient memory for the Java Runtime Environment to continue.
# Native memory allocation (malloc) failed to allocate 1662688 bytes. Error detail: Chunk::new
# Possible reasons:
#   The system is out of physical RAM or swap space
#   This process is running with CompressedOops enabled, and the Java Heap may be blocking the growth of the native heap
# Possible solutions:
#   Reduce memory load on the system
#   Increase physical memory or swap space
#   Check if swap backing store is full
#   Decrease Java heap size (-Xmx/-Xms)
#   Decrease number of Java threads
#   Decrease Java thread stack sizes (-Xss)
#   Set larger code cache with -XX:ReservedCodeCacheSize=
#   JVM is running with Unscaled Compressed Oops mode in which the Java heap is
#     placed in the first 4GB address space. The Java Heap base address is the
#     maximum limit for the native heap growth. Please use -XX:HeapBaseMinAddress
#     to set the Java Heap base and to place the Java Heap above 4GB virtual address.
# This output file may be truncated or incomplete.
#
#  Out of Memory Error (arena.cpp:168), pid=29260, tid=42460
#
# JRE version: OpenJDK Runtime Environment Temurin-21.0.11+10 (21.0.11+10) (build 21.0.11+10-LTS)
# Java VM: OpenJDK 64-Bit Server VM Temurin-21.0.11+10 (21.0.11+10-LTS, mixed mode, sharing, tiered, compressed oops, compressed class ptrs, parallel gc, windows-amd64)
# No core dump will be written. Minidumps are not enabled by default on client versions of Windows
#

---------------  S U M M A R Y ------------

Command Line: --add-modules=ALL-SYSTEM --add-opens=java.base/java.util=ALL-UNNAMED --add-opens=java.base/java.lang=ALL-UNNAMED --add-opens=java.base/sun.nio.fs=ALL-UNNAMED -Declipse.application=org.eclipse.jdt.ls.core.id1 -Dosgi.bundles.defaultStartLevel=4 -Declipse.product=org.eclipse.jdt.ls.core.product -Djava.import.generatesMetadataFilesAtProjectRoot=false -DDetectVMInstallationsJob.disabled=true -Dfile.encoding=utf8 -XX:+UseParallelGC -XX:GCTimeRatio=4 -XX:AdaptiveSizePolicyWeight=90 -Dsun.zip.disableMemoryMapping=true -Xmx2G -Xms100m -Xlog:disable -javaagent:c:\Users\jpten\.vscode\extensions\redhat.java-1.55.0-win32-x64\lombok\lombok-1.18.39-4050.jar -XX:+HeapDumpOnOutOfMemoryError -XX:HeapDumpPath=c:\Users\jpten\AppData\Roaming\Code\User\workspaceStorage\01e5187b9297d594cf14f8df353fd417\redhat.java -Daether.dependencyCollector.impl=bf c:\Users\jpten\.vscode\extensions\redhat.java-1.55.0-win32-x64\server\plugins\org.eclipse.equinox.launcher_1.7.200.v20260619-2039.jar -configuration c:\Users\jpten\AppData\Roaming\Code\User\globalStorage\redhat.java\1.55.0\config_win -data c:\Users\jpten\AppData\Roaming\Code\User\workspaceStorage\01e5187b9297d594cf14f8df353fd417\redhat.java\jdt_ws --pipe=\\.\pipe\lsp-39418b141f1f5af690355c02e5e7d623-sock

Host: AMD Ryzen 5 6600H with Radeon Graphics         , 12 cores, 7G,  Windows 11 , 64 bit Build 26100 (10.0.26100.8875)
Time: Mon Jul 20 12:46:25 2026 Malay Peninsula Standard Time elapsed time: 12.010286 seconds (0d 0h 0m 12s)

---------------  T H R E A D  ---------------

Current thread (0x0000020cad80f0e0):  JavaThread "C2 CompilerThread0" daemon [_thread_in_native, id=42460, stack(0x0000009fc8500000,0x0000009fc8600000) (1024K)]


Current CompileTask:
C2:12010 3083       4       org.eclipse.core.internal.dtree.DataTreeReader::readNode (248 bytes)

Stack: [0x0000009fc8500000,0x0000009fc8600000]
Native frames: (J=compiled Java code, j=interpreted, Vv=VM code, C=native code)
V  [jvm.dll+0x6d7e19]
V  [jvm.dll+0x8b5096]
V  [jvm.dll+0x8b764e]
V  [jvm.dll+0x8b7d33]
V  [jvm.dll+0x284596]
V  [jvm.dll+0xc685d]
V  [jvm.dll+0xc6da1]
V  [jvm.dll+0x3bed6b]
V  [jvm.dll+0x38b2b2]
V  [jvm.dll+0x38a6fa]
V  [jvm.dll+0x24c700]
V  [jvm.dll+0x24bce0]
V  [jvm.dll+0x1cb4ae]
V  [jvm.dll+0x25baad]
V  [jvm.dll+0x25a03a]
V  [jvm.dll+0x3f868e]
V  [jvm.dll+0x85fb0d]
V  [jvm.dll+0x6d664d]
C  [ucrtbase.dll+0x2cd30]
C  [KERNEL32.DLL+0x2e957]
C  [ntdll.dll+0xaad6c]


---------------  P R O C E S S  ---------------

Threads class SMR info:
_java_thread_list=0x0000020d07c5d240, length=18, elements={
0x0000020cad75c8d0, 0x0000020cad70e330, 0x0000020cad8047b0, 0x0000020cad805f80,
0x0000020cad80ac00, 0x0000020cad80b660, 0x0000020cad80c0c0, 0x0000020cad80f0e0,
0x0000020d065caf30, 0x0000020d06768f40, 0x0000020d068a0ec0, 0x0000020d06926fc0,
0x0000020d0c13ae90, 0x0000020d0c15baf0, 0x0000020d0c15c530, 0x0000020d0c569f30,
0x0000020d065cd7a0, 0x0000020d07741970
}

Java Threads: ( => current thread )
  0x0000020cad75c8d0 JavaThread "main"                              [_thread_blocked, id=45228, stack(0x0000009fc7b00000,0x0000009fc7c00000) (1024K)]
  0x0000020cad70e330 JavaThread "Reference Handler"          daemon [_thread_blocked, id=21716, stack(0x0000009fc7f00000,0x0000009fc8000000) (1024K)]
  0x0000020cad8047b0 JavaThread "Finalizer"                  daemon [_thread_blocked, id=2456, stack(0x0000009fc8000000,0x0000009fc8100000) (1024K)]
  0x0000020cad805f80 JavaThread "Signal Dispatcher"          daemon [_thread_blocked, id=45584, stack(0x0000009fc8100000,0x0000009fc8200000) (1024K)]
  0x0000020cad80ac00 JavaThread "Attach Listener"            daemon [_thread_blocked, id=44636, stack(0x0000009fc8200000,0x0000009fc8300000) (1024K)]
  0x0000020cad80b660 JavaThread "Service Thread"             daemon [_thread_blocked, id=44148, stack(0x0000009fc8300000,0x0000009fc8400000) (1024K)]
  0x0000020cad80c0c0 JavaThread "Monitor Deflation Thread"   daemon [_thread_blocked, id=49776, stack(0x0000009fc8400000,0x0000009fc8500000) (1024K)]
=>0x0000020cad80f0e0 JavaThread "C2 CompilerThread0"         daemon [_thread_in_native, id=42460, stack(0x0000009fc8500000,0x0000009fc8600000) (1024K)]
  0x0000020d065caf30 JavaThread "C1 CompilerThread0"         daemon [_thread_blocked, id=46616, stack(0x0000009fc8600000,0x0000009fc8700000) (1024K)]
  0x0000020d06768f40 JavaThread "Common-Cleaner"             daemon [_thread_blocked, id=46340, stack(0x0000009fc8700000,0x0000009fc8800000) (1024K)]
  0x0000020d068a0ec0 JavaThread "Notification Thread"        daemon [_thread_blocked, id=48652, stack(0x0000009fc8800000,0x0000009fc8900000) (1024K)]
  0x0000020d06926fc0 JavaThread "Active Thread: Equinox Container: 8d4fd54a-9a7f-4699-b56b-73a0e1577b78"        [_thread_blocked, id=3360, stack(0x0000009fc8900000,0x0000009fc8a00000) (1024K)]
  0x0000020d0c13ae90 JavaThread "Refresh Thread: Equinox Container: 8d4fd54a-9a7f-4699-b56b-73a0e1577b78" daemon [_thread_blocked, id=38116, stack(0x0000009fc9100000,0x0000009fc9200000) (1024K)]
  0x0000020d0c15baf0 JavaThread "Framework Event Dispatcher: Equinox Container: 8d4fd54a-9a7f-4699-b56b-73a0e1577b78" daemon [_thread_blocked, id=48364, stack(0x0000009fc9200000,0x0000009fc9300000) (1024K)]
  0x0000020d0c15c530 JavaThread "Start Level: Equinox Container: 8d4fd54a-9a7f-4699-b56b-73a0e1577b78" daemon [_thread_in_native, id=37332, stack(0x0000009fc9300000,0x0000009fc9400000) (1024K)]
  0x0000020d0c569f30 JavaThread "Bundle File Closer"         daemon [_thread_blocked, id=49292, stack(0x0000009fc9600000,0x0000009fc9700000) (1024K)]
  0x0000020d065cd7a0 JavaThread "SCR Component Actor"        daemon [_thread_blocked, id=45844, stack(0x0000009fc9700000,0x0000009fc9800000) (1024K)]
  0x0000020d07741970 JavaThread "Worker-JM"                         [_thread_blocked, id=47832, stack(0x0000009fc9800000,0x0000009fc9900000) (1024K)]
Total: 18

Other Threads:
  0x0000020cad6f4150 VMThread "VM Thread"                           [id=2476, stack(0x0000009fc7e00000,0x0000009fc7f00000) (1024K)]
  0x0000020cad5eca00 WatcherThread "VM Periodic Task Thread"        [id=40496, stack(0x0000009fc7d00000,0x0000009fc7e00000) (1024K)]
  0x0000020cad77ab40 WorkerThread "GC Thread#0"                     [id=41924, stack(0x0000009fc7c00000,0x0000009fc7d00000) (1024K)]
  0x0000020d07cfe260 WorkerThread "GC Thread#1"                     [id=47248, stack(0x0000009fc8a00000,0x0000009fc8b00000) (1024K)]
  0x0000020d07cfe610 WorkerThread "GC Thread#2"                     [id=48416, stack(0x0000009fc8b00000,0x0000009fc8c00000) (1024K)]
  0x0000020d0c01d4a0 WorkerThread "GC Thread#3"                     [id=49388, stack(0x0000009fc8c00000,0x0000009fc8d00000) (1024K)]
  0x0000020d0c01d850 WorkerThread "GC Thread#4"                     [id=22828, stack(0x0000009fc8d00000,0x0000009fc8e00000) (1024K)]
  0x0000020d0c01dc00 WorkerThread "GC Thread#5"                     [id=44648, stack(0x0000009fc8e00000,0x0000009fc8f00000) (1024K)]
  0x0000020d07a3a940 WorkerThread "GC Thread#6"                     [id=44232, stack(0x0000009fc8f00000,0x0000009fc9000000) (1024K)]
  0x0000020d0c1b1b40 WorkerThread "GC Thread#7"                     [id=44888, stack(0x0000009fc9000000,0x0000009fc9100000) (1024K)]
  0x0000020d0c5ac010 WorkerThread "GC Thread#8"                     [id=47504, stack(0x0000009fc9400000,0x0000009fc9500000) (1024K)]
  0x0000020d0c5ac3c0 WorkerThread "GC Thread#9"                     [id=27352, stack(0x0000009fc9500000,0x0000009fc9600000) (1024K)]
Total: 12

Threads with active compile tasks:
C2 CompilerThread0  12080 3083       4       org.eclipse.core.internal.dtree.DataTreeReader::readNode (248 bytes)
Total: 1

VM state: not at safepoint (normal execution)

VM Mutex/Monitor currently owned by a thread: None

Heap address: 0x0000000080000000, size: 2048 MB, Compressed Oops mode: 32-bit

CDS archive(s) mapped at: [0x0000020cc5000000-0x0000020cc5ba0000-0x0000020cc5ba0000), size 12189696, SharedBaseAddress: 0x0000020cc5000000, ArchiveRelocationMode: 1.
Compressed class space mapped at: 0x0000020cc6000000-0x0000020d06000000, reserved size: 1073741824
Narrow klass base: 0x0000020cc5000000, Narrow klass shift: 0, Narrow klass range: 0x100000000

GC Precious Log:
 CardTable entry size: 512
 CPUs: 12 total, 12 available
 Memory: 7484M
 Large Page Support: Disabled
 NUMA Support: Disabled
 Compressed Oops: Enabled (32-bit)
 Alignments: Space 512K, Generation 512K, Heap 2M
 Heap Min Capacity: 100M
 Heap Initial Capacity: 100M
 Heap Max Capacity: 2G
 Pre-touch: Disabled
 Parallel Workers: 10

Heap:
 PSYoungGen      total 29184K, used 21751K [0x00000000d5580000, 0x00000000d7a00000, 0x0000000100000000)
  eden space 25088K, 70% used [0x00000000d5580000,0x00000000d66bf9f0,0x00000000d6e00000)
  from space 4096K, 99% used [0x00000000d6e80000,0x00000000d727e578,0x00000000d7280000)
  to   space 6144K, 0% used [0x00000000d7400000,0x00000000d7400000,0x00000000d7a00000)
 ParOldGen       total 68608K, used 8327K [0x0000000080000000, 0x0000000084300000, 0x00000000d5580000)
  object space 68608K, 12% used [0x0000000080000000,0x0000000080821db8,0x0000000084300000)
 Metaspace       used 15661K, committed 16320K, reserved 1114112K
  class space    used 1624K, committed 1920K, reserved 1048576K

Card table byte_map: [0x0000020cad100000,0x0000020cad510000] _byte_map_base: 0x0000020cacd00000

Marking Bits: (ParMarkBitMap*) 0x00007ffcd9554460
 Begin Bits: [0x0000020cbfc10000, 0x0000020cc1c10000)
 End Bits:   [0x0000020cc1c10000, 0x0000020cc3c10000)

Polling page: 0x0000020cab530000

Metaspace:

Usage:
  Non-class:     13.71 MB used.
      Class:      1.59 MB used.
       Both:     15.29 MB used.

Virtual space:
  Non-class space:       64.00 MB reserved,      14.06 MB ( 22%) committed,  1 nodes.
      Class space:        1.00 GB reserved,       1.88 MB ( <1%) committed,  1 nodes.
             Both:        1.06 GB reserved,      15.94 MB (  1%) committed. 

Chunk freelists:
   Non-Class:  1.56 MB
       Class:  13.97 MB
        Both:  15.53 MB

MaxMetaspaceSize: unlimited
CompressedClassSpaceSize: 1.00 GB
Initial GC threshold: 21.00 MB
Current GC threshold: 21.00 MB
CDS: on
 - commit_granule_bytes: 65536.
 - commit_granule_words: 8192.
 - virtual_space_node_default_size: 8388608.
 - enlarge_chunks_in_place: 1.
 - use_allocation_guard: 0.


Internal statistics:

num_allocs_failed_limit: 0.
num_arena_births: 442.
num_arena_deaths: 0.
num_vsnodes_births: 2.
num_vsnodes_deaths: 0.
num_space_committed: 255.
num_space_uncommitted: 0.
num_chunks_returned_to_freelist: 0.
num_chunks_taken_from_freelist: 989.
num_chunk_merges: 0.
num_chunk_splits: 626.
num_chunks_enlarged: 396.
num_inconsistent_stats: 0.

CodeHeap 'non-profiled nmethods': size=120000Kb used=1295Kb max_used=1295Kb free=118704Kb
 bounds [0x0000020cb8430000, 0x0000020cb86a0000, 0x0000020cbf960000]
CodeHeap 'profiled nmethods': size=120000Kb used=6352Kb max_used=6352Kb free=113647Kb
 bounds [0x0000020cb0960000, 0x0000020cb0fa0000, 0x0000020cb7e90000]
CodeHeap 'non-nmethods': size=5760Kb used=1260Kb max_used=1278Kb free=4499Kb
 bounds [0x0000020cb7e90000, 0x0000020cb8100000, 0x0000020cb8430000]
CodeCache: size=245760Kb, used=8907Kb, max_used=8925Kb, free=236850Kb
 total_blobs=3648, nmethods=3114, adapters=440, full_count=0
Compilation: enabled, stopped_count=0, restarted_count=0

Compilation events (20 events):
Event: 11.050 Thread 0x0000020d065caf30 3118       2       org.eclipse.core.internal.resources.MarkerReader_3::readMarkerInfo (125 bytes)
Event: 11.052 Thread 0x0000020d065caf30 nmethod 3118 0x0000020cb0f8b190 code [0x0000020cb0f8b420, 0x0000020cb0f8bb98]
Event: 11.052 Thread 0x0000020d065caf30 3123       2       org.eclipse.core.internal.resources.MarkerSet::add (140 bytes)
Event: 11.053 Thread 0x0000020d065caf30 nmethod 3123 0x0000020cb0f8c210 code [0x0000020cb0f8c440, 0x0000020cb0f8ca00]
Event: 11.053 Thread 0x0000020d065caf30 3119       2       org.eclipse.core.internal.resources.MarkerInfo::<init> (33 bytes)
Event: 11.053 Thread 0x0000020d065caf30 nmethod 3119 0x0000020cb0f8cd10 code [0x0000020cb0f8cec0, 0x0000020cb0f8d1d0]
Event: 11.053 Thread 0x0000020d065caf30 3120       2       org.eclipse.core.internal.resources.MarkerAttributeMap::<init> (22 bytes)
Event: 11.053 Thread 0x0000020d065caf30 nmethod 3120 0x0000020cb0f8d390 code [0x0000020cb0f8d540, 0x0000020cb0f8d708]
Event: 11.053 Thread 0x0000020d065caf30 3121       2       org.eclipse.core.internal.resources.MarkerAttributeMap::copy (17 bytes)
Event: 11.054 Thread 0x0000020d065caf30 nmethod 3121 0x0000020cb0f8d810 code [0x0000020cb0f8d9c0, 0x0000020cb0f8db70]
Event: 11.054 Thread 0x0000020d065caf30 3126       3       org.eclipse.core.internal.dtree.AbstractDataTreeNode::indexOfChild (75 bytes)
Event: 11.054 Thread 0x0000020d065caf30 nmethod 3126 0x0000020cb0f8dc90 code [0x0000020cb0f8de60, 0x0000020cb0f8e1b0]
Event: 11.054 Thread 0x0000020d065caf30 3124       3       org.eclipse.core.runtime.Path::segment (17 bytes)
Event: 11.054 Thread 0x0000020d065caf30 nmethod 3124 0x0000020cb0f8e390 code [0x0000020cb0f8e540, 0x0000020cb0f8e6f0]
Event: 11.054 Thread 0x0000020d065caf30 3125       3       org.eclipse.core.internal.dtree.AbstractDataTreeNode::childAtOrNull (21 bytes)
Event: 11.054 Thread 0x0000020d065caf30 nmethod 3125 0x0000020cb0f8e810 code [0x0000020cb0f8e9c0, 0x0000020cb0f8ec30]
Event: 11.054 Thread 0x0000020d065caf30 3122       2       org.eclipse.core.internal.resources.MarkerInfo::<init> (27 bytes)
Event: 11.055 Thread 0x0000020d065caf30 nmethod 3122 0x0000020cb0f8ed90 code [0x0000020cb0f8ef20, 0x0000020cb0f8f060]
Event: 11.056 Thread 0x0000020d065caf30 3127       2       org.eclipse.core.runtime.Path::computeSegments (163 bytes)
Event: 12.004 Thread 0x0000020d065caf30 nmethod 3127 0x0000020cb0f8f110 code [0x0000020cb0f8f320, 0x0000020cb0f8fb30]

GC Heap History (10 events):
Event: 1.202 GC heap before
{Heap before GC invocations=1 (full 0):
 PSYoungGen      total 29696K, used 25600K [0x00000000d5580000, 0x00000000d7680000, 0x0000000100000000)
  eden space 25600K, 100% used [0x00000000d5580000,0x00000000d6e80000,0x00000000d6e80000)
  from space 4096K, 0% used [0x00000000d7280000,0x00000000d7280000,0x00000000d7680000)
  to   space 4096K, 0% used [0x00000000d6e80000,0x00000000d6e80000,0x00000000d7280000)
 ParOldGen       total 68608K, used 0K [0x0000000080000000, 0x0000000084300000, 0x00000000d5580000)
  object space 68608K, 0% used [0x0000000080000000,0x0000000080000000,0x0000000084300000)
 Metaspace       used 4359K, committed 4608K, reserved 1114112K
  class space    used 475K, committed 576K, reserved 1048576K
}
Event: 1.216 GC heap after
{Heap after GC invocations=1 (full 0):
 PSYoungGen      total 29696K, used 3335K [0x00000000d5580000, 0x00000000d7680000, 0x0000000100000000)
  eden space 25600K, 0% used [0x00000000d5580000,0x00000000d5580000,0x00000000d6e80000)
  from space 4096K, 81% used [0x00000000d6e80000,0x00000000d71c1e98,0x00000000d7280000)
  to   space 4096K, 0% used [0x00000000d7280000,0x00000000d7280000,0x00000000d7680000)
 ParOldGen       total 68608K, used 8K [0x0000000080000000, 0x0000000084300000, 0x00000000d5580000)
  object space 68608K, 0% used [0x0000000080000000,0x0000000080002000,0x0000000084300000)
 Metaspace       used 4359K, committed 4608K, reserved 1114112K
  class space    used 475K, committed 576K, reserved 1048576K
}
Event: 2.757 GC heap before
{Heap before GC invocations=2 (full 0):
 PSYoungGen      total 29696K, used 28935K [0x00000000d5580000, 0x00000000d7680000, 0x0000000100000000)
  eden space 25600K, 100% used [0x00000000d5580000,0x00000000d6e80000,0x00000000d6e80000)
  from space 4096K, 81% used [0x00000000d6e80000,0x00000000d71c1e98,0x00000000d7280000)
  to   space 4096K, 0% used [0x00000000d7280000,0x00000000d7280000,0x00000000d7680000)
 ParOldGen       total 68608K, used 8K [0x0000000080000000, 0x0000000084300000, 0x00000000d5580000)
  object space 68608K, 0% used [0x0000000080000000,0x0000000080002000,0x0000000084300000)
 Metaspace       used 8018K, committed 8320K, reserved 1114112K
  class space    used 838K, committed 960K, reserved 1048576K
}
Event: 2.765 GC heap after
{Heap after GC invocations=2 (full 0):
 PSYoungGen      total 29696K, used 4087K [0x00000000d5580000, 0x00000000d7680000, 0x0000000100000000)
  eden space 25600K, 0% used [0x00000000d5580000,0x00000000d5580000,0x00000000d6e80000)
  from space 4096K, 99% used [0x00000000d7280000,0x00000000d767de88,0x00000000d7680000)
  to   space 4096K, 0% used [0x00000000d6e80000,0x00000000d6e80000,0x00000000d7280000)
 ParOldGen       total 68608K, used 1979K [0x0000000080000000, 0x0000000084300000, 0x00000000d5580000)
  object space 68608K, 2% used [0x0000000080000000,0x00000000801eef78,0x0000000084300000)
 Metaspace       used 8018K, committed 8320K, reserved 1114112K
  class space    used 838K, committed 960K, reserved 1048576K
}
Event: 4.881 GC heap before
{Heap before GC invocations=3 (full 0):
 PSYoungGen      total 29696K, used 29492K [0x00000000d5580000, 0x00000000d7680000, 0x0000000100000000)
  eden space 25600K, 99% used [0x00000000d5580000,0x00000000d6e4f2d0,0x00000000d6e80000)
  from space 4096K, 99% used [0x00000000d7280000,0x00000000d767de88,0x00000000d7680000)
  to   space 4096K, 0% used [0x00000000d6e80000,0x00000000d6e80000,0x00000000d7280000)
 ParOldGen       total 68608K, used 1979K [0x0000000080000000, 0x0000000084300000, 0x00000000d5580000)
  object space 68608K, 2% used [0x0000000080000000,0x00000000801eef78,0x0000000084300000)
 Metaspace       used 9454K, committed 9728K, reserved 1114112K
  class space    used 1010K, committed 1152K, reserved 1048576K
}
Event: 4.889 GC heap after
{Heap after GC invocations=3 (full 0):
 PSYoungGen      total 29696K, used 4080K [0x00000000d5580000, 0x00000000d7680000, 0x0000000100000000)
  eden space 25600K, 0% used [0x00000000d5580000,0x00000000d5580000,0x00000000d6e80000)
  from space 4096K, 99% used [0x00000000d6e80000,0x00000000d727c1e8,0x00000000d7280000)
  to   space 4096K, 0% used [0x00000000d7280000,0x00000000d7280000,0x00000000d7680000)
 ParOldGen       total 68608K, used 5053K [0x0000000080000000, 0x0000000084300000, 0x00000000d5580000)
  object space 68608K, 7% used [0x0000000080000000,0x00000000804ef688,0x0000000084300000)
 Metaspace       used 9454K, committed 9728K, reserved 1114112K
  class space    used 1010K, committed 1152K, reserved 1048576K
}
Event: 8.442 GC heap before
{Heap before GC invocations=4 (full 0):
 PSYoungGen      total 29696K, used 29680K [0x00000000d5580000, 0x00000000d7680000, 0x0000000100000000)
  eden space 25600K, 100% used [0x00000000d5580000,0x00000000d6e80000,0x00000000d6e80000)
  from space 4096K, 99% used [0x00000000d6e80000,0x00000000d727c1e8,0x00000000d7280000)
  to   space 4096K, 0% used [0x00000000d7280000,0x00000000d7280000,0x00000000d7680000)
 ParOldGen       total 68608K, used 5053K [0x0000000080000000, 0x0000000084300000, 0x00000000d5580000)
  object space 68608K, 7% used [0x0000000080000000,0x00000000804ef688,0x0000000084300000)
 Metaspace       used 11661K, committed 12032K, reserved 1114112K
  class space    used 1239K, committed 1408K, reserved 1048576K
}
Event: 8.449 GC heap after
{Heap after GC invocations=4 (full 0):
 PSYoungGen      total 29696K, used 4082K [0x00000000d5580000, 0x00000000d7680000, 0x0000000100000000)
  eden space 25600K, 0% used [0x00000000d5580000,0x00000000d5580000,0x00000000d6e80000)
  from space 4096K, 99% used [0x00000000d7280000,0x00000000d767c9a0,0x00000000d7680000)
  to   space 4096K, 0% used [0x00000000d6e80000,0x00000000d6e80000,0x00000000d7280000)
 ParOldGen       total 68608K, used 6572K [0x0000000080000000, 0x0000000084300000, 0x00000000d5580000)
  object space 68608K, 9% used [0x0000000080000000,0x000000008066b1f8,0x0000000084300000)
 Metaspace       used 11661K, committed 12032K, reserved 1114112K
  class space    used 1239K, committed 1408K, reserved 1048576K
}
Event: 10.605 GC heap before
{Heap before GC invocations=5 (full 0):
 PSYoungGen      total 29696K, used 29682K [0x00000000d5580000, 0x00000000d7680000, 0x0000000100000000)
  eden space 25600K, 100% used [0x00000000d5580000,0x00000000d6e80000,0x00000000d6e80000)
  from space 4096K, 99% used [0x00000000d7280000,0x00000000d767c9a0,0x00000000d7680000)
  to   space 4096K, 0% used [0x00000000d6e80000,0x00000000d6e80000,0x00000000d7280000)
 ParOldGen       total 68608K, used 6572K [0x0000000080000000, 0x0000000084300000, 0x00000000d5580000)
  object space 68608K, 9% used [0x0000000080000000,0x000000008066b1f8,0x0000000084300000)
 Metaspace       used 15572K, committed 16256K, reserved 1114112K
  class space    used 1614K, committed 1920K, reserved 1048576K
}
Event: 10.620 GC heap after
{Heap after GC invocations=5 (full 0):
 PSYoungGen      total 29184K, used 4089K [0x00000000d5580000, 0x00000000d7a00000, 0x0000000100000000)
  eden space 25088K, 0% used [0x00000000d5580000,0x00000000d5580000,0x00000000d6e00000)
  from space 4096K, 99% used [0x00000000d6e80000,0x00000000d727e578,0x00000000d7280000)
  to   space 6144K, 0% used [0x00000000d7400000,0x00000000d7400000,0x00000000d7a00000)
 ParOldGen       total 68608K, used 8327K [0x0000000080000000, 0x0000000084300000, 0x00000000d5580000)
  object space 68608K, 12% used [0x0000000080000000,0x0000000080821db8,0x0000000084300000)
 Metaspace       used 15572K, committed 16256K, reserved 1114112K
  class space    used 1614K, committed 1920K, reserved 1048576K
}

Dll operation events (9 events):
Event: 0.023 Loaded shared library c:\Users\jpten\.vscode\extensions\redhat.java-1.55.0-win32-x64\jre\21.0.11-win32-x86_64\bin\java.dll
Event: 0.146 Loaded shared library c:\Users\jpten\.vscode\extensions\redhat.java-1.55.0-win32-x64\jre\21.0.11-win32-x86_64\bin\zip.dll
Event: 0.174 Loaded shared library C:\Users\jpten\.vscode\extensions\redhat.java-1.55.0-win32-x64\jre\21.0.11-win32-x86_64\bin\instrument.dll
Event: 0.183 Loaded shared library C:\Users\jpten\.vscode\extensions\redhat.java-1.55.0-win32-x64\jre\21.0.11-win32-x86_64\bin\net.dll
Event: 0.188 Loaded shared library C:\Users\jpten\.vscode\extensions\redhat.java-1.55.0-win32-x64\jre\21.0.11-win32-x86_64\bin\nio.dll
Event: 0.195 Loaded shared library C:\Users\jpten\.vscode\extensions\redhat.java-1.55.0-win32-x64\jre\21.0.11-win32-x86_64\bin\zip.dll
Event: 0.225 Loaded shared library C:\Users\jpten\.vscode\extensions\redhat.java-1.55.0-win32-x64\jre\21.0.11-win32-x86_64\bin\jimage.dll
Event: 0.367 Loaded shared library c:\Users\jpten\.vscode\extensions\redhat.java-1.55.0-win32-x64\jre\21.0.11-win32-x86_64\bin\verify.dll
Event: 2.789 Loaded shared library C:\Users\jpten\AppData\Roaming\Code\User\globalStorage\redhat.java\1.55.0\config_win\org.eclipse.equinox.launcher\org.eclipse.equinox.launcher.win32.win32.x86_64_1.3.100.v20260613-0559\eclipse_11924.dll

Deoptimization events (20 events):
Event: 11.033 Thread 0x0000020d0c15c530 DEOPT PACKING pc=0x0000020cb0f846be sp=0x0000009fc93f9780
Event: 11.033 Thread 0x0000020d0c15c530 DEOPT UNPACKING pc=0x0000020cb7ee4242 sp=0x0000009fc93f8cc0 mode 0
Event: 11.034 Thread 0x0000020d0c15c530 DEOPT PACKING pc=0x0000020cb0f846be sp=0x0000009fc93f9780
Event: 11.034 Thread 0x0000020d0c15c530 DEOPT UNPACKING pc=0x0000020cb7ee4242 sp=0x0000009fc93f8cc0 mode 0
Event: 11.035 Thread 0x0000020d0c15c530 DEOPT PACKING pc=0x0000020cb0f846be sp=0x0000009fc93f96f0
Event: 11.035 Thread 0x0000020d0c15c530 DEOPT UNPACKING pc=0x0000020cb7ee4242 sp=0x0000009fc93f8c30 mode 0
Event: 11.037 Thread 0x0000020d0c15c530 DEOPT PACKING pc=0x0000020cb0f846be sp=0x0000009fc93f96f0
Event: 11.037 Thread 0x0000020d0c15c530 DEOPT UNPACKING pc=0x0000020cb7ee4242 sp=0x0000009fc93f8c30 mode 0
Event: 11.040 Thread 0x0000020d0c15c530 DEOPT PACKING pc=0x0000020cb0f846be sp=0x0000009fc93f96f0
Event: 11.040 Thread 0x0000020d0c15c530 DEOPT UNPACKING pc=0x0000020cb7ee4242 sp=0x0000009fc93f8c30 mode 0
Event: 11.050 Thread 0x0000020d0c15c530 DEOPT PACKING pc=0x0000020cb0f846be sp=0x0000009fc93f96f0
Event: 11.051 Thread 0x0000020d0c15c530 DEOPT UNPACKING pc=0x0000020cb7ee4242 sp=0x0000009fc93f8c30 mode 0
Event: 11.053 Thread 0x0000020d0c15c530 DEOPT PACKING pc=0x0000020cb0f846be sp=0x0000009fc93f9600
Event: 11.053 Thread 0x0000020d0c15c530 DEOPT UNPACKING pc=0x0000020cb7ee4242 sp=0x0000009fc93f8b40 mode 0
Event: 11.053 Thread 0x0000020d0c15c530 DEOPT PACKING pc=0x0000020cb0f846be sp=0x0000009fc93f98d0
Event: 11.053 Thread 0x0000020d0c15c530 DEOPT UNPACKING pc=0x0000020cb7ee4242 sp=0x0000009fc93f8e10 mode 0
Event: 11.054 Thread 0x0000020d0c15c530 DEOPT PACKING pc=0x0000020cb0f846be sp=0x0000009fc93f9600
Event: 11.054 Thread 0x0000020d0c15c530 DEOPT UNPACKING pc=0x0000020cb7ee4242 sp=0x0000009fc93f8b40 mode 0
Event: 11.057 Thread 0x0000020d0c15c530 DEOPT PACKING pc=0x0000020cb0f846be sp=0x0000009fc93f9600
Event: 11.057 Thread 0x0000020d0c15c530 DEOPT UNPACKING pc=0x0000020cb7ee4242 sp=0x0000009fc93f8b40 mode 0

Classes loaded (20 events):
Event: 10.288 Loading class java/text/FieldPosition$Delegate
Event: 10.292 Loading class java/text/FieldPosition$Delegate done
Event: 10.296 Loading class java/text/MessageFormat$Field
Event: 10.296 Loading class java/text/MessageFormat$Field done
Event: 10.326 Loading class java/util/stream/SortedOps
Event: 10.327 Loading class java/util/stream/SortedOps done
Event: 10.327 Loading class java/util/stream/SortedOps$OfRef
Event: 10.327 Loading class java/util/stream/ReferencePipeline$StatefulOp
Event: 10.328 Loading class java/util/stream/ReferencePipeline$StatefulOp done
Event: 10.328 Loading class java/util/stream/SortedOps$OfRef done
Event: 10.329 Loading class java/util/stream/SortedOps$RefSortingSink
Event: 10.330 Loading class java/util/stream/SortedOps$AbstractRefSortingSink
Event: 10.330 Loading class java/util/stream/SortedOps$AbstractRefSortingSink done
Event: 10.330 Loading class java/util/stream/SortedOps$RefSortingSink done
Event: 10.367 Loading class java/util/zip/ZipOutputStream
Event: 10.368 Loading class java/util/zip/DeflaterOutputStream
Event: 10.369 Loading class java/util/zip/DeflaterOutputStream done
Event: 10.369 Loading class java/util/zip/ZipOutputStream done
Event: 10.828 Loading class java/io/FilenameFilter
Event: 10.828 Loading class java/io/FilenameFilter done

Classes unloaded (0 events):
No events

Classes redefined (0 events):
No events

Internal exceptions (20 events):
Event: 2.452 Thread 0x0000020cad75c8d0 Exception <a 'java/lang/ClassNotFoundException'{0x00000000d6a29d80}: sun/net/www/protocol/plurl/Handler> (0x00000000d6a29d80) 
thrown [s\src\hotspot\share\classfile\systemDictionary.cpp, line 313]
Event: 2.772 Thread 0x0000020cad75c8d0 Exception <a 'java/lang/UnsatisfiedLinkError'{0x00000000d55a7aa0}: 'void org.eclipse.equinox.launcher.JNIBridge._update_splash()'> (0x00000000d55a7aa0) 
thrown [s\src\hotspot\share\prims\nativeLookup.cpp, line 415]
Event: 2.893 Thread 0x0000020d0c13ae90 Exception <a 'java/lang/NoSuchMethodError'{0x00000000d586b7c0}: 'void java.lang.invoke.DirectMethodHandle$Holder.invokeInterface(java.lang.Object, java.lang.Object, java.lang.Object)'> (0x00000000d586b7c0) 
thrown [s\src\hotspot\share\interpreter\linkResolver.cpp, line 773]
Event: 3.781 Thread 0x0000020d0c15c530 Exception <a 'java/lang/NoSuchMethodError'{0x00000000d5c362d0}: 'java.lang.Object java.lang.invoke.DirectMethodHandle$Holder.newInvokeSpecial(java.lang.Object, java.lang.Object, int, java.lang.Object)'> (0x00000000d5c362d0) 
thrown [s\src\hotspot\share\interpreter\linkResolver.cpp, line 773]
Event: 3.786 Thread 0x0000020d0c15c530 Exception <a 'java/lang/NoSuchMethodError'{0x00000000d5c3a100}: 'java.lang.Object java.lang.invoke.DirectMethodHandle$Holder.invokeSpecial(java.lang.Object, java.lang.Object, java.lang.Object, int, java.lang.Object)'> (0x00000000d5c3a100) 
thrown [s\src\hotspot\share\interpreter\linkResolver.cpp, line 773]
Event: 3.903 Thread 0x0000020d0c15c530 Exception <a 'java/lang/NoClassDefFoundError'{0x00000000d5ce0248}: jakarta/servlet/ServletContainerInitializer> (0x00000000d5ce0248) 
thrown [s\src\hotspot\share\classfile\systemDictionary.cpp, line 302]
Event: 3.992 Thread 0x0000020d0c15c530 Exception <a 'java/lang/ClassNotFoundException'{0x00000000d5e453a0}: sun/util/logging/resources/spi/loggingProvider> (0x00000000d5e453a0) 
thrown [s\src\hotspot\share\classfile\systemDictionary.cpp, line 313]
Event: 7.967 Thread 0x0000020d0c15c530 Exception <a 'java/lang/NullPointerException'{0x00000000d67062f8}> (0x00000000d67062f8) 
thrown [s\src\hotspot\share\interpreter\linkResolver.cpp, line 1372]
Event: 7.967 Thread 0x0000020d0c15c530 Exception <a 'java/lang/NullPointerException'{0x00000000d67065d8}> (0x00000000d67065d8) 
thrown [s\src\hotspot\share\interpreter\linkResolver.cpp, line 1372]
Event: 8.586 Thread 0x0000020d0c15c530 Exception <a 'java/lang/NoSuchMethodError'{0x00000000d57bdde8}: 'long java.lang.invoke.DirectMethodHandle$Holder.invokeSpecial(java.lang.Object, java.lang.Object)'> (0x00000000d57bdde8) 
thrown [s\src\hotspot\share\interpreter\linkResolver.cpp, line 773]
Event: 8.710 Thread 0x0000020d0c15c530 Exception <a 'java/io/FileNotFoundException'{0x00000000d59cf9c0}> (0x00000000d59cf9c0) 
thrown [s\src\hotspot\share\prims\jni.cpp, line 520]
Event: 9.341 Thread 0x0000020d0c15c530 Exception <a 'java/lang/NoSuchMethodError'{0x00000000d5f013c0}: 'java.lang.Object java.lang.invoke.Invokers$Holder.linkToTargetMethod(java.lang.Object, long, java.lang.Object)'> (0x00000000d5f013c0) 
thrown [s\src\hotspot\share\interpreter\linkResolver.cpp, line 773]
Event: 9.558 Thread 0x0000020d0c15c530 Exception <a 'java/lang/NoSuchMethodError'{0x00000000d6432f48}: 'void java.lang.invoke.Invokers$Holder.invokeExact_MT(java.lang.Object, java.lang.Object, java.lang.Object)'> (0x00000000d6432f48) 
thrown [s\src\hotspot\share\interpreter\linkResolver.cpp, line 773]
Event: 9.798 Thread 0x0000020d0c15c530 Exception <a 'java/lang/NoSuchMethodError'{0x00000000d6738a98}: 'java.lang.Object java.lang.invoke.DirectMethodHandle$Holder.invokeVirtual(java.lang.Object, java.lang.Object, java.lang.Object)'> (0x00000000d6738a98) 
thrown [s\src\hotspot\share\interpreter\linkResolver.cpp, line 773]
Event: 9.806 Thread 0x0000020d0c15c530 Exception <a 'java/lang/NoSuchMethodError'{0x00000000d6751070}: 'java.lang.Object java.lang.invoke.DelegatingMethodHandle$Holder.reinvoke_L(java.lang.Object, java.lang.Object, java.lang.Object, java.lang.Object, int, int)'> (0x00000000d6751070) 
thrown [s\src\hotspot\share\interpreter\linkResolver.cpp, line 773]
Event: 9.815 Thread 0x0000020d0c15c530 Exception <a 'java/lang/NoSuchMethodError'{0x00000000d676db18}: 'java.lang.Object java.lang.invoke.DirectMethodHandle$Holder.newInvokeSpecial(java.lang.Object, java.lang.Object, java.lang.Object, java.lang.Object, java.lang.Object, java.lang.Object)'> (0x00000000d676db18) 
thrown [s\src\hotspot\share\interpreter\linkResolver.cpp, line 773]
Event: 9.837 Thread 0x0000020d0c15c530 Exception <a 'java/lang/NoSuchMethodError'{0x00000000d6799f78}: 'void java.lang.invoke.Invokers$Holder.invokeExact_MT(java.lang.Object, java.lang.Object, java.lang.Object, java.lang.Object)'> (0x00000000d6799f78) 
thrown [s\src\hotspot\share\interpreter\linkResolver.cpp, line 773]
Event: 10.302 Thread 0x0000020d0c15c530 Exception <a 'java/io/FileNotFoundException'{0x00000000d6a84080}> (0x00000000d6a84080) 
thrown [s\src\hotspot\share\prims\jni.cpp, line 520]
Event: 10.304 Thread 0x0000020d0c15c530 Exception <a 'java/io/FileNotFoundException'{0x00000000d6a8bb38}> (0x00000000d6a8bb38) 
thrown [s\src\hotspot\share\prims\jni.cpp, line 520]
Event: 10.824 Thread 0x0000020d0c15c530 Exception <a 'java/lang/NoSuchMethodError'{0x00000000d64ebc38}: 'java.lang.Object java.lang.invoke.DirectMethodHandle$Holder.newInvokeSpecial(java.lang.Object, java.lang.Object, java.lang.Object, java.lang.Object, java.lang.Object)'> (0x00000000d64ebc38) 
thrown [s\src\hotspot\share\interpreter\linkResolver.cpp, line 773]

ZGC Phase Switch (0 events):
No events

VM Operations (20 events):
Event: 4.299 Executing non-safepoint VM operation: HandshakeAllThreads (Deoptimize) done
Event: 4.880 Executing safepoint VM operation: ParallelGCFailedAllocation (Allocation Failure)
Event: 4.890 Executing safepoint VM operation: ParallelGCFailedAllocation (Allocation Failure) done
Event: 5.657 Executing non-safepoint VM operation: HandshakeAllThreads (Deoptimize)
Event: 5.657 Executing non-safepoint VM operation: HandshakeAllThreads (Deoptimize) done
Event: 6.669 Executing safepoint VM operation: Cleanup
Event: 6.669 Executing safepoint VM operation: Cleanup done
Event: 7.674 Executing safepoint VM operation: Cleanup
Event: 7.675 Executing safepoint VM operation: Cleanup done
Event: 8.355 Executing non-safepoint VM operation: HandshakeAllThreads (Deoptimize)
Event: 8.355 Executing non-safepoint VM operation: HandshakeAllThreads (Deoptimize) done
Event: 8.442 Executing safepoint VM operation: ParallelGCFailedAllocation (Allocation Failure)
Event: 8.449 Executing safepoint VM operation: ParallelGCFailedAllocation (Allocation Failure) done
Event: 9.451 Executing safepoint VM operation: Cleanup
Event: 9.451 Executing safepoint VM operation: Cleanup done
Event: 10.329 Executing non-safepoint VM operation: HandshakeAllThreads (Deoptimize)
Event: 10.329 Executing non-safepoint VM operation: HandshakeAllThreads (Deoptimize) done
Event: 10.605 Executing safepoint VM operation: ParallelGCFailedAllocation (Allocation Failure)
Event: 10.620 Executing safepoint VM operation: ParallelGCFailedAllocation (Allocation Failure) done
Event: 11.620 Executing safepoint VM operation: Cleanup

Memory protections (0 events):
No events

Nmethod flushes (0 events):
No events

Events (20 events):
Event: 0.079 Thread 0x0000020cad75c8d0 Thread added: 0x0000020cad8047b0
Event: 0.079 Thread 0x0000020cad75c8d0 Thread added: 0x0000020cad805f80
Event: 0.079 Thread 0x0000020cad75c8d0 Thread added: 0x0000020cad80ac00
Event: 0.079 Thread 0x0000020cad75c8d0 Thread added: 0x0000020cad80b660
Event: 0.079 Thread 0x0000020cad75c8d0 Thread added: 0x0000020cad80c0c0
Event: 0.080 Thread 0x0000020cad75c8d0 Thread added: 0x0000020cad80f0e0
Event: 0.082 Thread 0x0000020cad75c8d0 Thread added: 0x0000020d065caf30
Event: 0.177 Thread 0x0000020cad75c8d0 Thread added: 0x0000020d06768f40
Event: 0.355 Thread 0x0000020cad80f0e0 Thread added: 0x0000020d068103d0
Event: 0.560 Thread 0x0000020d068103d0 Thread exited: 0x0000020d068103d0
Event: 0.587 Thread 0x0000020cad75c8d0 Thread added: 0x0000020d068a0ec0
Event: 0.723 Thread 0x0000020d065caf30 Thread added: 0x0000020d06929460
Event: 1.735 Thread 0x0000020d06929460 Thread exited: 0x0000020d06929460
Event: 2.301 Thread 0x0000020cad75c8d0 Thread added: 0x0000020d06926fc0
Event: 2.768 Thread 0x0000020cad75c8d0 Thread added: 0x0000020d0c13ae90
Event: 2.902 Thread 0x0000020d0c13ae90 Thread added: 0x0000020d0c15baf0
Event: 2.914 Thread 0x0000020cad75c8d0 Thread added: 0x0000020d0c15c530
Event: 5.034 Thread 0x0000020d0c15c530 Thread added: 0x0000020d0c569f30
Event: 7.839 Thread 0x0000020d0c15c530 Thread added: 0x0000020d065cd7a0
Event: 9.477 Thread 0x0000020d0c15c530 Thread added: 0x0000020d07741970


Dynamic libraries:
0x00007ff66de00000 - 0x00007ff66de0e000 	c:\Users\jpten\.vscode\extensions\redhat.java-1.55.0-win32-x64\jre\21.0.11-win32-x86_64\bin\java.exe
0x00007ffdace80000 - 0x00007ffdad0e6000 	C:\Windows\SYSTEM32\ntdll.dll
0x00007ffdab6c0000 - 0x00007ffdab789000 	C:\Windows\System32\KERNEL32.DLL
0x00007ffdaa0a0000 - 0x00007ffdaa49e000 	C:\Windows\System32\KERNELBASE.dll
0x00007ffdaa4b0000 - 0x00007ffdaa5fc000 	C:\Windows\System32\ucrtbase.dll
0x00007ffd94c10000 - 0x00007ffd94c2e000 	c:\Users\jpten\.vscode\extensions\redhat.java-1.55.0-win32-x64\jre\21.0.11-win32-x86_64\bin\VCRUNTIME140.dll
0x00007ffd94ce0000 - 0x00007ffd94cf8000 	c:\Users\jpten\.vscode\extensions\redhat.java-1.55.0-win32-x64\jre\21.0.11-win32-x86_64\bin\jli.dll
0x00007ffdacbf0000 - 0x00007ffdacdb7000 	C:\Windows\System32\USER32.dll
0x00007ffdaa610000 - 0x00007ffdaa637000 	C:\Windows\System32\win32u.dll
0x00007ffd92ec0000 - 0x00007ffd93152000 	C:\Windows\WinSxS\amd64_microsoft.windows.common-controls_6595b64144ccf1df_6.0.26100.8875_none_3e0d5d42e32fe9dd\COMCTL32.dll
0x00007ffdaae80000 - 0x00007ffdaaf29000 	C:\Windows\System32\msvcrt.dll
0x00007ffdab7a0000 - 0x00007ffdab7cb000 	C:\Windows\System32\GDI32.dll
0x00007ffdaa790000 - 0x00007ffdaa8ba000 	C:\Windows\System32\gdi32full.dll
0x00007ffdaab00000 - 0x00007ffdaaba3000 	C:\Windows\System32\msvcp_win.dll
0x00007ffdab680000 - 0x00007ffdab6b2000 	C:\Windows\System32\IMM32.DLL
0x00007ffda6e30000 - 0x00007ffda6e3c000 	c:\Users\jpten\.vscode\extensions\redhat.java-1.55.0-win32-x64\jre\21.0.11-win32-x86_64\bin\vcruntime140_1.dll
0x00007ffd5a350000 - 0x00007ffd5a3dd000 	c:\Users\jpten\.vscode\extensions\redhat.java-1.55.0-win32-x64\jre\21.0.11-win32-x86_64\bin\msvcp140.dll
0x00007ffcd8890000 - 0x00007ffcd9632000 	c:\Users\jpten\.vscode\extensions\redhat.java-1.55.0-win32-x64\jre\21.0.11-win32-x86_64\bin\server\jvm.dll
0x00007ffdab5c0000 - 0x00007ffdab677000 	C:\Windows\System32\ADVAPI32.dll
0x00007ffdac9a0000 - 0x00007ffdaca4a000 	C:\Windows\System32\sechost.dll
0x00007ffdaabb0000 - 0x00007ffdaacc8000 	C:\Windows\System32\RPCRT4.dll
0x00007ffdacb60000 - 0x00007ffdacbe0000 	C:\Windows\System32\WS2_32.dll
0x00007ffda8bc0000 - 0x00007ffda8c1e000 	C:\Windows\SYSTEM32\POWRPROF.dll
0x00007ffd9d910000 - 0x00007ffd9d946000 	C:\Windows\SYSTEM32\WINMM.dll
0x00007ffda2a60000 - 0x00007ffda2a6b000 	C:\Windows\SYSTEM32\VERSION.dll
0x00007ffda8ba0000 - 0x00007ffda8bb4000 	C:\Windows\SYSTEM32\UMPDC.dll
0x00007ffda8ea0000 - 0x00007ffda8ebb000 	C:\Windows\SYSTEM32\kernel.appcore.dll
0x00007ffd950f0000 - 0x00007ffd950fa000 	c:\Users\jpten\.vscode\extensions\redhat.java-1.55.0-win32-x64\jre\21.0.11-win32-x86_64\bin\jimage.dll
0x00007ffd9e410000 - 0x00007ffd9e652000 	C:\Windows\SYSTEM32\DBGHELP.DLL
0x00007ffdab970000 - 0x00007ffdabcf3000 	C:\Windows\System32\combase.dll
0x00007ffdab890000 - 0x00007ffdab969000 	C:\Windows\System32\OLEAUT32.dll
0x00007ffda1eb0000 - 0x00007ffda1eeb000 	C:\Windows\SYSTEM32\dbgcore.DLL
0x00007ffdaaa40000 - 0x00007ffdaaaec000 	C:\Windows\System32\bcryptPrimitives.dll
0x00007ffd91340000 - 0x00007ffd9134f000 	c:\Users\jpten\.vscode\extensions\redhat.java-1.55.0-win32-x64\jre\21.0.11-win32-x86_64\bin\instrument.dll
0x00007ffd94bf0000 - 0x00007ffd94c10000 	c:\Users\jpten\.vscode\extensions\redhat.java-1.55.0-win32-x64\jre\21.0.11-win32-x86_64\bin\java.dll
0x00007ffdabd00000 - 0x00007ffdac492000 	C:\Windows\System32\SHELL32.dll
0x00007ffda7b30000 - 0x00007ffda83c2000 	C:\Windows\SYSTEM32\windows.storage.dll
0x00007ffdaacf0000 - 0x00007ffdaade7000 	C:\Windows\System32\SHCORE.dll
0x00007ffdac4a0000 - 0x00007ffdac507000 	C:\Windows\System32\shlwapi.dll
0x00007ffda9fc0000 - 0x00007ffda9fe9000 	C:\Windows\SYSTEM32\profapi.dll
0x00007ffd61580000 - 0x00007ffd61598000 	c:\Users\jpten\.vscode\extensions\redhat.java-1.55.0-win32-x64\jre\21.0.11-win32-x86_64\bin\zip.dll
0x00007ffd94d60000 - 0x00007ffd94d70000 	C:\Users\jpten\.vscode\extensions\redhat.java-1.55.0-win32-x64\jre\21.0.11-win32-x86_64\bin\net.dll
0x00007ffda31f0000 - 0x00007ffda3317000 	C:\Windows\SYSTEM32\WINHTTP.dll
0x00007ffda9450000 - 0x00007ffda94bc000 	C:\Windows\system32\mswsock.dll
0x00007ffd5e340000 - 0x00007ffd5e356000 	C:\Users\jpten\.vscode\extensions\redhat.java-1.55.0-win32-x64\jre\21.0.11-win32-x86_64\bin\nio.dll
0x00007ffd94d30000 - 0x00007ffd94d40000 	c:\Users\jpten\.vscode\extensions\redhat.java-1.55.0-win32-x64\jre\21.0.11-win32-x86_64\bin\verify.dll
0x00007ffd143e0000 - 0x00007ffd14425000 	C:\Users\jpten\AppData\Roaming\Code\User\globalStorage\redhat.java\1.55.0\config_win\org.eclipse.equinox.launcher\org.eclipse.equinox.launcher.win32.win32.x86_64_1.3.100.v20260613-0559\eclipse_11924.dll
0x00007ffdac7f0000 - 0x00007ffdac989000 	C:\Windows\System32\ole32.dll

JVMTI agents:
c:\Users\jpten\.vscode\extensions\redhat.java-1.55.0-win32-x64\lombok\lombok-1.18.39-4050.jar path:c:\Users\jpten\.vscode\extensions\redhat.java-1.55.0-win32-x64\jre\21.0.11-win32-x86_64\bin\instrument.dll, loaded, initialized, instrumentlib options:none

dbghelp: loaded successfully - version: 4.0.5 - missing functions: none
symbol engine: initialized successfully - sym options: 0x614 - pdb path: .;c:\Users\jpten\.vscode\extensions\redhat.java-1.55.0-win32-x64\jre\21.0.11-win32-x86_64\bin;C:\Windows\SYSTEM32;C:\Windows\WinSxS\amd64_microsoft.windows.common-controls_6595b64144ccf1df_6.0.26100.8875_none_3e0d5d42e32fe9dd;c:\Users\jpten\.vscode\extensions\redhat.java-1.55.0-win32-x64\jre\21.0.11-win32-x86_64\bin\server;C:\Users\jpten\AppData\Roaming\Code\User\globalStorage\redhat.java\1.55.0\config_win\org.eclipse.equinox.launcher\org.eclipse.equinox.launcher.win32.win32.x86_64_1.3.100.v20260613-0559

VM Arguments:
jvm_args: --add-modules=ALL-SYSTEM --add-opens=java.base/java.util=ALL-UNNAMED --add-opens=java.base/java.lang=ALL-UNNAMED --add-opens=java.base/sun.nio.fs=ALL-UNNAMED -Declipse.application=org.eclipse.jdt.ls.core.id1 -Dosgi.bundles.defaultStartLevel=4 -Declipse.product=org.eclipse.jdt.ls.core.product -Djava.import.generatesMetadataFilesAtProjectRoot=false -DDetectVMInstallationsJob.disabled=true -Dfile.encoding=utf8 -XX:+UseParallelGC -XX:GCTimeRatio=4 -XX:AdaptiveSizePolicyWeight=90 -Dsun.zip.disableMemoryMapping=true -Xmx2G -Xms100m -Xlog:disable -javaagent:c:\Users\jpten\.vscode\extensions\redhat.java-1.55.0-win32-x64\lombok\lombok-1.18.39-4050.jar -XX:+HeapDumpOnOutOfMemoryError -XX:HeapDumpPath=c:\Users\jpten\AppData\Roaming\Code\User\workspaceStorage\01e5187b9297d594cf14f8df353fd417\redhat.java -Daether.dependencyCollector.impl=bf 
java_command: c:\Users\jpten\.vscode\extensions\redhat.java-1.55.0-win32-x64\server\plugins\org.eclipse.equinox.launcher_1.7.200.v20260619-2039.jar -configuration c:\Users\jpten\AppData\Roaming\Code\User\globalStorage\redhat.java\1.55.0\config_win -data c:\Users\jpten\AppData\Roaming\Code\User\workspaceStorage\01e5187b9297d594cf14f8df353fd417\redhat.java\jdt_ws --pipe=\\.\pipe\lsp-39418b141f1f5af690355c02e5e7d623-sock
java_class_path (initial): c:\Users\jpten\.vscode\extensions\redhat.java-1.55.0-win32-x64\server\plugins\org.eclipse.equinox.launcher_1.7.200.v20260619-2039.jar
Launcher Type: SUN_STANDARD

[Global flags]
    uintx AdaptiveSizePolicyWeight                 = 90                                        {product} {command line}
     intx CICompilerCount                          = 4                                         {product} {ergonomic}
    uintx GCTimeRatio                              = 4                                         {product} {command line}
     bool HeapDumpOnOutOfMemoryError               = true                                   {manageable} {command line}
    ccstr HeapDumpPath                             = c:\Users\jpten\AppData\Roaming\Code\User\workspaceStorage\01e5187b9297d594cf14f8df353fd417\redhat.java         {manageable} {command line}
   size_t InitialHeapSize                          = 104857600                                 {product} {command line}
   size_t MaxHeapSize                              = 2147483648                                {product} {command line}
   size_t MaxNewSize                               = 715653120                                 {product} {ergonomic}
   size_t MinHeapDeltaBytes                        = 524288                                    {product} {ergonomic}
   size_t MinHeapSize                              = 104857600                                 {product} {command line}
   size_t NewSize                                  = 34603008                                  {product} {ergonomic}
    uintx NonNMethodCodeHeapSize                   = 5839372                                {pd product} {ergonomic}
    uintx NonProfiledCodeHeapSize                  = 122909434                              {pd product} {ergonomic}
   size_t OldSize                                  = 70254592                                  {product} {ergonomic}
    uintx ProfiledCodeHeapSize                     = 122909434                              {pd product} {ergonomic}
    uintx ReservedCodeCacheSize                    = 251658240                              {pd product} {ergonomic}
     bool SegmentedCodeCache                       = true                                      {product} {ergonomic}
   size_t SoftMaxHeapSize                          = 2147483648                             {manageable} {ergonomic}
     bool UseCompressedOops                        = true                           {product lp64_product} {ergonomic}
     bool UseLargePagesIndividualAllocation        = false                                  {pd product} {ergonomic}
     bool UseParallelGC                            = true                                      {product} {command line}

Logging:
Log output configuration:
 #0: stdout all=off uptime,level,tags foldmultilines=false
 #1: stderr all=off uptime,level,tags foldmultilines=false

Release file:
JAVA_VERSION="21.0.11" 
MODULES="java.base java.compiler java.datatransfer java.xml java.prefs java.desktop java.instrument java.logging java.management java.security.sasl java.naming java.rmi java.management.rmi java.net.http java.scripting java.security.jgss java.transaction.xa java.sql java.sql.rowset java.xml.crypto java.se java.smartcardio jdk.accessibility jdk.internal.jvmstat jdk.attach jdk.charsets jdk.internal.opt jdk.zipfs jdk.compiler jdk.crypto.ec jdk.crypto.cryptoki jdk.crypto.mscapi jdk.dynalink jdk.internal.ed jdk.editpad jdk.hotspot.agent jdk.httpserver jdk.internal.le jdk.internal.vm.ci jdk.internal.vm.compiler jdk.internal.vm.compiler.management jdk.jartool jdk.javadoc jdk.jcmd jdk.management jdk.management.agent jdk.jconsole jdk.jdeps jdk.jdwp.agent jdk.jdi jdk.jfr jdk.jshell jdk.jsobject jdk.jstatd jdk.localedata jdk.management.jfr jdk.naming.dns jdk.naming.rmi jdk.net jdk.nio.mapmode jdk.random jdk.sctp jdk.security.auth jdk.security.jgss jdk.unsupported jdk.unsupported.desktop jdk.xml.dom" 

Environment Variables:
JAVA_HOME=C:\Users\jpten\dev-tools\jdk-17
PATH=C:\Python314\Scripts\;C:\Python314\;C:\Program Files (x86)\Common Files\Oracle\Java\java8path;C:\Program Files (x86)\Common Files\Oracle\Java\javapath;C:\Windows\system32;C:\Windows;C:\Windows\System32\Wbem;C:\Windows\System32\WindowsPowerShell\v1.0\;C:\Windows\System32\OpenSSH\;C:\Program Files (x86)\NVIDIA Corporation\PhysX\Common;C:\Program Files\NVIDIA Corporation\NVIDIA App\NvDLISR;C:\Program Files\dotnet\;C:\Program Files\playit_gg\bin\;C:\Program Files\nodejs\;C:\ProgramData\chocolatey\bin;C:\Program Files\Git\cmd;C:\Users\jpten\AppData\Local\Microsoft\WindowsApps;C:\Users\jpten\.dotnet\tools;C:\Users\jpten\AppData\Local\Programs\Microsoft VS Code\bin;C:\Users\jpten\AppData\Roaming\npm;C:\Users\jpten\AppData\Local\Microsoft\WinGet\Packages\Rclone.Rclone_Microsoft.Winget.Source_8wekyb3d8bbwe\rclone-v1.74.3-windows-amd64;C:\Users\jpten\dev-tools\jdk-17\bin;C:\Program Files\Git\cmd;C:\Users\jpten\Android\Sdk\platform-tools;C:\Users\jpten\Android\Sdk\cmdline-tools\latest\bin
USERNAME=jpten
OS=Windows_NT
PROCESSOR_IDENTIFIER=AMD64 Family 25 Model 68 Stepping 1, AuthenticAMD
TMP=C:\Users\jpten\AppData\Local\Temp
TEMP=C:\Users\jpten\AppData\Local\Temp




Periodic native trim disabled

---------------  S Y S T E M  ---------------

OS:
 Windows 11 , 64 bit Build 26100 (10.0.26100.8875)
OS uptime: 1 days 3:39 hours
Hyper-V role detected

CPU: total 12 (initial active 12) (12 cores per cpu, 2 threads per core) family 25 model 68 stepping 1 microcode 0xa40410a, cx8, cmov, fxsr, ht, mmx, 3dnowpref, sse, sse2, sse3, ssse3, sse4a, sse4.1, sse4.2, popcnt, lzcnt, tsc, tscinvbit, avx, avx2, aes, erms, clmul, bmi1, bmi2, adx, sha, fma, vzeroupper, clflush, clflushopt, hv, rdtscp, rdpid, fsrm, f16c, cet_ss
Processor Information for processor 0
  Max Mhz: 3301, Current Mhz: 3301, Mhz Limit: 3301
Processor Information for processor 1
  Max Mhz: 3301, Current Mhz: 2008, Mhz Limit: 3301
Processor Information for processor 2
  Max Mhz: 3301, Current Mhz: 3301, Mhz Limit: 3301
Processor Information for processor 3
  Max Mhz: 3301, Current Mhz: 3301, Mhz Limit: 3301
Processor Information for processor 4
  Max Mhz: 3301, Current Mhz: 3301, Mhz Limit: 3301
Processor Information for processor 5
  Max Mhz: 3301, Current Mhz: 3301, Mhz Limit: 3301
Processor Information for processor 6
  Max Mhz: 3301, Current Mhz: 3301, Mhz Limit: 3301
Processor Information for processor 7
  Max Mhz: 3301, Current Mhz: 3301, Mhz Limit: 3301
Processor Information for processor 8
  Max Mhz: 3301, Current Mhz: 3301, Mhz Limit: 3301
Processor Information for processor 9
  Max Mhz: 3301, Current Mhz: 3301, Mhz Limit: 3301
Processor Information for processor 10
  Max Mhz: 3301, Current Mhz: 3301, Mhz Limit: 3301
Processor Information for processor 11
  Max Mhz: 3301, Current Mhz: 2008, Mhz Limit: 3301

Memory: 4k page, system-wide physical 7484M (78M free)
TotalPageFile size 30012M (AvailPageFile size 55M)
current process WorkingSet (physical memory assigned to process): 106M, peak: 110M
current process commit charge ("private bytes"): 278M, peak: 279M

vm_info: OpenJDK 64-Bit Server VM (21.0.11+10-LTS) for windows-amd64 JRE (21.0.11+10-LTS), built on 2026-04-21T00:00:00Z by "admin" with MS VC++ 17.12 (VS2022)

END.
